// Vitest Snapshot v1, https://vitest.dev/guide/snapshot.html

exports[`MapOperatorConsole > renders the operator console workspace 1`] = `
<section
  class="flex h-full min-h-0 w-full flex-col border-l border-map-border bg-map-surface-overlay/95 backdrop-blur-xl"
>
  <div
    class="border-b border-map-border px-4 py-4"
  >
    <div
      class="space-y-3"
    >
      <div
        class="space-y-1.5"
      >
        <p
          class="font-mono text-[10px] uppercase tracking-[0.18em] text-map-text-muted"
        >
          Operator console
        </p>
        <h3
          class="text-sm font-semibold text-map-text-primary"
        >
          Save the geography, assign the next move, and keep the parcel brief live.
        </h3>
        <p
          class="text-[11px] leading-5 text-map-text-secondary"
        >
          Move from selection to watchlist, comparison, prospecting, or copilot without leaving the active map state.
        </p>
      </div>
      <div
        class="grid grid-cols-2 gap-2 border-y border-map-border/80 py-3 text-[10px] sm:grid-cols-4"
      >
        <div>
          <div
            class="map-stat-label"
          >
            Visible
          </div>
          <div
            class="map-stat-value"
          >
            42
          </div>
        </div>
        <div>
          <div
            class="map-stat-label"
          >
            Matches
          </div>
          <div
            class="map-stat-value"
          >
            3
          </div>
        </div>
        <div>
          <div
            class="map-stat-label"
          >
            Watchlist
          </div>
          <div
            class="map-stat-value"
          >
            1
          </div>
        </div>
        <div>
          <div
            class="map-stat-label"
          >
            Analyses
          </div>
          <div
            class="map-stat-value"
          >
            2
          </div>
        </div>
      </div>
      <div
        class="flex flex-wrap items-center gap-2 text-[10px] text-map-text-muted"
      >
        <div
          class="inline-flex items-center rounded-full border font-mono uppercase tracking-[0.18em] transition-colors focus:outline-none focus:ring-2 focus:ring-ring focus:ring-offset-2 bg-background/42 text-foreground px-2 py-0.5 text-[9px]"
        >
          Source: Property database
        </div>
        <div
          class="inline-flex items-center rounded-full border font-mono uppercase tracking-[0.18em] transition-colors focus:outline-none focus:ring-2 focus:ring-ring focus:ring-offset-2 bg-background/42 text-foreground px-2 py-0.5 text-[9px]"
        >
          Live
        </div>
        <div
          class="inline-flex items-center rounded-full border font-mono uppercase tracking-[0.18em] transition-colors focus:outline-none focus:ring-2 focus:ring-ring focus:ring-offset-2 bg-background/42 text-foreground px-2 py-0.5 text-[9px]"
        >
          188ms
        </div>
        <span>
          11
           nearby
        </span>
        <span
          class="text-map-accent"
        >
          1
           selected
        </span>
      </div>
    </div>
  </div>
  <div
    class="flex min-h-0 flex-1 flex-col"
    data-orientation="horizontal"
    dir="ltr"
  >
    <div
      class="border-b border-map-border px-4 pt-3"
    >
      <div
        aria-orientation="horizontal"
        class="min-h-10 items-center justify-center border-b bg-transparent p-0 text-muted-foreground grid w-full grid-cols-2 gap-0 rounded-none border-map-border"
        data-orientation="horizontal"
        role="tablist"
        style="outline-color: none; outline-style: none; outline-width: initial;"
        tabindex="0"
      >
        <button
          aria-controls="radix-_r_0_-content-operate"
          aria-selected="true"
          class="inline-flex items-center justify-center whitespace-nowrap py-1.5 font-medium transition-all focus-visible:outline-none focus-visible:ring-2 focus-visible:ring-ring focus-visible:ring-offset-2 disabled:pointer-events-none disabled:opacity-50 min-h-9 border-b-2 border-transparent px-0 text-[11px] text-map-text-secondary data-[state=active]:border-map-accent data-[state=active]:text-map-text-primary"
          data-orientation="horizontal"
          data-radix-collection-item=""
          data-state="active"
          id="radix-_r_0_-trigger-operate"
          role="tab"
          tabindex="-1"
          type="button"
        >
          Operate
        </button>
        <button
          aria-controls="radix-_r_0_-content-parcels"
          aria-selected="false"
          class="inline-flex items-center justify-center whitespace-nowrap py-1.5 font-medium transition-all focus-visible:outline-none focus-visible:ring-2 focus-visible:ring-ring focus-visible:ring-offset-2 disabled:pointer-events-none disabled:opacity-50 min-h-9 border-b-2 border-transparent px-0 text-[11px] text-map-text-secondary data-[state=active]:border-map-accent data-[state=active]:text-map-text-primary"
          data-orientation="horizontal"
          data-radix-collection-item=""
          data-state="inactive"
          id="radix-_r_0_-trigger-parcels"
          role="tab"
          tabindex="-1"
          type="button"
        >
          Parcels
        </button>
      </div>
    </div>
    <div
      aria-labelledby="radix-_r_0_-trigger-operate"
      class="focus-visible:outline-none focus-visible:ring-2 focus-visible:ring-ring focus-visible:ring-offset-2 mt-0 min-h-0 flex-1 overflow-hidden"
      data-orientation="horizontal"
      data-state="active"
      id="radix-_r_0_-content-operate"
      role="tabpanel"
      style="animation-duration: 0s;"
      tabindex="0"
    >
      <div
        class="relative overflow-hidden h-full"
        dir="ltr"
        style="position: relative; --radix-scroll-area-corner-width: 0px; --radix-scroll-area-corner-height: 0px;"
      >
        <style>
          [data-radix-scroll-area-viewport]{scrollbar-width:none;-ms-overflow-style:none;-webkit-overflow-scrolling:touch;}[data-radix-scroll-area-viewport]::-webkit-scrollbar{display:none}
        </style>
        <div
          class="h-full w-full rounded-[inherit]"
          data-radix-scroll-area-viewport=""
          style="overflow-x: hidden; overflow-y: scroll;"
        >
          <div
            style="min-width: 100%; display: table;"
          >
            <div
              animate="[object Object]"
              class="space-y-5 px-4 py-4"
              transition="[object Object]"
            >
              <section
                class="space-y-2"
              >
                <p
                  class="font-mono text-[9px] uppercase tracking-[0.18em] text-map-text-muted"
                >
                  Tools
                </p>
                <p
                  class="text-[10px] leading-4 text-map-text-muted"
                >
                  Launch the sidecar you need without dropping the active parcel set.
                </p>
                <div
                  class="flex gap-2"
                >
                  <button
                    class="flex flex-1 items-center gap-2 rounded-lg border px-3 py-2 text-[11px] font-medium transition-colors border-map-accent bg-map-accent/10 text-map-text-primary"
                    type="button"
                  >
                    <svg
                      aria-hidden="true"
                      class="lucide lucide-bot h-3.5 w-3.5"
                      fill="none"
                      height="24"
                      stroke="currentColor"
                      stroke-linecap="round"
                      stroke-linejoin="round"
                      stroke-width="2"
                      viewBox="0 0 24 24"
                      width="24"
                      xmlns="http://www.w3.org/2000/svg"
                    >
                      <path
                        d="M12 8V4H8"
                      />
                      <rect
                        height="12"
                        rx="2"
                        width="16"
                        x="4"
                        y="8"
                      />
                      <path
                        d="M2 14h2"
                      />
                      <path
                        d="M20 14h2"
                      />
                      <path
                        d="M15 13v2"
                      />
                      <path
                        d="M9 13v2"
                      />
                    </svg>
                    Map copilot
                  </button>
                  <button
                    class="flex flex-1 items-center gap-2 rounded-lg border px-3 py-2 text-[11px] font-medium transition-colors border-map-border bg-map-surface/45 text-map-text-secondary hover:bg-map-surface"
                    type="button"
                  >
                    <svg
                      aria-hidden="true"
                      class="lucide lucide-radar h-3.5 w-3.5"
                      fill="none"
                      height="24"
                      stroke="currentColor"
                      stroke-linecap="round"
                      stroke-linejoin="round"
                      stroke-width="2"
                      viewBox="0 0 24 24"
                      width="24"
                      xmlns="http://www.w3.org/2000/svg"
                    >
                      <path
                        d="M19.07 4.93A10 10 0 0 0 6.99 3.34"
                      />
                      <path
                        d="M4 6h.01"
                      />
                      <path
                        d="M2.29 9.62A10 10 0 1 0 21.31 8.35"
                      />
                      <path
                        d="M16.24 7.76A6 6 0 1 0 8.23 16.67"
                      />
                      <path
                        d="M12 18h.01"
                      />
                      <path
                        d="M17.99 11.66A6 6 0 0 1 15.77 16.67"
                      />
                      <circle
                        cx="12"
                        cy="12"
                        r="2"
                      />
                      <path
                        d="m13.41 10.59 5.66-5.66"
                      />
                    </svg>
                    Prospecting scan
                  </button>
                </div>
              </section>
              <div
                class="shrink-0 h-[1px] w-full bg-map-border"
                data-orientation="horizontal"
                role="none"
              />
              <section
                class="space-y-2"
              >
                <p
                  class="font-mono text-[9px] uppercase tracking-[0.18em] text-map-text-muted"
                >
                  Watchlist draft
                </p>
                <div
                  class="rounded-xl border border-map-border bg-map-surface/45 px-3 py-3"
                >
                  <div
                    class="flex flex-wrap items-center justify-between gap-2"
                  >
                    <p
                      class="text-[11px] font-medium text-map-text-primary"
                    >
                      1 parcel highlighted
                    </p>
                    <button
                      class="inline-flex items-center justify-center whitespace-nowrap border font-medium tracking-[-0.01em] transition-[background-color,border-color,color,transform] duration-200 focus-visible:outline-none focus-visible:ring-2 focus-visible:ring-ring focus-visible:ring-offset-2 disabled:pointer-events-none disabled:opacity-50 [&_svg]:pointer-events-none [&_svg]:shrink-0 hover:-translate-y-px rounded-lg h-7 border-map-border bg-map-surface px-2.5 text-[10px] text-map-text-primary hover:bg-map-surface-elevated"
                      type="button"
                    >
                      Clear selection
                    </button>
                  </div>
                  <p
                    class="mt-1 text-[10px] leading-4 text-map-text-muted"
                  >
                    42 parcels in the working geography
                  </p>
                  <div
                    class="mt-3 flex flex-wrap gap-1.5"
                  >
                    <button
                      class="rounded-full border border-map-border bg-map-surface px-2 py-1 text-[10px] text-map-text-secondary transition-colors hover:border-map-accent-muted hover:text-map-text-primary"
                      type="button"
                    >
                      123 Main St
                    </button>
                  </div>
                  <div
                    class="mt-3 grid gap-3"
                  >
                    <div
                      class="grid gap-3 sm:grid-cols-[1fr_9rem]"
                    >
                      <input
                        class="flex w-full rounded-xl border px-3 py-2 backdrop-blur-sm file:border-0 file:bg-transparent file:text-sm file:font-medium focus-visible:outline-none focus-visible:ring-2 focus-visible:ring-ring focus-visible:ring-offset-2 disabled:cursor-not-allowed disabled:opacity-50 h-9 border-map-border bg-map-surface text-[11px] text-map-text-primary placeholder:text-map-text-muted"
                        placeholder="Task title: verify zoning path, call broker, compare sales..."
                        value="Call broker"
                      />
                      <button
                        aria-autocomplete="none"
                        aria-controls="radix-_r_3_"
                        aria-expanded="false"
                        class="flex w-full items-center justify-between rounded-xl border px-3 py-2 placeholder:text-muted-foreground focus:outline-none focus:ring-2 focus:ring-ring focus:ring-offset-2 disabled:cursor-not-allowed disabled:opacity-50 [&>span]:line-clamp-1 h-9 border-map-border bg-map-surface text-[11px] text-map-text-primary"
                        data-state="closed"
                        dir="ltr"
                        role="combobox"
                        type="button"
                      >
                        <span
                          style="pointer-events: none;"
                        >
                          Active
                        </span>
                        <svg
                          aria-hidden="true"
                          class="lucide lucide-chevron-down h-4 w-4 opacity-50"
                          fill="none"
                          height="24"
                          stroke="currentColor"
                          stroke-linecap="round"
                          stroke-linejoin="round"
                          stroke-width="2"
                          viewBox="0 0 24 24"
                          width="24"
                          xmlns="http://www.w3.org/2000/svg"
                        >
                          <path
                            d="m6 9 6 6 6-6"
                          />
                        </svg>
                      </button>
                    </div>
                    <textarea
                      class="flex w-full rounded-xl border px-3 py-2 focus-visible:outline-none focus-visible:ring-2 focus-visible:ring-ring focus-visible:ring-offset-2 disabled:cursor-not-allowed disabled:opacity-50 min-h-[112px] border-map-border bg-map-surface text-[11px] leading-5 text-map-text-primary placeholder:text-map-text-muted"
                      placeholder="Operator note: constraints, broker feedback, screening flags, next decision..."
                      rows="4"
                    >
                      Frontage looks strong. Confirm utility capacity.
                    </textarea>
                    <button
                      class="inline-flex items-center justify-center whitespace-nowrap rounded-xl border border-transparent tracking-[-0.01em] transition-[background-color,border-color,color,transform] duration-200 focus-visible:outline-none focus-visible:ring-2 focus-visible:ring-ring focus-visible:ring-offset-2 disabled:pointer-events-none [&_svg]:pointer-events-none [&_svg]:shrink-0 hover:-translate-y-px py-2 h-8 bg-map-accent px-3 text-[10px] font-medium text-white hover:bg-map-accent/90 disabled:opacity-40"
                      type="button"
                    >
                      Update watchlist entry
                    </button>
                  </div>
                </div>
              </section>
              <section
                animate="[object Object]"
                class="space-y-2"
                exit="[object Object]"
                transition="[object Object]"
              >
                <p
                  class="font-mono text-[9px] uppercase tracking-[0.18em] text-map-text-muted"
                >
                  Screening
                </p>
                <div
                  class="rounded-xl border border-map-border bg-map-surface/45 px-3 py-3"
                >
                  <div
                    data-testid="screening-scorecard"
                  >
                    Screening: 
                    parcel-1
                  </div>
                </div>
              </section>
              <div
                class="shrink-0 h-[1px] w-full bg-map-border"
                data-orientation="horizontal"
                role="none"
              />
              <section
                class="space-y-2"
              >
                <p
                  class="font-mono text-[9px] uppercase tracking-[0.18em] text-map-text-muted"
                >
                  Watchlist
                </p>
                <div
                  class="space-y-2"
                >
                  <article
                    class="rounded-xl border border-map-border bg-map-surface/45 px-3 py-3"
                  >
                    <div
                      class="flex items-start justify-between gap-3"
                    >
                      <div
                        class="min-w-0"
                      >
                        <button
                          class="truncate text-left text-[11px] font-medium text-map-text-primary hover:text-white"
                          type="button"
                        >
                          123 Main St
                        </button>
                        <p
                          class="mt-1 text-[10px] leading-4 text-map-text-muted"
                        >
                          Call broker
                        </p>
                      </div>
                      <div
                        class="inline-flex items-center rounded-full border font-mono uppercase tracking-[0.18em] transition-colors focus:outline-none focus:ring-2 focus:ring-ring focus:ring-offset-2 shrink-0 px-2 py-0.5 text-[9px] border-emerald-500/35 bg-emerald-500/12 text-emerald-200"
                      >
                        Active
                      </div>
                    </div>
                    <div
                      class="mt-2 flex flex-wrap gap-1.5"
                    >
                      <div
                        class="inline-flex items-center rounded-full border font-mono uppercase tracking-[0.18em] transition-colors focus:outline-none focus:ring-2 focus:ring-ring focus:ring-offset-2 bg-background/42 px-2 py-0.5 text-[9px] text-map-text-muted"
                      >
                        Zone C2
                      </div>
                      <div
                        class="inline-flex items-center rounded-full border font-mono uppercase tracking-[0.18em] transition-colors focus:outline-none focus:ring-2 focus:ring-ring focus:ring-offset-2 bg-background/42 px-2 py-0.5 text-[9px] text-map-text-muted"
                      >
                        1.25 ac
                      </div>
                      <div
                        class="inline-flex items-center rounded-full border font-mono uppercase tracking-[0.18em] transition-colors focus:outline-none focus:ring-2 focus:ring-ring focus:ring-offset-2 bg-background/42 px-2 py-0.5 text-[9px] text-map-text-muted"
                      >
                        Flood X
                      </div>
                    </div>
                    <p
                      class="mt-3 text-[11px] leading-5 text-map-text-secondary"
                    >
                      Frontage looks strong. Confirm utility capacity.
                    </p>
                    <div
                      class="mt-3 flex flex-wrap items-center gap-2"
                    >
                      <button
                        class="inline-flex items-center justify-center whitespace-nowrap border font-medium tracking-[-0.01em] transition-[background-color,border-color,color,transform] duration-200 focus-visible:outline-none focus-visible:ring-2 focus-visible:ring-ring focus-visible:ring-offset-2 disabled:pointer-events-none disabled:opacity-50 [&_svg]:pointer-events-none [&_svg]:shrink-0 hover:-translate-y-px rounded-lg h-7 border-map-border bg-map-surface px-2.5 text-[10px] text-map-text-primary hover:bg-map-surface-elevated"
                        type="button"
                      >
                        <svg
                          aria-hidden="true"
                          class="lucide lucide-crosshair mr-1.5 h-3 w-3"
                          fill="none"
                          height="24"
                          stroke="currentColor"
                          stroke-linecap="round"
                          stroke-linejoin="round"
                          stroke-width="2"
                          viewBox="0 0 24 24"
                          width="24"
                          xmlns="http://www.w3.org/2000/svg"
                        >
                          <circle
                            cx="12"
                            cy="12"
                            r="10"
                          />
                          <line
                            x1="22"
                            x2="18"
                            y1="12"
                            y2="12"
                          />
                          <line
                            x1="6"
                            x2="2"
                            y1="12"
                            y2="12"
                          />
                          <line
                            x1="12"
                            x2="12"
                            y1="6"
                            y2="2"
                          />
                          <line
                            x1="12"
                            x2="12"
                            y1="22"
                            y2="18"
                          />
                        </svg>
                        Open parcel brief
                      </button>
                      <button
                        class="inline-flex items-center justify-center whitespace-nowrap border font-medium tracking-[-0.01em] transition-[background-color,border-color,color,transform] duration-200 focus-visible:outline-none focus-visible:ring-2 focus-visible:ring-ring focus-visible:ring-offset-2 disabled:pointer-events-none disabled:opacity-50 [&_svg]:pointer-events-none [&_svg]:shrink-0 hover:-translate-y-px rounded-lg h-7 border-map-border bg-map-surface px-2.5 text-[10px] text-map-text-primary hover:bg-map-surface-elevated"
                        type="button"
                      >
                        <svg
                          aria-hidden="true"
                          class="lucide lucide-circle-check mr-1.5 h-3 w-3"
                          fill="none"
                          height="24"
                          stroke="currentColor"
                          stroke-linecap="round"
                          stroke-linejoin="round"
                          stroke-width="2"
                          viewBox="0 0 24 24"
                          width="24"
                          xmlns="http://www.w3.org/2000/svg"
                        >
                          <circle
                            cx="12"
                            cy="12"
                            r="10"
                          />
                          <path
                            d="m9 12 2 2 4-4"
                          />
                        </svg>
                        Mark complete
                      </button>
                      <button
                        class="inline-flex items-center justify-center whitespace-nowrap border font-medium tracking-[-0.01em] transition-[background-color,border-color,color,transform] duration-200 focus-visible:outline-none focus-visible:ring-2 focus-visible:ring-ring focus-visible:ring-offset-2 disabled:pointer-events-none disabled:opacity-50 [&_svg]:pointer-events-none [&_svg]:shrink-0 hover:-translate-y-px rounded-lg h-7 border-map-border bg-map-surface px-2.5 text-[10px] text-map-text-secondary hover:bg-map-surface-elevated hover:text-map-text-primary"
                        type="button"
                      >
                        <svg
                          aria-hidden="true"
                          class="lucide lucide-trash2 lucide-trash-2 mr-1.5 h-3 w-3"
                          fill="none"
                          height="24"
                          stroke="currentColor"
                          stroke-linecap="round"
                          stroke-linejoin="round"
                          stroke-width="2"
                          viewBox="0 0 24 24"
                          width="24"
                          xmlns="http://www.w3.org/2000/svg"
                        >
                          <path
                            d="M10 11v6"
                          />
                          <path
                            d="M14 11v6"
                          />
                          <path
                            d="M19 6v14a2 2 0 0 1-2 2H7a2 2 0 0 1-2-2V6"
                          />
                          <path
                            d="M3 6h18"
                          />
                          <path
                            d="M8 6V4a2 2 0 0 1 2-2h4a2 2 0 0 1 2 2v2"
                          />
                        </svg>
                        Remove from watchlist
                      </button>
                    </div>
                  </article>
                </div>
              </section>
            </div>
          </div>
        </div>
      </div>
    </div>
    <div
      aria-labelledby="radix-_r_0_-trigger-parcels"
      class="focus-visible:outline-none focus-visible:ring-2 focus-visible:ring-ring focus-visible:ring-offset-2 mt-0 min-h-0 flex-1 overflow-hidden"
      data-orientation="horizontal"
      data-state="inactive"
      hidden=""
      id="radix-_r_0_-content-parcels"
      role="tabpanel"
      tabindex="0"
    />
  </div>
</section>
`;
