// Vitest Snapshot v1, https://vitest.dev/guide/snapshot.html

exports[`MapOperatorConsole > renders the operator console workspace 1`] = `
<section
  class="flex h-full min-h-0 w-full flex-col border-l border-map-border bg-map-surface-overlay/95 backdrop-blur-xl"
>
  <div
    class="border-b border-map-border px-4 py-4"
  >
    <div
      class="flex items-start justify-between gap-4"
    >
      <div
        class="min-w-0"
      >
        <p
          class="font-mono text-[10px] uppercase tracking-[0.22em] text-map-text-muted"
        >
          Map console
        </p>
        <h2
          class="mt-1 text-sm font-semibold text-map-text-primary"
        >
          Run analysis, pin parcel boundaries, and manage follow-up work.
        </h2>
        <p
          class="mt-1 text-[11px] leading-5 text-map-text-secondary"
        >
          Tracked parcels stay highlighted on the map while their notes and task state stay attached.
        </p>
      </div>
      <div
        class="inline-flex items-center rounded-full border font-mono uppercase tracking-[0.18em] transition-colors focus:outline-none focus:ring-2 focus:ring-ring focus:ring-offset-2 bg-background/42 text-foreground px-2.5 py-1 text-[9px]"
      >
        1
         open tasks
      </div>
    </div>
    <div
      class="mt-4 grid grid-cols-2 gap-2"
    >
      <div
        class="rounded-xl border border-map-border bg-map-surface/55 px-3 py-2.5"
      >
        <div
          class="flex items-center justify-between gap-3"
        >
          <p
            class="map-stat-label"
          >
            In View
          </p>
          <span
            class="text-map-text-muted"
          >
            <svg
              aria-hidden="true"
              class="lucide lucide-target h-3.5 w-3.5"
              fill="none"
              height="24"
              stroke="currentColor"
              stroke-linecap="round"
              stroke-linejoin="round"
              stroke-width="2"
              viewBox="0 0 24 24"
              width="24"
              xmlns="http://www.w3.org/2000/svg"
            >
              <circle
                cx="12"
                cy="12"
                r="10"
              />
              <circle
                cx="12"
                cy="12"
                r="6"
              />
              <circle
                cx="12"
                cy="12"
                r="2"
              />
            </svg>
          </span>
        </div>
        <div
          class="mt-1.5 map-stat-value"
        >
          42
        </div>
      </div>
      <div
        class="rounded-xl border border-map-border bg-map-surface/55 px-3 py-2.5"
      >
        <div
          class="flex items-center justify-between gap-3"
        >
          <p
            class="map-stat-label"
          >
            Selected
          </p>
          <span
            class="text-map-text-muted"
          >
            <svg
              aria-hidden="true"
              class="lucide lucide-crosshair h-3.5 w-3.5"
              fill="none"
              height="24"
              stroke="currentColor"
              stroke-linecap="round"
              stroke-linejoin="round"
              stroke-width="2"
              viewBox="0 0 24 24"
              width="24"
              xmlns="http://www.w3.org/2000/svg"
            >
              <circle
                cx="12"
                cy="12"
                r="10"
              />
              <line
                x1="22"
                x2="18"
                y1="12"
                y2="12"
              />
              <line
                x1="6"
                x2="2"
                y1="12"
                y2="12"
              />
              <line
                x1="12"
                x2="12"
                y1="6"
                y2="2"
              />
              <line
                x1="12"
                x2="12"
                y1="22"
                y2="18"
              />
            </svg>
          </span>
        </div>
        <div
          class="mt-1.5 map-stat-value"
        >
          1
        </div>
      </div>
      <div
        class="rounded-xl border border-map-border bg-map-surface/55 px-3 py-2.5"
      >
        <div
          class="flex items-center justify-between gap-3"
        >
          <p
            class="map-stat-label"
          >
            Tracked
          </p>
          <span
            class="text-map-text-muted"
          >
            <svg
              aria-hidden="true"
              class="lucide lucide-map-pinned h-3.5 w-3.5"
              fill="none"
              height="24"
              stroke="currentColor"
              stroke-linecap="round"
              stroke-linejoin="round"
              stroke-width="2"
              viewBox="0 0 24 24"
              width="24"
              xmlns="http://www.w3.org/2000/svg"
            >
              <path
                d="M18 8c0 3.613-3.869 7.429-5.393 8.795a1 1 0 0 1-1.214 0C9.87 15.429 6 11.613 6 8a6 6 0 0 1 12 0"
              />
              <circle
                cx="12"
                cy="8"
                r="2"
              />
              <path
                d="M8.714 14h-3.71a1 1 0 0 0-.948.683l-2.004 6A1 1 0 0 0 3 22h18a1 1 0 0 0 .948-1.316l-2-6a1 1 0 0 0-.949-.684h-3.712"
              />
            </svg>
          </span>
        </div>
        <div
          class="mt-1.5 map-stat-value"
        >
          1
        </div>
      </div>
      <div
        class="rounded-xl border border-map-border bg-map-surface/55 px-3 py-2.5"
      >
        <div
          class="flex items-center justify-between gap-3"
        >
          <p
            class="map-stat-label"
          >
            Analyses
          </p>
          <span
            class="text-map-text-muted"
          >
            <svg
              aria-hidden="true"
              class="lucide lucide-radar h-3.5 w-3.5"
              fill="none"
              height="24"
              stroke="currentColor"
              stroke-linecap="round"
              stroke-linejoin="round"
              stroke-width="2"
              viewBox="0 0 24 24"
              width="24"
              xmlns="http://www.w3.org/2000/svg"
            >
              <path
                d="M19.07 4.93A10 10 0 0 0 6.99 3.34"
              />
              <path
                d="M4 6h.01"
              />
              <path
                d="M2.29 9.62A10 10 0 1 0 21.31 8.35"
              />
              <path
                d="M16.24 7.76A6 6 0 1 0 8.23 16.67"
              />
              <path
                d="M12 18h.01"
              />
              <path
                d="M17.99 11.66A6 6 0 0 1 15.77 16.67"
              />
              <circle
                cx="12"
                cy="12"
                r="2"
              />
              <path
                d="m13.41 10.59 5.66-5.66"
              />
            </svg>
          </span>
        </div>
        <div
          class="mt-1.5 map-stat-value"
        >
          2
        </div>
      </div>
    </div>
    <div
      class="mt-3 flex flex-wrap items-center gap-2 text-[10px] text-map-text-muted"
    >
      <div
        class="inline-flex items-center rounded-full border font-mono uppercase tracking-[0.18em] transition-colors focus:outline-none focus:ring-2 focus:ring-ring focus:ring-offset-2 bg-background/42 text-foreground px-2 py-0.5 text-[9px]"
      >
        Source: Property database
      </div>
      <div
        class="inline-flex items-center rounded-full border font-mono uppercase tracking-[0.18em] transition-colors focus:outline-none focus:ring-2 focus:ring-ring focus:ring-offset-2 border-transparent bg-secondary/65 text-secondary-foreground hover:bg-secondary/90 px-2 py-0.5 text-[9px]"
      >
        Freshness: 
        Live
      </div>
      <div
        class="inline-flex items-center rounded-full border font-mono uppercase tracking-[0.18em] transition-colors focus:outline-none focus:ring-2 focus:ring-ring focus:ring-offset-2 border-transparent bg-secondary/65 text-secondary-foreground hover:bg-secondary/90 px-2 py-0.5 text-[9px]"
      >
        Latency: 
        188ms
      </div>
    </div>
  </div>
  <div
    class="flex min-h-0 flex-1 flex-col"
    data-orientation="horizontal"
    dir="ltr"
  >
    <div
      class="border-b border-map-border px-4 pt-3"
    >
      <div
        aria-orientation="horizontal"
        class="min-h-10 items-center justify-center border-b bg-transparent p-0 text-muted-foreground grid w-full grid-cols-2 gap-0 rounded-none border-map-border"
        data-orientation="horizontal"
        role="tablist"
        style="outline-color: none; outline-style: none; outline-width: initial;"
        tabindex="0"
      >
        <button
          aria-controls="radix-_r_0_-content-operate"
          aria-selected="true"
          class="inline-flex items-center justify-center whitespace-nowrap py-1.5 font-medium transition-all focus-visible:outline-none focus-visible:ring-2 focus-visible:ring-ring focus-visible:ring-offset-2 disabled:pointer-events-none disabled:opacity-50 min-h-9 border-b-2 border-transparent px-0 text-[11px] text-map-text-secondary data-[state=active]:border-map-accent data-[state=active]:text-map-text-primary"
          data-orientation="horizontal"
          data-radix-collection-item=""
          data-state="active"
          id="radix-_r_0_-trigger-operate"
          role="tab"
          tabindex="-1"
          type="button"
        >
          Operate
        </button>
        <button
          aria-controls="radix-_r_0_-content-parcels"
          aria-selected="false"
          class="inline-flex items-center justify-center whitespace-nowrap py-1.5 font-medium transition-all focus-visible:outline-none focus-visible:ring-2 focus-visible:ring-ring focus-visible:ring-offset-2 disabled:pointer-events-none disabled:opacity-50 min-h-9 border-b-2 border-transparent px-0 text-[11px] text-map-text-secondary data-[state=active]:border-map-accent data-[state=active]:text-map-text-primary"
          data-orientation="horizontal"
          data-radix-collection-item=""
          data-state="inactive"
          id="radix-_r_0_-trigger-parcels"
          role="tab"
          tabindex="-1"
          type="button"
        >
          Parcels
        </button>
      </div>
    </div>
    <div
      aria-labelledby="radix-_r_0_-trigger-operate"
      class="focus-visible:outline-none focus-visible:ring-2 focus-visible:ring-ring focus-visible:ring-offset-2 mt-0 min-h-0 flex-1 overflow-hidden"
      data-orientation="horizontal"
      data-state="active"
      id="radix-_r_0_-content-operate"
      role="tabpanel"
      style="animation-duration: 0s;"
      tabindex="0"
    >
      <div
        class="relative overflow-hidden h-full"
        dir="ltr"
        style="position: relative; --radix-scroll-area-corner-width: 0px; --radix-scroll-area-corner-height: 0px;"
      >
        <style>
          [data-radix-scroll-area-viewport]{scrollbar-width:none;-ms-overflow-style:none;-webkit-overflow-scrolling:touch;}[data-radix-scroll-area-viewport]::-webkit-scrollbar{display:none}
        </style>
        <div
          class="h-full w-full rounded-[inherit]"
          data-radix-scroll-area-viewport=""
          style="overflow-x: hidden; overflow-y: scroll;"
        >
          <div
            style="min-width: 100%; display: table;"
          >
            <div
              animate="[object Object]"
              class="space-y-5 px-4 py-4"
              transition="[object Object]"
            >
              <section
                class="space-y-3"
              >
                <div>
                  <p
                    class="font-mono text-[10px] uppercase tracking-[0.22em] text-map-text-muted"
                  >
                    Workflow lane
                  </p>
                  <h3
                    class="mt-1 text-xs font-semibold text-map-text-primary"
                  >
                    Bring the right map tool forward.
                  </h3>
                  <p
                    class="mt-1 text-[11px] leading-5 text-map-text-secondary"
                  >
                    Switch between parcel analysis and polygon prospecting without leaving the active geography.
                  </p>
                </div>
                <div
                  class="grid grid-cols-2 gap-2"
                >
                  <button
                    class="rounded-xl border px-3 py-3 text-left transition-colors border-map-accent bg-map-accent-surface text-map-text-primary"
                    type="button"
                  >
                    <div
                      class="flex items-center gap-2 text-[11px] font-medium"
                    >
                      <svg
                        aria-hidden="true"
                        class="lucide lucide-bot h-4 w-4"
                        fill="none"
                        height="24"
                        stroke="currentColor"
                        stroke-linecap="round"
                        stroke-linejoin="round"
                        stroke-width="2"
                        viewBox="0 0 24 24"
                        width="24"
                        xmlns="http://www.w3.org/2000/svg"
                      >
                        <path
                          d="M12 8V4H8"
                        />
                        <rect
                          height="12"
                          rx="2"
                          width="16"
                          x="4"
                          y="8"
                        />
                        <path
                          d="M2 14h2"
                        />
                        <path
                          d="M20 14h2"
                        />
                        <path
                          d="M15 13v2"
                        />
                        <path
                          d="M9 13v2"
                        />
                      </svg>
                      Map copilot
                    </div>
                    <p
                      class="mt-1 text-[10px] leading-4 text-map-text-muted"
                    >
                      Ask for site pressure, zoning patterns, and follow-up analysis.
                    </p>
                  </button>
                  <button
                    class="rounded-xl border px-3 py-3 text-left transition-colors border-map-border bg-map-surface/45 text-map-text-secondary hover:bg-map-surface"
                    type="button"
                  >
                    <div
                      class="flex items-center gap-2 text-[11px] font-medium"
                    >
                      <svg
                        aria-hidden="true"
                        class="lucide lucide-radar h-4 w-4"
                        fill="none"
                        height="24"
                        stroke="currentColor"
                        stroke-linecap="round"
                        stroke-linejoin="round"
                        stroke-width="2"
                        viewBox="0 0 24 24"
                        width="24"
                        xmlns="http://www.w3.org/2000/svg"
                      >
                        <path
                          d="M19.07 4.93A10 10 0 0 0 6.99 3.34"
                        />
                        <path
                          d="M4 6h.01"
                        />
                        <path
                          d="M2.29 9.62A10 10 0 1 0 21.31 8.35"
                        />
                        <path
                          d="M16.24 7.76A6 6 0 1 0 8.23 16.67"
                        />
                        <path
                          d="M12 18h.01"
                        />
                        <path
                          d="M17.99 11.66A6 6 0 0 1 15.77 16.67"
                        />
                        <circle
                          cx="12"
                          cy="12"
                          r="2"
                        />
                        <path
                          d="m13.41 10.59 5.66-5.66"
                        />
                      </svg>
                      Prospecting
                    </div>
                    <p
                      class="mt-1 text-[10px] leading-4 text-map-text-muted"
                    >
                      Filter a drawn polygon and tighten the shortlist.
                    </p>
                  </button>
                </div>
              </section>
              <div
                class="shrink-0 h-[1px] w-full bg-map-border"
                data-orientation="horizontal"
                role="none"
              />
              <section
                class="space-y-3"
              >
                <div>
                  <p
                    class="font-mono text-[10px] uppercase tracking-[0.22em] text-map-text-muted"
                  >
                    Selection notebook
                  </p>
                  <h3
                    class="mt-1 text-xs font-semibold text-map-text-primary"
                  >
                    Capture what matters while the boundary stays lit.
                  </h3>
                  <p
                    class="mt-1 text-[11px] leading-5 text-map-text-secondary"
                  >
                    Save a task and note against the highlighted parcel set. Saving here pins those parcels in the notebook.
                  </p>
                </div>
                <div
                  class="grid grid-cols-3 gap-2"
                >
                  <div
                    class="rounded-xl border border-map-border bg-map-surface/55 px-3 py-2.5"
                  >
                    <div
                      class="flex items-center justify-between gap-3"
                    >
                      <p
                        class="map-stat-label"
                      >
                        Matches
                      </p>
                      <span
                        class="text-map-text-muted"
                      >
                        <svg
                          aria-hidden="true"
                          class="lucide lucide-rows3 lucide-rows-3 h-3.5 w-3.5"
                          fill="none"
                          height="24"
                          stroke="currentColor"
                          stroke-linecap="round"
                          stroke-linejoin="round"
                          stroke-width="2"
                          viewBox="0 0 24 24"
                          width="24"
                          xmlns="http://www.w3.org/2000/svg"
                        >
                          <rect
                            height="18"
                            rx="2"
                            width="18"
                            x="3"
                            y="3"
                          />
                          <path
                            d="M21 9H3"
                          />
                          <path
                            d="M21 15H3"
                          />
                        </svg>
                      </span>
                    </div>
                    <div
                      class="mt-1.5 map-stat-value"
                    >
                      3
                    </div>
                  </div>
                  <div
                    class="rounded-xl border border-map-border bg-map-surface/55 px-3 py-2.5"
                  >
                    <div
                      class="flex items-center justify-between gap-3"
                    >
                      <p
                        class="map-stat-label"
                      >
                        Nearby
                      </p>
                      <span
                        class="text-map-text-muted"
                      >
                        <svg
                          aria-hidden="true"
                          class="lucide lucide-target h-3.5 w-3.5"
                          fill="none"
                          height="24"
                          stroke="currentColor"
                          stroke-linecap="round"
                          stroke-linejoin="round"
                          stroke-width="2"
                          viewBox="0 0 24 24"
                          width="24"
                          xmlns="http://www.w3.org/2000/svg"
                        >
                          <circle
                            cx="12"
                            cy="12"
                            r="10"
                          />
                          <circle
                            cx="12"
                            cy="12"
                            r="6"
                          />
                          <circle
                            cx="12"
                            cy="12"
                            r="2"
                          />
                        </svg>
                      </span>
                    </div>
                    <div
                      class="mt-1.5 map-stat-value"
                    >
                      11
                    </div>
                  </div>
                  <div
                    class="rounded-xl border border-map-border bg-map-surface/55 px-3 py-2.5"
                  >
                    <div
                      class="flex items-center justify-between gap-3"
                    >
                      <p
                        class="map-stat-label"
                      >
                        Blocked
                      </p>
                      <span
                        class="text-map-text-muted"
                      >
                        <svg
                          aria-hidden="true"
                          class="lucide lucide-triangle-alert h-3.5 w-3.5"
                          fill="none"
                          height="24"
                          stroke="currentColor"
                          stroke-linecap="round"
                          stroke-linejoin="round"
                          stroke-width="2"
                          viewBox="0 0 24 24"
                          width="24"
                          xmlns="http://www.w3.org/2000/svg"
                        >
                          <path
                            d="m21.73 18-8-14a2 2 0 0 0-3.48 0l-8 14A2 2 0 0 0 4 21h16a2 2 0 0 0 1.73-3"
                          />
                          <path
                            d="M12 9v4"
                          />
                          <path
                            d="M12 17h.01"
                          />
                        </svg>
                      </span>
                    </div>
                    <div
                      class="mt-1.5 map-stat-value"
                    >
                      0
                    </div>
                  </div>
                </div>
                <div
                  class="rounded-xl border border-map-border bg-map-surface/45 px-3 py-3"
                >
                  <div
                    class="flex flex-wrap items-center justify-between gap-2"
                  >
                    <p
                      class="text-[11px] font-medium text-map-text-primary"
                    >
                      1 parcel highlighted
                    </p>
                    <button
                      class="inline-flex items-center justify-center whitespace-nowrap border font-medium tracking-[-0.01em] transition-[background-color,border-color,color,transform] duration-200 focus-visible:outline-none focus-visible:ring-2 focus-visible:ring-ring focus-visible:ring-offset-2 disabled:pointer-events-none disabled:opacity-50 [&_svg]:pointer-events-none [&_svg]:shrink-0 hover:-translate-y-px rounded-lg h-7 border-map-border bg-map-surface px-2.5 text-[10px] text-map-text-primary hover:bg-map-surface-elevated"
                      type="button"
                    >
                      Clear selection
                    </button>
                  </div>
                  <p
                    class="mt-1 text-[10px] leading-4 text-map-text-muted"
                  >
                    42 parcels in the working geography
                  </p>
                  <div
                    class="mt-3 flex flex-wrap gap-1.5"
                  >
                    <button
                      class="rounded-full border border-map-border bg-map-surface px-2 py-1 text-[10px] text-map-text-secondary transition-colors hover:border-map-accent-muted hover:text-map-text-primary"
                      type="button"
                    >
                      123 Main St
                    </button>
                  </div>
                  <div
                    class="mt-3 grid gap-3"
                  >
                    <div
                      class="grid gap-3 sm:grid-cols-[1fr_9rem]"
                    >
                      <input
                        class="flex w-full rounded-xl border px-3 py-2 backdrop-blur-sm file:border-0 file:bg-transparent file:text-sm file:font-medium focus-visible:outline-none focus-visible:ring-2 focus-visible:ring-ring focus-visible:ring-offset-2 disabled:cursor-not-allowed disabled:opacity-50 h-9 border-map-border bg-map-surface text-[11px] text-map-text-primary placeholder:text-map-text-muted"
                        placeholder="Task title: verify zoning path, call broker, compare sales..."
                        value="Call broker"
                      />
                      <button
                        aria-autocomplete="none"
                        aria-controls="radix-_r_3_"
                        aria-expanded="false"
                        class="flex w-full items-center justify-between rounded-xl border px-3 py-2 placeholder:text-muted-foreground focus:outline-none focus:ring-2 focus:ring-ring focus:ring-offset-2 disabled:cursor-not-allowed disabled:opacity-50 [&>span]:line-clamp-1 h-9 border-map-border bg-map-surface text-[11px] text-map-text-primary"
                        data-state="closed"
                        dir="ltr"
                        role="combobox"
                        type="button"
                      >
                        <span
                          style="pointer-events: none;"
                        >
                          Active
                        </span>
                        <svg
                          aria-hidden="true"
                          class="lucide lucide-chevron-down h-4 w-4 opacity-50"
                          fill="none"
                          height="24"
                          stroke="currentColor"
                          stroke-linecap="round"
                          stroke-linejoin="round"
                          stroke-width="2"
                          viewBox="0 0 24 24"
                          width="24"
                          xmlns="http://www.w3.org/2000/svg"
                        >
                          <path
                            d="m6 9 6 6 6-6"
                          />
                        </svg>
                      </button>
                    </div>
                    <textarea
                      class="flex w-full rounded-xl border px-3 py-2 focus-visible:outline-none focus-visible:ring-2 focus-visible:ring-ring focus-visible:ring-offset-2 disabled:cursor-not-allowed disabled:opacity-50 min-h-[112px] border-map-border bg-map-surface text-[11px] leading-5 text-map-text-primary placeholder:text-map-text-muted"
                      placeholder="Operator note: constraints, broker feedback, screening flags, next decision..."
                      rows="4"
                    >
                      Frontage looks strong. Confirm utility capacity.
                    </textarea>
                    <div
                      class="flex items-center justify-between gap-3"
                    >
                      <p
                        class="text-[10px] leading-4 text-map-text-muted"
                      >
                        Saving pins the parcel boundary in the notebook until you remove it.
                      </p>
                      <button
                        class="inline-flex items-center justify-center whitespace-nowrap rounded-xl border border-transparent tracking-[-0.01em] transition-[background-color,border-color,color,transform] duration-200 focus-visible:outline-none focus-visible:ring-2 focus-visible:ring-ring focus-visible:ring-offset-2 disabled:pointer-events-none [&_svg]:pointer-events-none [&_svg]:shrink-0 hover:-translate-y-px py-2 h-8 bg-map-accent px-3 text-[10px] font-medium text-white hover:bg-map-accent/90 disabled:opacity-40"
                        type="button"
                      >
                        Update tracked parcel
                      </button>
                    </div>
                  </div>
                </div>
              </section>
              <section
                animate="[object Object]"
                class="space-y-3"
                exit="[object Object]"
                transition="[object Object]"
              >
                <div>
                  <p
                    class="font-mono text-[10px] uppercase tracking-[0.22em] text-map-text-muted"
                  >
                    Selection brief
                  </p>
                  <h3
                    class="mt-1 text-xs font-semibold text-map-text-primary"
                  >
                    Run the parcel screen before you advance it.
                  </h3>
                  <p
                    class="mt-1 text-[11px] leading-5 text-map-text-secondary"
                  >
                    The screening stack gives you a quick constraint read before the parcel moves deeper into the queue.
                  </p>
                </div>
                <div
                  class="rounded-xl border border-map-border bg-map-surface/45 px-3 py-3"
                >
                  <div
                    data-testid="screening-scorecard"
                  >
                    Screening: 
                    parcel-1
                  </div>
                </div>
              </section>
              <div
                class="shrink-0 h-[1px] w-full bg-map-border"
                data-orientation="horizontal"
                role="none"
              />
              <section
                class="space-y-3"
              >
                <div>
                  <p
                    class="font-mono text-[10px] uppercase tracking-[0.22em] text-map-text-muted"
                  >
                    Tracked parcels
                  </p>
                  <h3
                    class="mt-1 text-xs font-semibold text-map-text-primary"
                  >
                    Use the notebook as the active follow-up queue.
                  </h3>
                  <p
                    class="mt-1 text-[11px] leading-5 text-map-text-secondary"
                  >
                    Focus an entry to jump back to the map, revise the note, or mark the task complete.
                  </p>
                </div>
                <div
                  class="space-y-2"
                >
                  <article
                    class="rounded-xl border border-map-border bg-map-surface/45 px-3 py-3"
                  >
                    <div
                      class="flex items-start justify-between gap-3"
                    >
                      <div
                        class="min-w-0"
                      >
                        <button
                          class="truncate text-left text-[11px] font-medium text-map-text-primary hover:text-white"
                          type="button"
                        >
                          123 Main St
                        </button>
                        <p
                          class="mt-1 text-[10px] leading-4 text-map-text-muted"
                        >
                          Call broker
                        </p>
                      </div>
                      <div
                        class="inline-flex items-center rounded-full border font-mono uppercase tracking-[0.18em] transition-colors focus:outline-none focus:ring-2 focus:ring-ring focus:ring-offset-2 shrink-0 px-2 py-0.5 text-[9px] border-emerald-500/35 bg-emerald-500/12 text-emerald-200"
                      >
                        Active
                      </div>
                    </div>
                    <div
                      class="mt-2 flex flex-wrap gap-1.5"
                    >
                      <div
                        class="inline-flex items-center rounded-full border font-mono uppercase tracking-[0.18em] transition-colors focus:outline-none focus:ring-2 focus:ring-ring focus:ring-offset-2 bg-background/42 px-2 py-0.5 text-[9px] text-map-text-muted"
                      >
                        Zone C2
                      </div>
                      <div
                        class="inline-flex items-center rounded-full border font-mono uppercase tracking-[0.18em] transition-colors focus:outline-none focus:ring-2 focus:ring-ring focus:ring-offset-2 bg-background/42 px-2 py-0.5 text-[9px] text-map-text-muted"
                      >
                        1.25 ac
                      </div>
                      <div
                        class="inline-flex items-center rounded-full border font-mono uppercase tracking-[0.18em] transition-colors focus:outline-none focus:ring-2 focus:ring-ring focus:ring-offset-2 bg-background/42 px-2 py-0.5 text-[9px] text-map-text-muted"
                      >
                        Flood X
                      </div>
                    </div>
                    <p
                      class="mt-3 text-[11px] leading-5 text-map-text-secondary"
                    >
                      Frontage looks strong. Confirm utility capacity.
                    </p>
                    <div
                      class="mt-3 flex flex-wrap items-center gap-2"
                    >
                      <button
                        class="inline-flex items-center justify-center whitespace-nowrap border font-medium tracking-[-0.01em] transition-[background-color,border-color,color,transform] duration-200 focus-visible:outline-none focus-visible:ring-2 focus-visible:ring-ring focus-visible:ring-offset-2 disabled:pointer-events-none disabled:opacity-50 [&_svg]:pointer-events-none [&_svg]:shrink-0 hover:-translate-y-px rounded-lg h-7 border-map-border bg-map-surface px-2.5 text-[10px] text-map-text-primary hover:bg-map-surface-elevated"
                        type="button"
                      >
                        <svg
                          aria-hidden="true"
                          class="lucide lucide-crosshair mr-1.5 h-3 w-3"
                          fill="none"
                          height="24"
                          stroke="currentColor"
                          stroke-linecap="round"
                          stroke-linejoin="round"
                          stroke-width="2"
                          viewBox="0 0 24 24"
                          width="24"
                          xmlns="http://www.w3.org/2000/svg"
                        >
                          <circle
                            cx="12"
                            cy="12"
                            r="10"
                          />
                          <line
                            x1="22"
                            x2="18"
                            y1="12"
                            y2="12"
                          />
                          <line
                            x1="6"
                            x2="2"
                            y1="12"
                            y2="12"
                          />
                          <line
                            x1="12"
                            x2="12"
                            y1="6"
                            y2="2"
                          />
                          <line
                            x1="12"
                            x2="12"
                            y1="22"
                            y2="18"
                          />
                        </svg>
                        Focus / revise
                      </button>
                      <button
                        class="inline-flex items-center justify-center whitespace-nowrap border font-medium tracking-[-0.01em] transition-[background-color,border-color,color,transform] duration-200 focus-visible:outline-none focus-visible:ring-2 focus-visible:ring-ring focus-visible:ring-offset-2 disabled:pointer-events-none disabled:opacity-50 [&_svg]:pointer-events-none [&_svg]:shrink-0 hover:-translate-y-px rounded-lg h-7 border-map-border bg-map-surface px-2.5 text-[10px] text-map-text-primary hover:bg-map-surface-elevated"
                        type="button"
                      >
                        <svg
                          aria-hidden="true"
                          class="lucide lucide-circle-check mr-1.5 h-3 w-3"
                          fill="none"
                          height="24"
                          stroke="currentColor"
                          stroke-linecap="round"
                          stroke-linejoin="round"
                          stroke-width="2"
                          viewBox="0 0 24 24"
                          width="24"
                          xmlns="http://www.w3.org/2000/svg"
                        >
                          <circle
                            cx="12"
                            cy="12"
                            r="10"
                          />
                          <path
                            d="m9 12 2 2 4-4"
                          />
                        </svg>
                        Mark complete
                      </button>
                      <button
                        class="inline-flex items-center justify-center whitespace-nowrap border font-medium tracking-[-0.01em] transition-[background-color,border-color,color,transform] duration-200 focus-visible:outline-none focus-visible:ring-2 focus-visible:ring-ring focus-visible:ring-offset-2 disabled:pointer-events-none disabled:opacity-50 [&_svg]:pointer-events-none [&_svg]:shrink-0 hover:-translate-y-px rounded-lg h-7 border-map-border bg-map-surface px-2.5 text-[10px] text-map-text-secondary hover:bg-map-surface-elevated hover:text-map-text-primary"
                        type="button"
                      >
                        <svg
                          aria-hidden="true"
                          class="lucide lucide-trash2 lucide-trash-2 mr-1.5 h-3 w-3"
                          fill="none"
                          height="24"
                          stroke="currentColor"
                          stroke-linecap="round"
                          stroke-linejoin="round"
                          stroke-width="2"
                          viewBox="0 0 24 24"
                          width="24"
                          xmlns="http://www.w3.org/2000/svg"
                        >
                          <path
                            d="M10 11v6"
                          />
                          <path
                            d="M14 11v6"
                          />
                          <path
                            d="M19 6v14a2 2 0 0 1-2 2H7a2 2 0 0 1-2-2V6"
                          />
                          <path
                            d="M3 6h18"
                          />
                          <path
                            d="M8 6V4a2 2 0 0 1 2-2h4a2 2 0 0 1 2 2v2"
                          />
                        </svg>
                        Remove
                      </button>
                    </div>
                  </article>
                </div>
              </section>
            </div>
          </div>
        </div>
      </div>
    </div>
    <div
      aria-labelledby="radix-_r_0_-trigger-parcels"
      class="focus-visible:outline-none focus-visible:ring-2 focus-visible:ring-ring focus-visible:ring-offset-2 mt-0 min-h-0 flex-1 overflow-hidden"
      data-orientation="horizontal"
      data-state="inactive"
      hidden=""
      id="radix-_r_0_-content-parcels"
      role="tabpanel"
      tabindex="0"
    />
  </div>
</section>
`;
