// Vitest Snapshot v1, https://vitest.dev/guide/snapshot.html

exports[`MapTour > renders the themed guide and highlights available steps 1`] = `
<div>
  <div
    data-tour="layers-panel"
    style="outline-offset: 2px; outline-color: #6c8cff; outline-style: solid; outline-width: 2px;"
  >
    Layers panel
  </div>
  <div
    data-tour="draw-tool"
  >
    Draw tool
  </div>
  <div
    data-tour="analytical-toolbar"
  >
    Analytics
  </div>
  <div
    data-tour="geofences"
  >
    Geofences
  </div>
  <div
    class="absolute bottom-3 left-3 z-20 w-[20rem] rounded-2xl border border-map-border bg-map-surface-overlay px-4 py-4 text-xs text-map-text-primary shadow-2xl backdrop-blur-md"
  >
    <div
      class="flex items-start justify-between gap-3"
    >
      <div>
        <p
          class="font-mono text-[10px] uppercase tracking-[0.22em] text-map-text-muted"
        >
          Map Guide
        </p>
        <h3
          class="mt-1 text-sm font-semibold"
        >
          Navigate layers, draw tools, and saved areas.
        </h3>
      </div>
      <button
        class="map-btn h-7 rounded-lg px-2.5 text-[10px]"
        type="button"
      >
        Close
      </button>
    </div>
    <div
      class="mt-4 flex gap-1.5"
    >
      <button
        aria-label="Go to Layer Controls"
        class="h-1.5 flex-1 rounded-full transition-colors bg-map-accent"
        type="button"
      />
      <button
        aria-label="Go to Draw Tool"
        class="h-1.5 flex-1 rounded-full transition-colors bg-map-border"
        type="button"
      />
      <button
        aria-label="Go to Analytics"
        class="h-1.5 flex-1 rounded-full transition-colors bg-map-border"
        type="button"
      />
      <button
        aria-label="Go to Saved Geofences"
        class="h-1.5 flex-1 rounded-full transition-colors bg-map-border"
        type="button"
      />
    </div>
    <div
      class="mt-4 border-t border-map-border pt-4"
    >
      <div
        class="flex items-center justify-between gap-3"
      >
        <p
          class="font-mono text-[10px] uppercase tracking-[0.22em] text-map-text-muted"
        >
          Step 
          1
          /
          4
        </p>
        <p
          class="text-[10px] text-map-text-muted"
        >
          Highlighted on map
        </p>
      </div>
      <div
        class="mt-2 text-sm font-semibold"
      >
        Layer Controls
      </div>
      <p
        class="mt-2 text-[11px] leading-5 text-map-text-secondary"
      >
        Toggle parcel boundaries, zoning, and flood overlays from here.
      </p>
      <p
        class="mt-3 text-[10px] leading-5 text-map-text-muted"
      >
        The active control is outlined directly in the map surface.
      </p>
    </div>
    <div
      class="mt-4 flex items-center justify-between gap-2"
    >
      <button
        class="map-btn rounded-lg px-2.5 py-1 text-[10px] disabled:opacity-40"
        disabled=""
        type="button"
      >
        Back
      </button>
      <div
        class="flex gap-2"
      >
        <button
          class="map-btn rounded-lg px-2.5 py-1 text-[10px]"
          type="button"
        >
          Dismiss
        </button>
        <button
          class="rounded-lg bg-map-accent px-2.5 py-1 text-[10px] font-medium text-white"
          type="button"
        >
          Next
        </button>
      </div>
    </div>
  </div>
</div>
`;
