// Vitest Snapshot v1, https://vitest.dev/guide/snapshot.html

exports[`MapWorkbenchPanel > renders the integrated workbench layout when open 1`] = `
<div
  class="pointer-events-none absolute left-3 top-3 bottom-12 z-20 flex items-start gap-3"
>
  <div
    class="pointer-events-auto flex flex-col gap-2"
  >
    <button
      aria-expanded="true"
      aria-label="Collapse map workbench"
      class="inline-flex items-center justify-center whitespace-nowrap border text-sm font-medium tracking-[-0.01em] duration-200 focus-visible:outline-none focus-visible:ring-2 focus-visible:ring-ring focus-visible:ring-offset-2 disabled:pointer-events-none disabled:opacity-50 [&_svg]:pointer-events-none [&_svg]:shrink-0 hover:text-accent-foreground rounded-xl relative h-11 w-11 border-map-border bg-map-surface-overlay shadow-lg transition-all text-map-text-primary hover:bg-map-surface"
      title="Collapse workbench (L)"
      type="button"
    >
      <svg
        aria-hidden="true"
        class="lucide lucide-chevron-left h-4 w-4"
        fill="none"
        height="24"
        stroke="currentColor"
        stroke-linecap="round"
        stroke-linejoin="round"
        stroke-width="2"
        viewBox="0 0 24 24"
        width="24"
        xmlns="http://www.w3.org/2000/svg"
      >
        <path
          d="m15 18-6-6 6-6"
        />
      </svg>
    </button>
    <button
      aria-label="Export map screenshot"
      class="inline-flex items-center justify-center whitespace-nowrap border text-sm font-medium tracking-[-0.01em] transition-[background-color,border-color,color,transform] duration-200 focus-visible:outline-none focus-visible:ring-2 focus-visible:ring-ring focus-visible:ring-offset-2 disabled:pointer-events-none disabled:opacity-50 [&_svg]:pointer-events-none [&_svg]:shrink-0 hover:text-accent-foreground rounded-xl h-10 w-10 border-map-border bg-map-surface-overlay text-map-text-primary shadow-lg hover:bg-map-surface"
      title="Export screenshot (S)"
      type="button"
    >
      <svg
        aria-hidden="true"
        class="lucide lucide-camera h-4 w-4"
        fill="none"
        height="24"
        stroke="currentColor"
        stroke-linecap="round"
        stroke-linejoin="round"
        stroke-width="2"
        viewBox="0 0 24 24"
        width="24"
        xmlns="http://www.w3.org/2000/svg"
      >
        <path
          d="M13.997 4a2 2 0 0 1 1.76 1.05l.486.9A2 2 0 0 0 18.003 7H20a2 2 0 0 1 2 2v9a2 2 0 0 1-2 2H4a2 2 0 0 1-2-2V9a2 2 0 0 1 2-2h1.997a2 2 0 0 0 1.759-1.048l.489-.904A2 2 0 0 1 10.004 4z"
        />
        <circle
          cx="12"
          cy="13"
          r="3"
        />
      </svg>
    </button>
    <button
      aria-label="Toggle map fullscreen"
      class="inline-flex items-center justify-center whitespace-nowrap border text-sm font-medium tracking-[-0.01em] transition-[background-color,border-color,color,transform] duration-200 focus-visible:outline-none focus-visible:ring-2 focus-visible:ring-ring focus-visible:ring-offset-2 disabled:pointer-events-none disabled:opacity-50 [&_svg]:pointer-events-none [&_svg]:shrink-0 hover:text-accent-foreground rounded-xl h-10 w-10 border-map-border bg-map-surface-overlay text-map-text-primary shadow-lg hover:bg-map-surface"
      title="Toggle fullscreen (F)"
      type="button"
    >
      <svg
        aria-hidden="true"
        class="lucide lucide-maximize2 lucide-maximize-2 h-4 w-4"
        fill="none"
        height="24"
        stroke="currentColor"
        stroke-linecap="round"
        stroke-linejoin="round"
        stroke-width="2"
        viewBox="0 0 24 24"
        width="24"
        xmlns="http://www.w3.org/2000/svg"
      >
        <path
          d="M15 3h6v6"
        />
        <path
          d="m21 3-7 7"
        />
        <path
          d="m3 21 7-7"
        />
        <path
          d="M9 21H3v-6"
        />
      </svg>
    </button>
  </div>
  <aside
    animate="[object Object]"
    class="pointer-events-auto flex h-full flex-col overflow-hidden rounded-[1.35rem] border border-map-border bg-map-surface-overlay shadow-2xl backdrop-blur-xl w-[22rem] max-w-[calc(100vw-5.5rem)]"
    data-tour="layers-panel"
    exit="[object Object]"
    transition="[object Object]"
  >
    <div
      class="border-b border-map-border px-4 py-4"
    >
      <div
        class="flex items-start justify-between gap-3"
      >
        <div
          class="min-w-0"
        >
          <p
            class="font-mono text-[10px] uppercase tracking-[0.24em] text-map-text-muted"
          >
            Live geography intelligence
          </p>
          <h2
            class="mt-1 text-sm font-semibold text-map-text-primary"
          >
            Shape the active geography.
          </h2>
          <p
            class="mt-1 text-[11px] leading-5 text-map-text-secondary"
          >
            Build the working parcel set, tune overlays, and hand off the map context without leaving the canvas.
          </p>
        </div>
        <div
          class="flex flex-col items-end gap-2 text-right"
        >
          <div
            class="inline-flex items-center rounded-full border font-mono uppercase tracking-[0.18em] transition-colors focus:outline-none focus:ring-2 focus:ring-ring focus:ring-offset-2 bg-background/42 text-foreground px-2.5 py-1 text-[9px]"
          >
            2
             selected
          </div>
          <span
            class="text-[10px] text-map-text-muted"
          >
            Streets base
          </span>
        </div>
      </div>
    </div>
    <div
      class="relative overflow-hidden min-h-0 flex-1"
      dir="ltr"
      style="position: relative; --radix-scroll-area-corner-width: 0px; --radix-scroll-area-corner-height: 0px;"
    >
      <style>
        [data-radix-scroll-area-viewport]{scrollbar-width:none;-ms-overflow-style:none;-webkit-overflow-scrolling:touch;}[data-radix-scroll-area-viewport]::-webkit-scrollbar{display:none}
      </style>
      <div
        class="h-full w-full rounded-[inherit]"
        data-radix-scroll-area-viewport=""
        style="overflow-x: hidden; overflow-y: scroll;"
      >
        <div
          style="min-width: 100%; display: table;"
        >
          <section
            class="border-b border-map-border px-4 py-4"
          >
            <div
              class="flex items-center justify-between gap-3"
            >
              <div>
                <p
                  class="font-mono text-[10px] uppercase tracking-[0.22em] text-map-text-muted"
                >
                  Layer desk
                </p>
                <h3
                  class="mt-1 text-xs font-semibold text-map-text-primary"
                >
                  Swap the reference stack in one click.
                </h3>
              </div>
              <div
                class="inline-flex items-center rounded-full border font-mono uppercase tracking-[0.18em] transition-colors focus:outline-none focus:ring-2 focus:ring-ring focus:ring-offset-2 border-transparent bg-secondary/65 text-secondary-foreground hover:bg-secondary/90 px-2 py-0.5 text-[9px]"
              >
                2
                 live
              </div>
            </div>
            <div
              class="mt-3 grid grid-cols-2 gap-2"
            >
              <button
                class="flex min-h-[4.5rem] flex-col rounded-xl border px-3 py-3 text-left transition-colors border-map-border/70 bg-map-surface/45 text-map-text-secondary hover:border-map-accent-muted hover:bg-map-surface"
                type="button"
              >
                <span
                  class="text-[11px] font-medium"
                >
                  Parcel focus
                </span>
                <span
                  class="mt-1 text-[10px] leading-4 text-map-text-muted"
                >
                  Keep parcel geometry on and clear the extra references.
                </span>
              </button>
              <button
                class="flex min-h-[4.5rem] flex-col rounded-xl border px-3 py-3 text-left transition-colors border-map-accent bg-map-accent/12 text-map-text-primary"
                type="button"
              >
                <span
                  class="text-[11px] font-medium"
                >
                  Zoning scan
                </span>
                <span
                  class="mt-1 text-[10px] leading-4 text-map-text-muted"
                >
                  Show the parcel stack with zoning pressure turned on.
                </span>
              </button>
              <button
                class="flex min-h-[4.5rem] flex-col rounded-xl border px-3 py-3 text-left transition-colors border-map-border/70 bg-map-surface/45 text-map-text-secondary hover:border-map-accent-muted hover:bg-map-surface"
                type="button"
              >
                <span
                  class="text-[11px] font-medium"
                >
                  Flood risk
                </span>
                <span
                  class="mt-1 text-[10px] leading-4 text-map-text-muted"
                >
                  Turn on flood exposure and wetland context together.
                </span>
              </button>
              <button
                class="flex min-h-[4.5rem] flex-col rounded-xl border px-3 py-3 text-left transition-colors border-map-border/70 bg-map-surface/45 text-map-text-secondary hover:border-map-accent-muted hover:bg-map-surface"
                type="button"
              >
                <span
                  class="text-[11px] font-medium"
                >
                  Environmental
                </span>
                <span
                  class="mt-1 text-[10px] leading-4 text-map-text-muted"
                >
                  Bring up soils, wetlands, and EPA flags in one move.
                </span>
              </button>
              <button
                class="flex min-h-[4.5rem] flex-col rounded-xl border px-3 py-3 text-left transition-colors border-map-border/70 bg-map-surface/45 text-map-text-secondary hover:border-map-accent-muted hover:bg-map-surface"
                type="button"
              >
                <span
                  class="text-[11px] font-medium"
                >
                  Full stack
                </span>
                <span
                  class="mt-1 text-[10px] leading-4 text-map-text-muted"
                >
                  Show every reference layer for a full-screen pass.
                </span>
              </button>
              <button
                class="flex min-h-[4.5rem] flex-col rounded-xl border px-3 py-3 text-left transition-colors border-map-border/70 bg-map-surface/45 text-map-text-secondary hover:border-map-accent-muted hover:bg-map-surface"
                type="button"
              >
                <span
                  class="text-[11px] font-medium"
                >
                  Reset display
                </span>
                <span
                  class="mt-1 text-[10px] leading-4 text-map-text-muted"
                >
                  Return to the default streets view and clear analysis extras.
                </span>
              </button>
            </div>
            <div
              class="mt-3 flex flex-wrap gap-1.5"
            >
              <div
                class="inline-flex items-center rounded-full border font-mono uppercase tracking-[0.18em] transition-colors focus:outline-none focus:ring-2 focus:ring-ring focus:ring-offset-2 bg-background/42 text-foreground px-2 py-0.5 text-[9px]"
              >
                Parcels
              </div>
              <div
                class="inline-flex items-center rounded-full border font-mono uppercase tracking-[0.18em] transition-colors focus:outline-none focus:ring-2 focus:ring-ring focus:ring-offset-2 border-transparent bg-secondary/65 text-secondary-foreground hover:bg-secondary/90 px-2 py-0.5 text-[9px]"
              >
                Heatmap
              </div>
            </div>
          </section>
          <section
            class="border-b border-map-border px-4 py-4"
          >
            <div>
              Search content
            </div>
          </section>
          <section
            class="border-b border-map-border px-4 py-4"
          >
            <div
              class="flex items-center justify-between gap-3"
            >
              <div>
                <p
                  class="font-mono text-[10px] uppercase tracking-[0.22em] text-map-text-muted"
                >
                  Display
                </p>
                <h3
                  class="mt-1 text-xs font-semibold text-map-text-primary"
                >
                  Base map and live overlays
                </h3>
              </div>
              <div
                class="inline-flex items-center rounded-full border font-mono uppercase tracking-[0.18em] transition-colors focus:outline-none focus:ring-2 focus:ring-ring focus:ring-offset-2 border-transparent bg-secondary/65 text-secondary-foreground hover:bg-secondary/90 px-2 py-0.5 text-[9px]"
              >
                Loading shapes...
              </div>
            </div>
            <div
              class="items-center justify-center border-border/70 backdrop-blur-sm mt-3 grid w-full grid-cols-3 gap-2 rounded-xl border-0 bg-transparent p-0"
              dir="ltr"
              role="group"
              style="outline-color: none; outline-style: none; outline-width: initial;"
              tabindex="0"
            >
              <button
                aria-checked="true"
                aria-label="Streets"
                class="inline-flex items-center justify-center whitespace-nowrap border font-medium transition-colors focus-visible:outline-none focus-visible:ring-2 focus-visible:ring-ring focus-visible:ring-offset-2 disabled:pointer-events-none disabled:opacity-50 hover:bg-accent/55 hover:text-accent-foreground h-9 px-3 rounded-xl border-map-border bg-map-surface/55 text-[11px] text-map-text-secondary data-[state=on]:border-map-accent data-[state=on]:bg-map-accent data-[state=on]:text-white"
                data-radix-collection-item=""
                data-state="on"
                role="radio"
                tabindex="-1"
                title="Streets"
                type="button"
              >
                Streets
              </button>
              <button
                aria-checked="false"
                aria-label="Satellite"
                class="inline-flex items-center justify-center whitespace-nowrap border font-medium transition-colors focus-visible:outline-none focus-visible:ring-2 focus-visible:ring-ring focus-visible:ring-offset-2 disabled:pointer-events-none disabled:opacity-50 hover:bg-accent/55 hover:text-accent-foreground h-9 px-3 rounded-xl border-map-border bg-map-surface/55 text-[11px] text-map-text-secondary data-[state=on]:border-map-accent data-[state=on]:bg-map-accent data-[state=on]:text-white"
                data-radix-collection-item=""
                data-state="off"
                role="radio"
                tabindex="-1"
                title="Satellite"
                type="button"
              >
                Satellite
              </button>
              <button
                aria-checked="false"
                aria-label="Dark"
                class="inline-flex items-center justify-center whitespace-nowrap border font-medium transition-colors focus-visible:outline-none focus-visible:ring-2 focus-visible:ring-ring focus-visible:ring-offset-2 disabled:pointer-events-none disabled:opacity-50 hover:bg-accent/55 hover:text-accent-foreground h-9 px-3 rounded-xl border-map-border bg-map-surface/55 text-[11px] text-map-text-secondary data-[state=on]:border-map-accent data-[state=on]:bg-map-accent data-[state=on]:text-white"
                data-radix-collection-item=""
                data-state="off"
                role="radio"
                tabindex="-1"
                title="Dark"
                type="button"
              >
                Dark
              </button>
            </div>
            <div
              class="mt-4 space-y-3"
            >
              <div>
                <p
                  class="text-[10px] uppercase tracking-[0.16em] text-map-text-muted"
                >
                  Core references
                </p>
                <div
                  class="mt-2 grid grid-cols-2 gap-2"
                >
                  <button
                    aria-pressed="true"
                    class="group flex w-full flex-col rounded-xl border text-left transition-colors min-h-[3.5rem] px-3 py-2.5 border-map-accent bg-map-accent/12 text-map-text-primary"
                    type="button"
                  >
                    <div
                      class="flex items-center justify-between gap-2"
                    >
                      <span
                        class="text-[11px] font-medium"
                      >
                        Parcels
                      </span>
                      <span
                        class="rounded-full border px-1.5 py-0.5 text-[9px] font-semibold uppercase tracking-[0.14em] border-map-accent bg-map-accent text-white"
                      >
                        On
                      </span>
                    </div>
                    <span
                      class="mt-1 text-[10px] leading-4 text-map-text-muted"
                    >
                      Boundary fills, outlines, and point fallback markers.
                    </span>
                  </button>
                  <button
                    aria-pressed="false"
                    class="group flex w-full flex-col rounded-xl border text-left transition-colors min-h-[3.5rem] px-3 py-2.5 border-map-border/70 bg-map-surface/45 text-map-text-secondary hover:border-map-accent-muted hover:bg-map-surface"
                    type="button"
                  >
                    <div
                      class="flex items-center justify-between gap-2"
                    >
                      <span
                        class="text-[11px] font-medium"
                      >
                        Zoning
                      </span>
                      <span
                        class="rounded-full border px-1.5 py-0.5 text-[9px] font-semibold uppercase tracking-[0.14em] border-map-border text-map-text-muted group-hover:text-map-text-secondary"
                      >
                        Off
                      </span>
                    </div>
                    <span
                      class="mt-1 text-[10px] leading-4 text-map-text-muted"
                    >
                      Parcel zoning fills for quick code-pressure scans.
                    </span>
                  </button>
                  <button
                    aria-pressed="false"
                    class="group flex w-full flex-col rounded-xl border text-left transition-colors min-h-[3.5rem] px-3 py-2.5 border-map-border/70 bg-map-surface/45 text-map-text-secondary hover:border-map-accent-muted hover:bg-map-surface"
                    type="button"
                  >
                    <div
                      class="flex items-center justify-between gap-2"
                    >
                      <span
                        class="text-[11px] font-medium"
                      >
                        Flood zones
                      </span>
                      <span
                        class="rounded-full border px-1.5 py-0.5 text-[9px] font-semibold uppercase tracking-[0.14em] border-map-border text-map-text-muted group-hover:text-map-text-secondary"
                      >
                        Off
                      </span>
                    </div>
                    <span
                      class="mt-1 text-[10px] leading-4 text-map-text-muted"
                    >
                      FEMA flood overlays and flood exposure context.
                    </span>
                  </button>
                </div>
              </div>
              <div>
                <p
                  class="text-[10px] uppercase tracking-[0.16em] text-map-text-muted"
                >
                  Environmental
                </p>
                <div
                  class="mt-2 grid grid-cols-2 gap-2"
                >
                  <button
                    aria-pressed="false"
                    class="group flex w-full flex-col rounded-xl border text-left transition-colors min-h-[3.5rem] px-3 py-2.5 border-map-border/70 bg-map-surface/45 text-map-text-secondary hover:border-map-accent-muted hover:bg-map-surface"
                    type="button"
                  >
                    <div
                      class="flex items-center justify-between gap-2"
                    >
                      <span
                        class="text-[11px] font-medium"
                      >
                        Soils
                      </span>
                      <span
                        class="rounded-full border px-1.5 py-0.5 text-[9px] font-semibold uppercase tracking-[0.14em] border-map-border text-map-text-muted group-hover:text-map-text-secondary"
                      >
                        Off
                      </span>
                    </div>
                    <span
                      class="mt-1 text-[10px] leading-4 text-map-text-muted"
                    >
                      Soil suitability layers for site screening.
                    </span>
                  </button>
                  <button
                    aria-pressed="false"
                    class="group flex w-full flex-col rounded-xl border text-left transition-colors min-h-[3.5rem] px-3 py-2.5 border-map-border/70 bg-map-surface/45 text-map-text-secondary hover:border-map-accent-muted hover:bg-map-surface"
                    type="button"
                  >
                    <div
                      class="flex items-center justify-between gap-2"
                    >
                      <span
                        class="text-[11px] font-medium"
                      >
                        Wetlands
                      </span>
                      <span
                        class="rounded-full border px-1.5 py-0.5 text-[9px] font-semibold uppercase tracking-[0.14em] border-map-border text-map-text-muted group-hover:text-map-text-secondary"
                      >
                        Off
                      </span>
                    </div>
                    <span
                      class="mt-1 text-[10px] leading-4 text-map-text-muted"
                    >
                      Wetland constraint view for entitlement risk.
                    </span>
                  </button>
                  <button
                    aria-pressed="false"
                    class="group flex w-full flex-col rounded-xl border text-left transition-colors min-h-[3.5rem] px-3 py-2.5 border-map-border/70 bg-map-surface/45 text-map-text-secondary hover:border-map-accent-muted hover:bg-map-surface"
                    type="button"
                  >
                    <div
                      class="flex items-center justify-between gap-2"
                    >
                      <span
                        class="text-[11px] font-medium"
                      >
                        EPA facilities
                      </span>
                      <span
                        class="rounded-full border px-1.5 py-0.5 text-[9px] font-semibold uppercase tracking-[0.14em] border-map-border text-map-text-muted group-hover:text-map-text-secondary"
                      >
                        Off
                      </span>
                    </div>
                    <span
                      class="mt-1 text-[10px] leading-4 text-map-text-muted"
                    >
                      Nearby EPA-regulated sites and environmental flags.
                    </span>
                  </button>
                </div>
              </div>
              <div
                class="flex flex-wrap gap-2"
              >
                <button
                  class="inline-flex items-center justify-center whitespace-nowrap border font-medium tracking-[-0.01em] transition-[background-color,border-color,color,transform] duration-200 focus-visible:outline-none focus-visible:ring-2 focus-visible:ring-ring focus-visible:ring-offset-2 disabled:pointer-events-none disabled:opacity-50 [&_svg]:pointer-events-none [&_svg]:shrink-0 hover:text-accent-foreground rounded-lg h-7 border-map-border bg-map-surface/45 px-2.5 text-[10px] text-map-text-primary hover:bg-map-surface"
                  type="button"
                >
                  Show all refs
                </button>
                <button
                  class="inline-flex items-center justify-center whitespace-nowrap border font-medium tracking-[-0.01em] transition-[background-color,border-color,color,transform] duration-200 focus-visible:outline-none focus-visible:ring-2 focus-visible:ring-ring focus-visible:ring-offset-2 disabled:pointer-events-none disabled:opacity-50 [&_svg]:pointer-events-none [&_svg]:shrink-0 hover:text-accent-foreground rounded-lg h-7 border-map-border bg-map-surface/45 px-2.5 text-[10px] text-map-text-primary hover:bg-map-surface"
                  type="button"
                >
                  Parcel only
                </button>
                <button
                  class="inline-flex items-center justify-center whitespace-nowrap border font-medium tracking-[-0.01em] transition-[background-color,border-color,color,transform] duration-200 focus-visible:outline-none focus-visible:ring-2 focus-visible:ring-ring focus-visible:ring-offset-2 disabled:pointer-events-none disabled:opacity-50 [&_svg]:pointer-events-none [&_svg]:shrink-0 hover:text-accent-foreground rounded-lg h-7 border-map-border bg-map-surface/45 px-2.5 text-[10px] text-map-text-primary hover:bg-map-surface"
                  type="button"
                >
                  Reset
                </button>
              </div>
            </div>
          </section>
          <section
            class="border-b border-map-border px-4 py-4"
            data-tour="analytical-toolbar"
          >
            <p
              class="font-mono text-[10px] uppercase tracking-[0.22em] text-map-text-muted"
            >
              Analysis
            </p>
            <h3
              class="mt-1 text-xs font-semibold text-map-text-primary"
            >
              Turn on only the tools you need right now.
            </h3>
            <div
              class="mt-3 grid grid-cols-2 gap-2"
            >
              <button
                class="inline-flex min-h-11 items-center gap-2 rounded-xl border px-3 py-2 text-left text-[11px] font-medium transition-colors border-map-border bg-map-surface/55 text-map-text-secondary hover:border-map-accent-muted hover:bg-map-surface hover:text-map-text-primary"
                type="button"
              >
                <span
                  class="shrink-0"
                >
                  <svg
                    aria-hidden="true"
                    class="lucide lucide-sparkles h-4 w-4"
                    fill="none"
                    height="24"
                    stroke="currentColor"
                    stroke-linecap="round"
                    stroke-linejoin="round"
                    stroke-width="2"
                    viewBox="0 0 24 24"
                    width="24"
                    xmlns="http://www.w3.org/2000/svg"
                  >
                    <path
                      d="M11.017 2.814a1 1 0 0 1 1.966 0l1.051 5.558a2 2 0 0 0 1.594 1.594l5.558 1.051a1 1 0 0 1 0 1.966l-5.558 1.051a2 2 0 0 0-1.594 1.594l-1.051 5.558a1 1 0 0 1-1.966 0l-1.051-5.558a2 2 0 0 0-1.594-1.594l-5.558-1.051a1 1 0 0 1 0-1.966l5.558-1.051a2 2 0 0 0 1.594-1.594z"
                    />
                    <path
                      d="M20 2v4"
                    />
                    <path
                      d="M22 4h-4"
                    />
                    <circle
                      cx="4"
                      cy="20"
                      r="2"
                    />
                  </svg>
                </span>
                <span>
                  Comparable sales
                </span>
              </button>
              <button
                class="inline-flex min-h-11 items-center gap-2 rounded-xl border px-3 py-2 text-left text-[11px] font-medium transition-colors border-map-accent bg-map-accent text-white"
                type="button"
              >
                <span
                  class="shrink-0"
                >
                  <svg
                    aria-hidden="true"
                    class="lucide lucide-sparkles h-4 w-4"
                    fill="none"
                    height="24"
                    stroke="currentColor"
                    stroke-linecap="round"
                    stroke-linejoin="round"
                    stroke-width="2"
                    viewBox="0 0 24 24"
                    width="24"
                    xmlns="http://www.w3.org/2000/svg"
                  >
                    <path
                      d="M11.017 2.814a1 1 0 0 1 1.966 0l1.051 5.558a2 2 0 0 0 1.594 1.594l5.558 1.051a1 1 0 0 1 0 1.966l-5.558 1.051a2 2 0 0 0-1.594 1.594l-1.051 5.558a1 1 0 0 1-1.966 0l-1.051-5.558a2 2 0 0 0-1.594-1.594l-5.558-1.051a1 1 0 0 1 0-1.966l5.558-1.051a2 2 0 0 0 1.594-1.594z"
                    />
                    <path
                      d="M20 2v4"
                    />
                    <path
                      d="M22 4h-4"
                    />
                    <circle
                      cx="4"
                      cy="20"
                      r="2"
                    />
                  </svg>
                </span>
                <span>
                  Heatmap
                </span>
              </button>
              <button
                class="inline-flex min-h-11 items-center gap-2 rounded-xl border px-3 py-2 text-left text-[11px] font-medium transition-colors border-map-border bg-map-surface/55 text-map-text-secondary hover:border-map-accent-muted hover:bg-map-surface hover:text-map-text-primary"
                type="button"
              >
                <span
                  class="shrink-0"
                >
                  <svg
                    aria-hidden="true"
                    class="lucide lucide-route h-4 w-4"
                    fill="none"
                    height="24"
                    stroke="currentColor"
                    stroke-linecap="round"
                    stroke-linejoin="round"
                    stroke-width="2"
                    viewBox="0 0 24 24"
                    width="24"
                    xmlns="http://www.w3.org/2000/svg"
                  >
                    <circle
                      cx="6"
                      cy="19"
                      r="3"
                    />
                    <path
                      d="M9 19h8.5a3.5 3.5 0 0 0 0-7h-11a3.5 3.5 0 0 1 0-7H15"
                    />
                    <circle
                      cx="18"
                      cy="5"
                      r="3"
                    />
                  </svg>
                </span>
                <span>
                  Drive time
                </span>
              </button>
            </div>
            <div
              class="mt-3 flex flex-col gap-2"
            >
              <p
                class="text-[10px] uppercase tracking-[0.16em] text-map-text-muted"
              >
                Measure mode
              </p>
              <div
                class="items-center justify-center border-border/70 backdrop-blur-sm grid w-full grid-cols-3 gap-2 rounded-xl border-0 bg-transparent p-0"
                dir="ltr"
                role="group"
                style="outline-color: none; outline-style: none; outline-width: initial;"
                tabindex="0"
              >
                <button
                  aria-checked="true"
                  aria-label="Off"
                  class="inline-flex items-center justify-center whitespace-nowrap rounded-lg border font-medium transition-colors focus-visible:outline-none focus-visible:ring-2 focus-visible:ring-ring focus-visible:ring-offset-2 disabled:pointer-events-none disabled:opacity-50 data-[state=on]:bg-primary data-[state=on]:text-primary-foreground border-border/70 bg-background/50 text-foreground hover:bg-accent/55 hover:text-accent-foreground h-8 px-2.5 text-[10px]"
                  data-radix-collection-item=""
                  data-state="on"
                  role="radio"
                  tabindex="-1"
                  title="Off"
                  type="button"
                >
                  Off
                </button>
                <button
                  aria-checked="false"
                  aria-label="Distance"
                  class="inline-flex items-center justify-center whitespace-nowrap rounded-lg border font-medium transition-colors focus-visible:outline-none focus-visible:ring-2 focus-visible:ring-ring focus-visible:ring-offset-2 disabled:pointer-events-none disabled:opacity-50 data-[state=on]:bg-primary data-[state=on]:text-primary-foreground border-border/70 bg-background/50 text-foreground hover:bg-accent/55 hover:text-accent-foreground h-8 px-2.5 text-[10px]"
                  data-radix-collection-item=""
                  data-state="off"
                  role="radio"
                  tabindex="-1"
                  title="Distance"
                  type="button"
                >
                  <svg
                    aria-hidden="true"
                    class="lucide lucide-ruler mr-1 h-3.5 w-3.5"
                    fill="none"
                    height="24"
                    stroke="currentColor"
                    stroke-linecap="round"
                    stroke-linejoin="round"
                    stroke-width="2"
                    viewBox="0 0 24 24"
                    width="24"
                    xmlns="http://www.w3.org/2000/svg"
                  >
                    <path
                      d="M21.3 15.3a2.4 2.4 0 0 1 0 3.4l-2.6 2.6a2.4 2.4 0 0 1-3.4 0L2.7 8.7a2.41 2.41 0 0 1 0-3.4l2.6-2.6a2.41 2.41 0 0 1 3.4 0Z"
                    />
                    <path
                      d="m14.5 12.5 2-2"
                    />
                    <path
                      d="m11.5 9.5 2-2"
                    />
                    <path
                      d="m8.5 6.5 2-2"
                    />
                    <path
                      d="m17.5 15.5 2-2"
                    />
                  </svg>
                  Distance
                </button>
                <button
                  aria-checked="false"
                  aria-label="Area"
                  class="inline-flex items-center justify-center whitespace-nowrap rounded-lg border font-medium transition-colors focus-visible:outline-none focus-visible:ring-2 focus-visible:ring-ring focus-visible:ring-offset-2 disabled:pointer-events-none disabled:opacity-50 data-[state=on]:bg-primary data-[state=on]:text-primary-foreground border-border/70 bg-background/50 text-foreground hover:bg-accent/55 hover:text-accent-foreground h-8 px-2.5 text-[10px]"
                  data-radix-collection-item=""
                  data-state="off"
                  role="radio"
                  tabindex="-1"
                  title="Area"
                  type="button"
                >
                  Area
                </button>
              </div>
            </div>
            <div
              class="mt-3 flex flex-col gap-2"
            >
              <p
                class="text-[10px] uppercase tracking-[0.16em] text-map-text-muted"
              >
                Heatmap preset
              </p>
              <div
                class="items-center border-border/70 backdrop-blur-sm flex w-full flex-wrap justify-start gap-2 rounded-xl border-0 bg-transparent p-0"
                dir="ltr"
                role="group"
                style="outline-color: none; outline-style: none; outline-width: initial;"
                tabindex="0"
              >
                <button
                  aria-checked="true"
                  aria-label="Sale Activity"
                  class="inline-flex items-center justify-center whitespace-nowrap border font-medium transition-colors focus-visible:outline-none focus-visible:ring-2 focus-visible:ring-ring focus-visible:ring-offset-2 disabled:pointer-events-none disabled:opacity-50 hover:bg-accent/55 hover:text-accent-foreground h-8 px-2.5 rounded-full border-map-border bg-map-surface/55 text-[10px] text-map-text-secondary data-[state=on]:border-map-accent data-[state=on]:bg-map-accent data-[state=on]:text-white"
                  data-radix-collection-item=""
                  data-state="on"
                  role="radio"
                  tabindex="-1"
                  title="Sale Activity"
                  type="button"
                >
                  Sale Activity
                </button>
                <button
                  aria-checked="false"
                  aria-label="Price Density"
                  class="inline-flex items-center justify-center whitespace-nowrap border font-medium transition-colors focus-visible:outline-none focus-visible:ring-2 focus-visible:ring-ring focus-visible:ring-offset-2 disabled:pointer-events-none disabled:opacity-50 hover:bg-accent/55 hover:text-accent-foreground h-8 px-2.5 rounded-full border-map-border bg-map-surface/55 text-[10px] text-map-text-secondary data-[state=on]:border-map-accent data-[state=on]:bg-map-accent data-[state=on]:text-white"
                  data-radix-collection-item=""
                  data-state="off"
                  role="radio"
                  tabindex="-1"
                  title="Price Density"
                  type="button"
                >
                  Price Density
                </button>
                <button
                  aria-checked="false"
                  aria-label="Development Activity"
                  class="inline-flex items-center justify-center whitespace-nowrap border font-medium transition-colors focus-visible:outline-none focus-visible:ring-2 focus-visible:ring-ring focus-visible:ring-offset-2 disabled:pointer-events-none disabled:opacity-50 hover:bg-accent/55 hover:text-accent-foreground h-8 px-2.5 rounded-full border-map-border bg-map-surface/55 text-[10px] text-map-text-secondary data-[state=on]:border-map-accent data-[state=on]:bg-map-accent data-[state=on]:text-white"
                  data-radix-collection-item=""
                  data-state="off"
                  role="radio"
                  tabindex="-1"
                  title="Development Activity"
                  type="button"
                >
                  Development Activity
                </button>
              </div>
            </div>
          </section>
          <section
            class="border-b border-map-border px-4 py-4"
            data-tour="draw-tool"
          >
            <div
              class="flex items-start justify-between gap-3"
            >
              <div
                class="min-w-0"
              >
                <p
                  class="font-mono text-[10px] uppercase tracking-[0.22em] text-map-text-muted"
                >
                  Draw area
                </p>
                <p
                  class="mt-2 text-[11px] leading-5 text-map-text-secondary"
                >
                  Sketch a polygon to search inside a tighter geography without leaving the map.
                </p>
              </div>
              <div
                class="inline-flex items-center rounded-full border font-mono uppercase tracking-[0.18em] transition-colors focus:outline-none focus:ring-2 focus:ring-ring focus:ring-offset-2 bg-background/42 text-foreground px-2 py-1 text-[9px]"
              >
                Off
              </div>
            </div>
            <div
              class="mt-3 flex flex-wrap gap-2"
            >
              <button
                class="inline-flex items-center justify-center whitespace-nowrap border tracking-[-0.01em] transition-[background-color,border-color,color,transform] duration-200 focus-visible:outline-none focus-visible:ring-2 focus-visible:ring-ring focus-visible:ring-offset-2 disabled:pointer-events-none disabled:opacity-50 [&_svg]:pointer-events-none [&_svg]:shrink-0 hover:-translate-y-px rounded-lg h-8 gap-1.5 px-3 text-[10px] font-medium border-map-border bg-map-surface/55 text-map-text-primary hover:bg-map-surface"
                title="Draw polygon search area"
                type="button"
              >
                <svg
                  aria-hidden="true"
                  class="lucide lucide-pencil h-3.5 w-3.5"
                  fill="none"
                  height="24"
                  stroke="currentColor"
                  stroke-linecap="round"
                  stroke-linejoin="round"
                  stroke-width="2"
                  viewBox="0 0 24 24"
                  width="24"
                  xmlns="http://www.w3.org/2000/svg"
                >
                  <path
                    d="M21.174 6.812a1 1 0 0 0-3.986-3.987L3.842 16.174a2 2 0 0 0-.5.83l-1.321 4.352a.5.5 0 0 0 .623.622l4.353-1.32a2 2 0 0 0 .83-.497z"
                  />
                  <path
                    d="m15 5 4 4"
                  />
                </svg>
                Start draw
              </button>
            </div>
          </section>
          <section
            class="border-b border-map-border px-4 py-4"
            data-tour="geofences"
          >
            <p
              class="font-mono text-[10px] uppercase tracking-[0.22em] text-map-text-muted"
            >
              Geofences
            </p>
            <h3
              class="mt-1 text-xs font-semibold text-map-text-primary"
            >
              Save repeat search areas and reapply them instantly.
            </h3>
            <div
              class="mt-3"
            >
              <div
                data-testid="saved-geofences"
              >
                Saved geofences
              </div>
            </div>
          </section>
          <section
            class="px-4 py-4"
          >
            <p
              class="font-mono text-[10px] uppercase tracking-[0.22em] text-map-text-muted"
            >
              Selection
            </p>
            <div
              class="mt-2 flex items-center justify-between gap-3 rounded-xl border border-map-border bg-map-surface/55 px-3 py-3"
            >
              <div>
                <p
                  class="text-[11px] font-medium text-map-text-primary"
                >
                  2
                   parcel
                  s
                   active
                </p>
                <p
                  class="mt-1 text-[10px] leading-4 text-map-text-muted"
                >
                  Use the current selection for screening, comparison, or a copilot follow-up.
                </p>
              </div>
              <button
                class="inline-flex items-center justify-center whitespace-nowrap border tracking-[-0.01em] transition-[background-color,border-color,color,transform] duration-200 focus-visible:outline-none focus-visible:ring-2 focus-visible:ring-ring focus-visible:ring-offset-2 disabled:pointer-events-none disabled:opacity-50 [&_svg]:pointer-events-none [&_svg]:shrink-0 hover:-translate-y-px h-9 rounded-lg border-map-accent bg-map-accent px-3 py-2 text-[10px] font-medium text-white hover:bg-map-accent/90"
                type="button"
              >
                Compare selected parcels
              </button>
            </div>
          </section>
        </div>
      </div>
    </div>
    <div
      class="shrink-0 h-[1px] w-full bg-map-border"
      data-orientation="horizontal"
      role="none"
    />
    <div
      class="flex items-center justify-between px-4 py-2 text-[10px] text-map-text-muted"
    >
      <div
        class="flex items-center gap-3"
      >
        <span>
          <kbd
            class="rounded border border-map-border px-1"
          >
            L
          </kbd>
           Panel
        </span>
        <span>
          <kbd
            class="rounded border border-map-border px-1"
          >
            D
          </kbd>
           Draw
        </span>
        <span>
          <kbd
            class="rounded border border-map-border px-1"
          >
            F
          </kbd>
           Full
        </span>
        <span>
          <kbd
            class="rounded border border-map-border px-1"
          >
            S
          </kbd>
           Snap
        </span>
      </div>
    </div>
  </aside>
</div>
`;
