// Vitest Snapshot v1, https://vitest.dev/guide/snapshot.html

exports[`SavedGeofences > renders the saved geofence list with active polygon context 1`] = `
<div
  class="flex flex-col gap-2 text-xs"
  data-tour="geofences"
>
  <div
    class="flex items-start justify-between gap-3"
  >
    <div
      class="min-w-0"
    >
      <p
        class="font-mono text-[10px] uppercase tracking-[0.22em] text-map-text-muted"
      >
        Saved Geofences
      </p>
      <p
        class="mt-1 text-[11px] leading-5 text-map-text-secondary"
      >
        Reusable parcel search areas for repeat prospecting and site review.
      </p>
    </div>
    <button
      class="inline-flex items-center justify-center whitespace-nowrap border font-medium tracking-[-0.01em] transition-[background-color,border-color,color,transform] duration-200 focus-visible:outline-none focus-visible:ring-2 focus-visible:ring-ring focus-visible:ring-offset-2 disabled:pointer-events-none disabled:opacity-50 [&_svg]:pointer-events-none [&_svg]:shrink-0 border-input bg-background/42 hover:bg-accent/40 hover:text-accent-foreground rounded-lg px-3 h-7 text-[10px]"
      type="button"
    >
      Refresh
    </button>
  </div>
  <div
    class="flex items-center justify-between gap-3 text-[10px] text-map-text-muted"
  >
    <span>
      Active polygon ready to save
    </span>
    <span>
      1
       saved
    </span>
  </div>
  <div
    class="flex gap-1.5"
  >
    <input
      class="flex w-full rounded-xl border px-3 py-2 backdrop-blur-sm file:border-0 file:bg-transparent file:text-sm file:font-medium focus-visible:outline-none focus-visible:ring-2 focus-visible:ring-ring focus-visible:ring-offset-2 disabled:cursor-not-allowed disabled:opacity-50 min-w-0 h-8 flex-1 border-map-border bg-map-surface text-[11px] text-map-text-primary placeholder:text-map-text-muted"
      placeholder="Geofence name"
      value=""
    />
    <button
      class="inline-flex items-center justify-center whitespace-nowrap rounded-xl border border-transparent tracking-[-0.01em] transition-[background-color,border-color,color,transform] duration-200 focus-visible:outline-none focus-visible:ring-2 focus-visible:ring-ring focus-visible:ring-offset-2 disabled:pointer-events-none [&_svg]:pointer-events-none [&_svg]:shrink-0 hover:-translate-y-px py-2 h-8 bg-map-accent px-2.5 text-[10px] font-medium text-white hover:bg-map-accent/90 disabled:opacity-40"
      disabled=""
      type="button"
    >
      Save area
    </button>
  </div>
  <div
    class="relative overflow-hidden h-40"
    dir="ltr"
    style="position: relative; --radix-scroll-area-corner-width: 0px; --radix-scroll-area-corner-height: 0px;"
  >
    <style>
      [data-radix-scroll-area-viewport]{scrollbar-width:none;-ms-overflow-style:none;-webkit-overflow-scrolling:touch;}[data-radix-scroll-area-viewport]::-webkit-scrollbar{display:none}
    </style>
    <div
      class="h-full w-full rounded-[inherit]"
      data-radix-scroll-area-viewport=""
      style="overflow-x: hidden; overflow-y: scroll;"
    >
      <div
        style="min-width: 100%; display: table;"
      >
        <div
          class="flex flex-col gap-1.5 pr-2"
        >
          <div
            class="rounded-xl border border-map-border bg-map-surface/45 px-3 py-2.5"
          >
            <div
              class="flex items-start justify-between gap-2"
            >
              <div
                class="min-w-0 flex-1"
              >
                <div
                  class="flex items-center gap-2"
                >
                  <p
                    class="truncate text-[11px] font-medium text-map-text-primary"
                  >
                    Baton Rouge Core
                  </p>
                  <span
                    class="inline-flex items-center gap-1 text-[9px] text-map-text-muted"
                  >
                    <span
                      class="inline-block h-1.5 w-1.5 rounded-full bg-map-text-muted/50"
                    />
                    Paused
                  </span>
                </div>
                <div
                  class="mt-1 flex items-center gap-2"
                >
                  <span
                    class="text-[10px] text-map-text-muted"
                  >
                    Mar 21
                  </span>
                  <span
                    class="text-[9px] text-map-text-muted"
                  >
                    Last alert: 
                    Never
                  </span>
                </div>
              </div>
              <div
                class="flex items-center gap-1"
              >
                <div
                  class="inline-flex items-center rounded-full border font-mono uppercase tracking-[0.18em] transition-colors focus:outline-none focus:ring-2 focus:ring-ring focus:ring-offset-2 border-transparent bg-secondary/65 text-secondary-foreground hover:bg-secondary/90 px-2 py-0.5 text-[9px]"
                >
                  Active
                </div>
                <button
                  class="rounded p-1 transition-colors hover:bg-map-surface-elevated"
                  title="Enable alerts"
                  type="button"
                >
                  <svg
                    aria-hidden="true"
                    class="lucide lucide-bell-off h-3.5 w-3.5 text-map-text-muted"
                    fill="none"
                    height="24"
                    stroke="currentColor"
                    stroke-linecap="round"
                    stroke-linejoin="round"
                    stroke-width="2"
                    viewBox="0 0 24 24"
                    width="24"
                    xmlns="http://www.w3.org/2000/svg"
                  >
                    <path
                      d="M10.268 21a2 2 0 0 0 3.464 0"
                    />
                    <path
                      d="M17 17H4a1 1 0 0 1-.74-1.673C4.59 13.956 6 12.499 6 8a6 6 0 0 1 .258-1.742"
                    />
                    <path
                      d="m2 2 20 20"
                    />
                    <path
                      d="M8.668 3.01A6 6 0 0 1 18 8c0 2.687.77 4.653 1.707 6.05"
                    />
                  </svg>
                </button>
              </div>
            </div>
            <div
              class="mt-2 flex items-center gap-2"
            >
              <button
                class="inline-flex items-center justify-center whitespace-nowrap border font-medium tracking-[-0.01em] transition-[background-color,border-color,color,transform] duration-200 focus-visible:outline-none focus-visible:ring-2 focus-visible:ring-ring focus-visible:ring-offset-2 disabled:pointer-events-none disabled:opacity-50 [&_svg]:pointer-events-none [&_svg]:shrink-0 border-input bg-background/42 hover:bg-accent/40 hover:text-accent-foreground rounded-lg h-7 px-2.5 text-[10px]"
                title="Baton Rouge Core"
                type="button"
              >
                Apply
              </button>
              <button
                class="inline-flex items-center justify-center whitespace-nowrap border font-medium tracking-[-0.01em] transition-[background-color,border-color,color,transform] duration-200 focus-visible:outline-none focus-visible:ring-2 focus-visible:ring-ring focus-visible:ring-offset-2 disabled:pointer-events-none [&_svg]:pointer-events-none [&_svg]:shrink-0 border-transparent bg-transparent rounded-lg h-7 px-2.5 text-[10px] text-red-400 hover:bg-red-500/10 hover:text-red-300 disabled:opacity-40"
                type="button"
              >
                Delete
              </button>
            </div>
          </div>
        </div>
      </div>
    </div>
  </div>
</div>
`;
