// Vitest Snapshot v1, https://vitest.dev/guide/snapshot.html

exports[`SavedGeofences > renders the saved geofence list with active polygon context 1`] = `
<div
  class="space-y-2 text-xs"
  data-tour="geofences"
>
  <div
    class="flex items-start justify-between gap-3"
  >
    <div
      class="min-w-0"
    >
      <p
        class="font-mono text-[10px] uppercase tracking-[0.22em] text-map-text-muted"
      >
        Saved Geofences
      </p>
      <p
        class="mt-1 text-[11px] leading-5 text-map-text-secondary"
      >
        Reusable parcel search areas for repeat prospecting and site review.
      </p>
    </div>
    <button
      class="map-btn h-7 rounded-lg px-2.5 text-[10px]"
      type="button"
    >
      Refresh
    </button>
  </div>
  <div
    class="flex items-center justify-between gap-3 text-[10px] text-map-text-muted"
  >
    <span>
      Active polygon ready to save
    </span>
    <span>
      1
       saved
    </span>
  </div>
  <div
    class="flex gap-1.5"
  >
    <input
      class="min-w-0 flex-1 rounded-lg border border-map-border bg-map-surface px-2.5 py-1.5 text-map-text-primary placeholder:text-map-text-muted"
      placeholder="Geofence name"
      value=""
    />
    <button
      class="rounded-lg bg-map-accent px-2.5 py-1.5 text-[10px] font-medium text-white disabled:opacity-40"
      disabled=""
      type="button"
    >
      Save area
    </button>
  </div>
  <div
    class="max-h-40 space-y-1.5 overflow-auto"
  >
    <div
      class="rounded-xl border border-map-border bg-map-surface/45 px-3 py-2.5"
    >
      <div
        class="flex items-start justify-between gap-2"
      >
        <div
          class="min-w-0"
        >
          <p
            class="truncate text-[11px] font-medium text-map-text-primary"
          >
            Baton Rouge Core
          </p>
          <p
            class="mt-1 text-[10px] text-map-text-muted"
          >
            Mar 21
          </p>
        </div>
        <span
          class="rounded-full border border-map-border bg-map-accent-surface px-2 py-0.5 font-mono text-[10px] uppercase tracking-[0.18em] text-map-text-primary"
        >
          Active
        </span>
      </div>
      <div
        class="mt-2 flex items-center gap-2"
      >
        <button
          class="map-btn rounded-lg px-2.5 py-1 text-[10px]"
          title="Baton Rouge Core"
          type="button"
        >
          Apply
        </button>
        <button
          class="rounded-lg px-2.5 py-1 text-[10px] text-red-400 transition-colors hover:bg-red-500/10 hover:text-red-300 disabled:opacity-40"
          type="button"
        >
          Delete
        </button>
      </div>
    </div>
  </div>
</div>
`;
