// Vitest Snapshot v1, https://vitest.dev/guide/snapshot.html

exports[`zoningLayerConfig > snapshots the zoning tile layer contract 1`] = `
{
  "filter": [
    "has",
    "zoning_type",
  ],
  "id": "zoning-tiles-fill",
  "layout": {
    "visibility": "visible",
  },
  "paint": {
    "fill-color": [
      "match",
      [
        "get",
        "zoning_type",
      ],
      "A1",
      "#16a34a",
      "A2",
      "#22c55e",
      "A2.1",
      "#2dd4bf",
      "A2.5",
      "#34d399",
      "A2.6",
      "#4ade80",
      "A2.7",
      "#6ee7b7",
      "A2.9",
      "#a7f3d0",
      "A3.1",
      "#0d9488",
      "A3.2",
      "#14b8a6",
      "A3.3",
      "#5eead4",
      "A4",
      "#0e7490",
      "A5",
      "#06b6d4",
      "R",
      "#15803d",
      "RS",
      "#65a30d",
      "RE",
      "#84cc16",
      "RE/A1",
      "#a3e635",
      "RU",
      "#4d7c0f",
      "C1",
      "#2563eb",
      "C2",
      "#1d4ed8",
      "C5",
      "#3b82f6",
      "C-AB-1",
      "#6366f1",
      "C-AB-2",
      "#818cf8",
      "CN",
      "#60a5fa",
      "CG",
      "#1e40af",
      "CW",
      "#7dd3fc",
      "CW1",
      "#38bdf8",
      "CW2",
      "#0ea5e9",
      "CW3",
      "#0284c7",
      "B",
      "#4f46e5",
      "B1",
      "#7c3aed",
      "BP",
      "#a78bfa",
      "M1",
      "#9333ea",
      "M2",
      "#7e22ce",
      "I",
      "#c026d3",
      "PUD",
      "#ea580c",
      "SPUD",
      "#f97316",
      "ISPUD",
      "#fb923c",
      "TND",
      "#d97706",
      "UC",
      "#f59e0b",
      "NC",
      "#fbbf24",
      "NC-AB",
      "#fcd34d",
      "GA",
      "#92400e",
      "GOL",
      "#a16207",
      "GOH",
      "#b45309",
      "GU",
      "#78716c",
      "HC1",
      "#dc2626",
      "HC2",
      "#ef4444",
      "HDD",
      "#b91c1c",
      "LC1",
      "#0369a1",
      "LC2",
      "#0891b2",
      "LC3",
      "#0e7490",
      "NO",
      "#d4d4d8",
      [
        "case",
        [
          "any",
          [
            "==",
            [
              "slice",
              [
                "get",
                "zoning_type",
              ],
              0,
              2,
            ],
            "M1",
          ],
          [
            "==",
            [
              "slice",
              [
                "get",
                "zoning_type",
              ],
              0,
              2,
            ],
            "M2",
          ],
        ],
        "#9333ea",
        [
          "==",
          [
            "slice",
            [
              "get",
              "zoning_type",
            ],
            0,
            1,
          ],
          "I",
        ],
        "#c026d3",
        [
          "any",
          [
            "==",
            [
              "slice",
              [
                "get",
                "zoning_type",
              ],
              0,
              2,
            ],
            "C1",
          ],
          [
            "==",
            [
              "slice",
              [
                "get",
                "zoning_type",
              ],
              0,
              2,
            ],
            "C2",
          ],
          [
            "==",
            [
              "slice",
              [
                "get",
                "zoning_type",
              ],
              0,
              2,
            ],
            "C5",
          ],
          [
            "==",
            [
              "slice",
              [
                "get",
                "zoning_type",
              ],
              0,
              2,
            ],
            "CG",
          ],
          [
            "==",
            [
              "slice",
              [
                "get",
                "zoning_type",
              ],
              0,
              2,
            ],
            "CN",
          ],
          [
            "==",
            [
              "slice",
              [
                "get",
                "zoning_type",
              ],
              0,
              2,
            ],
            "CW",
          ],
        ],
        "#2563eb",
        [
          "any",
          [
            "==",
            [
              "slice",
              [
                "get",
                "zoning_type",
              ],
              0,
              1,
            ],
            "C",
          ],
        ],
        "#6366f1",
        [
          "any",
          [
            "==",
            [
              "slice",
              [
                "get",
                "zoning_type",
              ],
              0,
              2,
            ],
            "B1",
          ],
          [
            "==",
            [
              "slice",
              [
                "get",
                "zoning_type",
              ],
              0,
              2,
            ],
            "BP",
          ],
          [
            "==",
            [
              "slice",
              [
                "get",
                "zoning_type",
              ],
              0,
              1,
            ],
            "B",
          ],
        ],
        "#4f46e5",
        [
          "any",
          [
            "==",
            [
              "slice",
              [
                "get",
                "zoning_type",
              ],
              0,
              3,
            ],
            "PUD",
          ],
          [
            "==",
            [
              "slice",
              [
                "get",
                "zoning_type",
              ],
              0,
              4,
            ],
            "SPUD",
          ],
          [
            "==",
            [
              "slice",
              [
                "get",
                "zoning_type",
              ],
              0,
              5,
            ],
            "ISPUD",
          ],
        ],
        "#ea580c",
        [
          "any",
          [
            "==",
            [
              "slice",
              [
                "get",
                "zoning_type",
              ],
              0,
              3,
            ],
            "TND",
          ],
          [
            "==",
            [
              "slice",
              [
                "get",
                "zoning_type",
              ],
              0,
              2,
            ],
            "UC",
          ],
          [
            "==",
            [
              "slice",
              [
                "get",
                "zoning_type",
              ],
              0,
              2,
            ],
            "NC",
          ],
        ],
        "#d97706",
        [
          "any",
          [
            "==",
            [
              "slice",
              [
                "get",
                "zoning_type",
              ],
              0,
              3,
            ],
            "HC1",
          ],
          [
            "==",
            [
              "slice",
              [
                "get",
                "zoning_type",
              ],
              0,
              3,
            ],
            "HC2",
          ],
        ],
        "#dc2626",
        [
          "any",
          [
            "==",
            [
              "slice",
              [
                "get",
                "zoning_type",
              ],
              0,
              2,
            ],
            "GA",
          ],
          [
            "==",
            [
              "slice",
              [
                "get",
                "zoning_type",
              ],
              0,
              2,
            ],
            "GO",
          ],
          [
            "==",
            [
              "slice",
              [
                "get",
                "zoning_type",
              ],
              0,
              2,
            ],
            "GU",
          ],
        ],
        "#92400e",
        [
          "any",
          [
            "==",
            [
              "slice",
              [
                "get",
                "zoning_type",
              ],
              0,
              2,
            ],
            "LC",
          ],
        ],
        "#0369a1",
        [
          "==",
          [
            "slice",
            [
              "get",
              "zoning_type",
            ],
            0,
            2,
          ],
          "RS",
        ],
        "#65a30d",
        [
          "==",
          [
            "slice",
            [
              "get",
              "zoning_type",
            ],
            0,
            2,
          ],
          "RE",
        ],
        "#84cc16",
        [
          "==",
          [
            "slice",
            [
              "get",
              "zoning_type",
            ],
            0,
            2,
          ],
          "RU",
        ],
        "#4d7c0f",
        [
          "==",
          [
            "slice",
            [
              "get",
              "zoning_type",
            ],
            0,
            1,
          ],
          "R",
        ],
        "#15803d",
        [
          "==",
          [
            "slice",
            [
              "get",
              "zoning_type",
            ],
            0,
            1,
          ],
          "A",
        ],
        "#22c55e",
        "#9ca3af",
      ],
    ],
    "fill-opacity": 0.3,
  },
  "source": "zoning-tiles",
  "source-layer": "zoning",
  "type": "fill",
}
`;
