// Vitest Snapshot v1, https://vitest.dev/guide/snapshot.html

exports[`HomePage > renders the public Gallagher Property Company homepage 1`] = `
<div
  class="bg-black text-white"
  id="top"
>
  <main>
    <section
      class="relative isolate min-h-[100svh] overflow-hidden bg-black"
    >
      <div
        class="absolute inset-0"
        style="opacity: 0.18; transform: none;"
      >
        <div
          class="absolute inset-0 bg-[radial-gradient(circle_at_top_left,rgba(255,255,255,0.1),transparent_32%),radial-gradient(circle_at_bottom_right,rgba(255,255,255,0.08),transparent_28%)]"
        />
        <div
          class="absolute inset-0 [background-image:linear-gradient(rgba(255,255,255,0.08)_1px,transparent_1px),linear-gradient(90deg,rgba(255,255,255,0.08)_1px,transparent_1px)] [background-size:96px_96px]"
        />
      </div>
      <div
        class="absolute inset-0 bg-[linear-gradient(180deg,rgba(0,0,0,0)_0%,rgba(0,0,0,0.24)_100%)]"
      />
      <div
        class="relative flex min-h-[100svh] flex-col px-6 py-6 md:px-10 md:py-8 lg:px-16"
      >
        <header
          class="flex flex-col gap-6 border-b border-white/14 pb-6 sm:flex-row sm:items-end sm:justify-between"
        >
          <div
            class="space-y-3"
            style="opacity: 0; transform: translateY(24px);"
          >
            <p
              class="font-mono text-[0.72rem] uppercase tracking-[0.3em] text-white/52"
            >
              Gallagher Property Company
            </p>
            <div
              class="space-y-1"
            >
              <p
                class="text-sm text-white/76"
              >
                Baton Rouge, Louisiana
              </p>
              <p
                class="text-sm text-white/56"
              >
                Commercial real estate development and investment
              </p>
            </div>
          </div>
          <div
            class="flex items-center gap-4"
            style="opacity: 0; transform: translateY(24px);"
          >
            <p
              class="max-w-xs text-sm leading-6 text-white/54"
            >
              Direct language. Clear basis. Real estate decisions attached to the parcel.
            </p>
            <div>
              <a
                class="inline-flex items-center gap-2 text-sm font-medium text-white/88 transition-colors hover:text-white"
                href="/login"
              >
                Operator access
                <svg
                  aria-hidden="true"
                  class="lucide lucide-arrow-right h-4 w-4"
                  fill="none"
                  height="24"
                  stroke="currentColor"
                  stroke-linecap="round"
                  stroke-linejoin="round"
                  stroke-width="2"
                  viewBox="0 0 24 24"
                  width="24"
                  xmlns="http://www.w3.org/2000/svg"
                >
                  <path
                    d="M5 12h14"
                  />
                  <path
                    d="m12 5 7 7-7 7"
                  />
                </svg>
              </a>
            </div>
          </div>
        </header>
        <div
          class="flex flex-1 flex-col justify-center py-10 md:py-14"
        >
          <h1
            class="sr-only"
          >
            Buy, build, and manage Manufactured Home Communities.
          </h1>
          <div
            class="border-b border-white/14"
            style="opacity: 0; transform: translateY(24px);"
          >
            <p
              class="max-w-lg text-base leading-7 text-white/62 sm:text-lg"
            >
              We buy, build, and manage Manufactured Home Communities.
            </p>
          </div>
          <div
            class="mt-4"
          >
            <article
              class="grid gap-6 border-t border-white/14 py-8 first:border-t-0 md:grid-cols-[minmax(0,1.2fr)_minmax(0,0.8fr)] md:items-end md:gap-10 lg:py-10"
              style="opacity: 0; transform: translateY(24px);"
            >
              <div>
                <h2
                  class="text-[clamp(4rem,14vw,11rem)] font-semibold leading-[0.82] tracking-[-0.09em] text-white"
                >
                  BUY
                </h2>
              </div>
              <div
                class="max-w-md"
              >
                <p
                  class="font-mono text-[0.7rem] uppercase tracking-[0.3em] text-white/46"
                >
                  What we buy
                </p>
                <ul
                  class="mt-4 space-y-3 text-sm leading-6 text-white/72 sm:text-base"
                >
                  <li
                    class="border-b border-white/10 pb-3 last:border-b-0 last:pb-0"
                  >
                    Commercial sites with real access, shape, and frontage.
                  </li>
                  <li
                    class="border-b border-white/10 pb-3 last:border-b-0 last:pb-0"
                  >
                    Basis where entitlement work can create pricing edge.
                  </li>
                  <li
                    class="border-b border-white/10 pb-3 last:border-b-0 last:pb-0"
                  >
                    Opportunities where local context changes the outcome.
                  </li>
                </ul>
              </div>
            </article>
            <article
              class="grid gap-6 border-t border-white/14 py-8 first:border-t-0 md:grid-cols-[minmax(0,1.2fr)_minmax(0,0.8fr)] md:items-end md:gap-10 lg:py-10"
              style="opacity: 0; transform: translateY(24px);"
            >
              <div>
                <h2
                  class="text-[clamp(4rem,14vw,11rem)] font-semibold leading-[0.82] tracking-[-0.09em] text-white"
                >
                  BUILD
                </h2>
              </div>
              <div
                class="max-w-md"
              >
                <p
                  class="font-mono text-[0.7rem] uppercase tracking-[0.3em] text-white/46"
                >
                  What we build
                </p>
                <ul
                  class="mt-4 space-y-3 text-sm leading-6 text-white/72 sm:text-base"
                >
                  <li
                    class="border-b border-white/10 pb-3 last:border-b-0 last:pb-0"
                  >
                    Plans tied to the parcel instead of abstract assumptions.
                  </li>
                  <li
                    class="border-b border-white/10 pb-3 last:border-b-0 last:pb-0"
                  >
                    Execution paths grounded in approvals, infrastructure, and timing.
                  </li>
                  <li
                    class="border-b border-white/10 pb-3 last:border-b-0 last:pb-0"
                  >
                    Projects where capital discipline stays attached from first read to delivery.
                  </li>
                </ul>
              </div>
            </article>
            <article
              class="grid gap-6 border-t border-white/14 py-8 first:border-t-0 md:grid-cols-[minmax(0,1.2fr)_minmax(0,0.8fr)] md:items-end md:gap-10 lg:py-10"
              style="opacity: 0; transform: translateY(24px);"
            >
              <div>
                <h2
                  class="text-[clamp(4rem,14vw,11rem)] font-semibold leading-[0.82] tracking-[-0.09em] text-white"
                >
                  MANAGE
                </h2>
              </div>
              <div
                class="max-w-md"
              >
                <p
                  class="font-mono text-[0.7rem] uppercase tracking-[0.3em] text-white/46"
                >
                  What we manage
                </p>
                <ul
                  class="mt-4 space-y-3 text-sm leading-6 text-white/72 sm:text-base"
                >
                  <li
                    class="border-b border-white/10 pb-3 last:border-b-0 last:pb-0"
                  >
                    Communities where resident experience and operations stay aligned.
                  </li>
                  <li
                    class="border-b border-white/10 pb-3 last:border-b-0 last:pb-0"
                  >
                    Capital plans tied to long-term performance, not short-term noise.
                  </li>
                  <li
                    class="border-b border-white/10 pb-3 last:border-b-0 last:pb-0"
                  >
                    Execution that preserves quality while improving income durability.
                  </li>
                </ul>
              </div>
            </article>
          </div>
        </div>
        <footer
          class="border-t border-white/14 pt-6"
        >
          <div
            class="flex flex-col gap-5 md:flex-row md:items-end md:justify-between"
            style="opacity: 0; transform: translateY(24px);"
          >
            <div
              class="max-w-md space-y-2"
            >
              <p
                class="font-mono text-[0.7rem] uppercase tracking-[0.3em] text-white/46"
              >
                Final CTA
              </p>
              <p
                class="text-sm leading-6 text-white/64 sm:text-base"
              >
                The public front door stays simple. Active internal execution still runs through Entitlement OS.
              </p>
            </div>
            <div>
              <a
                class="inline-flex items-center justify-center whitespace-nowrap border border-transparent tracking-[-0.01em] transition-[background-color,border-color,color,box-shadow,transform] duration-200 focus-visible:outline-none focus-visible:ring-2 focus-visible:ring-ring focus-visible:ring-offset-2 disabled:pointer-events-none disabled:opacity-50 [&_svg]:pointer-events-none [&_svg]:shrink-0 shadow-sm hover:-translate-y-px hover:shadow-md rounded-xl h-12 bg-white px-5 text-sm font-semibold text-black hover:bg-white/90"
                href="/login"
              >
                Enter Entitlement OS
                <svg
                  aria-hidden="true"
                  class="lucide lucide-arrow-right ml-2 h-4 w-4"
                  fill="none"
                  height="24"
                  stroke="currentColor"
                  stroke-linecap="round"
                  stroke-linejoin="round"
                  stroke-width="2"
                  viewBox="0 0 24 24"
                  width="24"
                  xmlns="http://www.w3.org/2000/svg"
                >
                  <path
                    d="M5 12h14"
                  />
                  <path
                    d="m12 5 7 7-7 7"
                  />
                </svg>
              </a>
            </div>
          </div>
          <div
            style="opacity: 0; transform: translateY(24px);"
          >
            <section
              class="mt-8 border-t border-white/14 pt-8"
            >
              <div
                class="max-w-2xl space-y-3"
              >
                <p
                  class="font-mono text-[0.7rem] uppercase tracking-[0.3em] text-white/46"
                >
                  Seller Intake
                </p>
                <h2
                  class="text-2xl font-semibold tracking-tight text-white sm:text-3xl"
                >
                  Selling a site in Louisiana?
                </h2>
                <p
                  class="text-sm leading-6 text-white/64 sm:text-base"
                >
                  Send the headline facts and we will review fit for acquisition.
                </p>
              </div>
              <form
                class="mt-6 grid gap-4 md:grid-cols-2"
              >
                <label
                  class="space-y-2 text-sm text-white/82"
                >
                  Name
                  <input
                    class="w-full rounded-md border border-white/20 bg-black/30 px-3 py-2 text-white"
                    name="name"
                    required=""
                    value=""
                  />
                </label>
                <label
                  class="space-y-2 text-sm text-white/82"
                >
                  Email
                  <input
                    class="w-full rounded-md border border-white/20 bg-black/30 px-3 py-2 text-white"
                    name="email"
                    required=""
                    type="email"
                    value=""
                  />
                </label>
                <label
                  class="space-y-2 text-sm text-white/82 md:col-span-2"
                >
                  Property address
                  <input
                    class="w-full rounded-md border border-white/20 bg-black/30 px-3 py-2 text-white"
                    name="propertyAddress"
                    required=""
                    value=""
                  />
                </label>
                <label
                  class="space-y-2 text-sm text-white/82 md:col-span-2"
                >
                  Details (optional)
                  <textarea
                    class="min-h-28 w-full rounded-md border border-white/20 bg-black/30 px-3 py-2 text-white"
                    name="details"
                  />
                </label>
                <label
                  aria-hidden="true"
                  class="hidden"
                >
                  Company
                  <input
                    autocomplete="off"
                    name="company"
                    tabindex="-1"
                    value=""
                  />
                </label>
                <div
                  class="md:col-span-2 flex items-center gap-4"
                >
                  <button
                    class="inline-flex items-center justify-center whitespace-nowrap rounded-xl border border-transparent text-sm font-medium tracking-[-0.01em] transition-[background-color,border-color,color,box-shadow,transform] duration-200 focus-visible:outline-none focus-visible:ring-2 focus-visible:ring-ring focus-visible:ring-offset-2 disabled:pointer-events-none disabled:opacity-50 [&_svg]:pointer-events-none [&_svg]:shrink-0 bg-primary text-primary-foreground shadow-sm hover:-translate-y-px hover:bg-primary/92 hover:shadow-md h-10 px-4 py-2"
                    disabled=""
                    type="submit"
                  >
                    Submit Seller Intake
                  </button>
                </div>
              </form>
            </section>
          </div>
        </footer>
      </div>
    </section>
  </main>
</div>
`;
