// Vitest Snapshot v1, https://vitest.dev/guide/snapshot.html

exports[`ChatContainer > does not fetch a nonexistent conversation for a fresh chat session 1`] = `
<div
  class="relative flex h-[calc(100svh-var(--app-header-height))] min-h-[calc(100svh-var(--app-header-height))] overflow-hidden"
>
  <div
    data-active-conversation-id=""
    data-mobile="false"
    data-open="true"
    data-testid="conversation-sidebar"
  />
  <div
    class="flex min-h-0 min-w-0 flex-1 flex-col overflow-hidden lg:flex-row"
  >
    <div
      class="flex min-h-0 min-w-0 flex-1 flex-col"
    >
      <div
        data-testid="chat-input"
      />
      <div
        class="shrink-0 border-b border-border/40 px-4 py-2.5 sm:px-5"
      >
        <div
          class="flex items-center gap-3"
        >
          <div
            class="hidden min-w-0 flex-1 items-center gap-4 text-[11px] text-muted-foreground md:flex"
          >
            <span>
              <span
                class="workspace-stat-label mr-1.5"
              >
                Scope
              </span>
              <span
                class="text-foreground/90"
              >
                No deal scope
              </span>
            </span>
            <span
              class="text-border/60"
            >
              |
            </span>
            <span>
              <span
                class="workspace-stat-label mr-1.5"
              >
                Thread
              </span>
              <span
                class="text-foreground/90"
              >
                Draft thread
              </span>
              <span
                class="ml-1 text-muted-foreground/50"
              >
                · 
                HTTP stream
              </span>
            </span>
            <span
              class="text-border/60"
            >
              |
            </span>
            <span>
              <span
                class="workspace-stat-label mr-1.5"
              >
                Agent
              </span>
              <span
                class="text-foreground/90"
              >
                Coordinator
              </span>
            </span>
            <span
              class="text-border/60"
            >
              |
            </span>
            <span>
              <span
                class="workspace-stat-label mr-1.5"
              >
                Runs
              </span>
              <span
                class="text-foreground/90"
              >
                0
              </span>
            </span>
          </div>
          <div
            class="min-w-0 flex-1 text-xs text-muted-foreground md:hidden"
          >
            <span
              class="text-foreground/90"
            >
              Coordinator
            </span>
            <span
              class="mx-1.5 text-border/60"
            >
              ·
            </span>
            <span>
              Draft thread
            </span>
          </div>
          <div
            class="flex shrink-0 items-center gap-2"
          >
            <div
              data-testid="deal-selector"
            />
          </div>
        </div>
      </div>
      <div
        class="min-h-0 flex-1 overflow-hidden"
      >
        <div
          data-conversation-id=""
          data-testid="message-list"
        />
      </div>
    </div>
    <aside
      class="hidden w-[19rem] border-l border-border/40 bg-background lg:flex lg:flex-col"
    >
      <div
        class="border-b border-border/40 px-4 py-3"
      >
        <p
          class="workspace-eyebrow text-[10px]"
        >
          Live Execution
        </p>
        <h3
          class="mt-0.5 text-xs font-semibold tracking-tight text-foreground"
        >
          Verification and specialist coverage
        </h3>
      </div>
      <div
        class="min-h-0 flex-1 overflow-y-auto px-4 py-4"
      >
        <div
          class="space-y-4"
        >
          <div
            class="grid grid-cols-2 gap-x-4 gap-y-2 text-[11px]"
          >
            <div
              class="flex items-baseline justify-between"
            >
              <span
                class="workspace-stat-label"
              >
                Thread
              </span>
              <span
                class="text-xs text-foreground"
              >
                Draft until first response
              </span>
            </div>
            <div
              class="flex items-baseline justify-between"
            >
              <span
                class="workspace-stat-label"
              >
                Agent
              </span>
              <span
                class="text-xs text-foreground"
              >
                Coordinator
              </span>
            </div>
            <div
              class="flex items-baseline justify-between"
            >
              <span
                class="workspace-stat-label"
              >
                Attach
              </span>
              <span
                class="text-xs text-foreground"
              >
                Enabled
              </span>
            </div>
            <div
              class="flex items-baseline justify-between"
            >
              <span
                class="workspace-stat-label"
              >
                History
              </span>
              <span
                class="text-xs text-foreground"
              >
                No recents yet
              </span>
            </div>
          </div>
          <div
            class="space-y-3"
            data-orientation="horizontal"
            dir="ltr"
          >
            <div
              aria-orientation="horizontal"
              class="inline-flex min-h-10 items-center gap-1 rounded-xl border-b border-border/70 bg-transparent p-0 text-muted-foreground w-full justify-start"
              data-orientation="horizontal"
              role="tablist"
              style="outline-color: none; outline-style: none; outline-width: initial;"
              tabindex="0"
            >
              <button
                aria-controls="radix-_r_0_-content-guide"
                aria-selected="true"
                class="inline-flex min-h-9 items-center justify-center whitespace-nowrap border-b-2 border-transparent px-3 py-1.5 text-sm font-medium transition-all focus-visible:outline-none focus-visible:ring-2 focus-visible:ring-ring focus-visible:ring-offset-2 disabled:pointer-events-none disabled:opacity-50 data-[state=active]:border-foreground/80 data-[state=active]:text-foreground"
                data-orientation="horizontal"
                data-radix-collection-item=""
                data-state="active"
                id="radix-_r_0_-trigger-guide"
                role="tab"
                tabindex="-1"
                type="button"
              >
                Guide
              </button>
              <button
                aria-controls="radix-_r_0_-content-verification"
                aria-selected="false"
                class="inline-flex min-h-9 items-center justify-center whitespace-nowrap border-b-2 border-transparent px-3 py-1.5 text-sm font-medium transition-all focus-visible:outline-none focus-visible:ring-2 focus-visible:ring-ring focus-visible:ring-offset-2 disabled:pointer-events-none disabled:opacity-50 data-[state=active]:border-foreground/80 data-[state=active]:text-foreground"
                data-orientation="horizontal"
                data-radix-collection-item=""
                data-state="inactive"
                id="radix-_r_0_-trigger-verification"
                role="tab"
                tabindex="-1"
                type="button"
              >
                Verification
              </button>
              <button
                aria-controls="radix-_r_0_-content-coverage"
                aria-selected="false"
                class="inline-flex min-h-9 items-center justify-center whitespace-nowrap border-b-2 border-transparent px-3 py-1.5 text-sm font-medium transition-all focus-visible:outline-none focus-visible:ring-2 focus-visible:ring-ring focus-visible:ring-offset-2 disabled:pointer-events-none disabled:opacity-50 data-[state=active]:border-foreground/80 data-[state=active]:text-foreground"
                data-orientation="horizontal"
                data-radix-collection-item=""
                data-state="inactive"
                id="radix-_r_0_-trigger-coverage"
                role="tab"
                tabindex="-1"
                type="button"
              >
                Coverage
              </button>
            </div>
            <div
              aria-labelledby="radix-_r_0_-trigger-guide"
              class="focus-visible:outline-none focus-visible:ring-2 focus-visible:ring-ring focus-visible:ring-offset-2 mt-0 space-y-3"
              data-orientation="horizontal"
              data-state="active"
              id="radix-_r_0_-content-guide"
              role="tabpanel"
              tabindex="0"
            >
              <div
                class="space-y-2 text-sm leading-6"
              >
                <div
                  class="flex items-start gap-2.5"
                >
                  <span
                    class="mt-0.5 flex h-4.5 w-4.5 shrink-0 items-center justify-center rounded-full border border-border/60 text-[9px] font-semibold text-muted-foreground"
                  >
                    1
                  </span>
                  <div>
                    <p
                      class="text-xs font-medium text-foreground"
                    >
                      Set the scope
                    </p>
                    <p
                      class="text-xs text-muted-foreground"
                    >
                      Lead with a parcel, address, deal, market, or uploaded file so the agent can anchor the run.
                    </p>
                  </div>
                </div>
                <div
                  class="flex items-start gap-2.5"
                >
                  <span
                    class="mt-0.5 flex h-4.5 w-4.5 shrink-0 items-center justify-center rounded-full border border-border/60 text-[9px] font-semibold text-muted-foreground"
                  >
                    2
                  </span>
                  <div>
                    <p
                      class="text-xs font-medium text-foreground"
                    >
                      Ask for the deliverable
                    </p>
                    <p
                      class="text-xs text-muted-foreground"
                    >
                      Request a screen, memo, checklist, comparison, or action plan instead of a vague answer.
                    </p>
                  </div>
                </div>
                <div
                  class="flex items-start gap-2.5"
                >
                  <span
                    class="mt-0.5 flex h-4.5 w-4.5 shrink-0 items-center justify-center rounded-full border border-border/60 text-[9px] font-semibold text-muted-foreground"
                  >
                    3
                  </span>
                  <div>
                    <p
                      class="text-xs font-medium text-foreground"
                    >
                      Verify before acting
                    </p>
                    <p
                      class="text-xs text-muted-foreground"
                    >
                      Inspect tool activity, handoffs, evidence gaps, and cited sources before making a decision.
                    </p>
                  </div>
                </div>
              </div>
              <div
                class="space-y-1 border-t border-border/40 pt-3 text-[11px] leading-5 text-muted-foreground"
              >
                <p>
                  <span
                    class="text-foreground/80"
                  >
                    Stateful thread
                  </span>
                   
                  Saved runs reopen from the left rail so the operating context stays intact across turns.
                </p>
                <p>
                  <span
                    class="text-foreground/80"
                  >
                    Specialist handoffs
                  </span>
                   
                  The coordinator can delegate work to research, finance, risk, entitlements, diligence, and other specialists.
                </p>
                <p>
                  <span
                    class="text-foreground/80"
                  >
                    Tool-backed execution
                  </span>
                   
                  Live tool calls, approvals, artifacts, and map references surface in the thread while the run is active.
                </p>
              </div>
            </div>
            <div
              aria-labelledby="radix-_r_0_-trigger-verification"
              class="focus-visible:outline-none focus-visible:ring-2 focus-visible:ring-ring focus-visible:ring-offset-2 mt-0"
              data-orientation="horizontal"
              data-state="inactive"
              hidden=""
              id="radix-_r_0_-content-verification"
              role="tabpanel"
              tabindex="0"
            />
            <div
              aria-labelledby="radix-_r_0_-trigger-coverage"
              class="focus-visible:outline-none focus-visible:ring-2 focus-visible:ring-ring focus-visible:ring-offset-2 mt-0 space-y-3"
              data-orientation="horizontal"
              data-state="inactive"
              hidden=""
              id="radix-_r_0_-content-coverage"
              role="tabpanel"
              tabindex="0"
            />
          </div>
        </div>
      </div>
    </aside>
  </div>
</div>
`;
