// Vitest Snapshot v1, https://vitest.dev/guide/snapshot.html

exports[`ChatContainer > does not fetch a nonexistent conversation for a fresh websocket chat 1`] = `
<div
  class="relative flex h-[calc(100svh-var(--app-header-height))] min-h-[calc(100svh-var(--app-header-height))] overflow-hidden"
>
  <div
    data-active-conversation-id=""
    data-mobile="false"
    data-open="true"
    data-testid="conversation-sidebar"
  />
  <div
    class="flex min-h-0 min-w-0 flex-1 flex-col overflow-hidden lg:flex-row"
  >
    <div
      class="flex min-h-0 min-w-0 flex-1 flex-col"
    >
      <section
        class="workspace-hero shrink-0 px-4 py-4 sm:px-6"
      >
        <div
          class="workspace-hero-grid gap-4"
        >
          <div
            class="flex flex-col gap-4 xl:flex-row xl:items-end xl:justify-between"
          >
            <div
              class="max-w-3xl space-y-3"
            >
              <div
                class="flex flex-wrap items-center gap-2"
              >
                <p
                  class="workspace-eyebrow"
                >
                  Run Desk
                </p>
                <div
                  class="inline-flex items-center rounded-full border px-2.5 py-1 text-[11px] font-medium tracking-[0.01em] transition-colors focus:outline-none focus:ring-2 focus:ring-ring focus:ring-offset-2 border-transparent bg-secondary/85 text-secondary-foreground hover:bg-secondary"
                >
                  Draft thread
                </div>
                <div
                  class="inline-flex items-center rounded-full border px-2.5 py-1 text-[11px] font-medium tracking-[0.01em] transition-colors focus:outline-none focus:ring-2 focus:ring-ring focus:ring-offset-2 border-transparent bg-secondary/85 text-secondary-foreground hover:bg-secondary"
                >
                  Live socket
                </div>
              </div>
              <div
                class="space-y-2"
              >
                <h2
                  class="workspace-title max-w-4xl text-[clamp(1.7rem,3vw,2.6rem)]"
                >
                  Set scope, ask for the deliverable, keep the run moving.
                </h2>
                <p
                  class="workspace-subtitle max-w-3xl"
                >
                  The thread is the working surface. History, specialist coverage, and verification stay close without taking over the screen.
                </p>
              </div>
            </div>
            <div
              class="flex min-w-0 max-w-xl flex-col gap-3 xl:w-[29rem]"
            >
              <div
                class="flex flex-wrap items-center gap-2"
              >
                <div
                  data-testid="deal-selector"
                />
              </div>
              <div
                class="workspace-surface workspace-surface-muted rounded-2xl px-4 py-3 text-sm leading-6 shadow-none md:hidden"
              >
                <p
                  class="workspace-eyebrow text-[10px]"
                >
                  Run Brief
                </p>
                <p
                  class="mt-2 text-foreground"
                >
                  Lead with scope, name the deliverable, then verify approvals and evidence before acting.
                </p>
              </div>
              <div
                class="workspace-toolbar hidden gap-3 md:grid md:grid-cols-3"
              >
                <div>
                  <p
                    class="workspace-eyebrow text-[10px]"
                  >
                    Scope
                  </p>
                  <p
                    class="mt-1 text-sm font-medium text-foreground"
                  >
                    Parcel, deal, market, or file.
                  </p>
                </div>
                <div>
                  <p
                    class="workspace-eyebrow text-[10px]"
                  >
                    Ask For
                  </p>
                  <p
                    class="mt-1 text-sm font-medium text-foreground"
                  >
                    Memo, screen, checklist, comparison, or action plan.
                  </p>
                </div>
                <div>
                  <p
                    class="workspace-eyebrow text-[10px]"
                  >
                    Verify
                  </p>
                  <p
                    class="mt-1 text-sm font-medium text-foreground"
                  >
                    Check approvals, evidence, and thread state before acting.
                  </p>
                </div>
              </div>
            </div>
          </div>
          <div
            class="grid gap-2 md:hidden"
          >
            <div
              class="grid gap-2 sm:grid-cols-2"
            >
              <div
                class="workspace-surface workspace-surface-muted rounded-xl px-3 py-3 shadow-none"
              >
                <p
                  class="workspace-stat-label"
                >
                  Scope
                </p>
                <p
                  class="mt-1 text-sm font-medium text-foreground"
                >
                  No deal scope
                </p>
              </div>
              <div
                class="workspace-surface workspace-surface-muted rounded-xl px-3 py-3 shadow-none"
              >
                <p
                  class="workspace-stat-label"
                >
                  Thread
                </p>
                <p
                  class="mt-1 text-sm font-medium text-foreground"
                >
                  Draft thread
                </p>
              </div>
              <div
                class="workspace-surface workspace-surface-muted rounded-xl px-3 py-3 shadow-none"
              >
                <p
                  class="workspace-stat-label"
                >
                  Agent
                </p>
                <p
                  class="mt-1 text-sm font-medium text-foreground"
                >
                  Coordinator
                </p>
              </div>
              <div
                class="workspace-surface workspace-surface-muted rounded-xl px-3 py-3 shadow-none"
              >
                <p
                  class="workspace-stat-label"
                >
                  Saved Runs
                </p>
                <p
                  class="mt-1 text-sm font-medium text-foreground"
                >
                  0
                </p>
              </div>
            </div>
          </div>
          <div
            class="hidden gap-3 md:grid md:grid-cols-2 xl:grid-cols-4"
          >
            <div
              class="workspace-surface workspace-surface-muted rounded-2xl px-4 py-4 shadow-none"
            >
              <p
                class="workspace-stat-label"
              >
                Scope
              </p>
              <p
                class="mt-2 text-lg font-semibold tracking-tight text-foreground"
              >
                No deal scope
              </p>
              <p
                class="mt-2 text-sm text-muted-foreground"
              >
                Select a deal
              </p>
            </div>
            <div
              class="workspace-surface workspace-surface-muted rounded-2xl px-4 py-4 shadow-none"
            >
              <p
                class="workspace-stat-label"
              >
                Thread
              </p>
              <p
                class="mt-2 text-lg font-semibold tracking-tight text-foreground"
              >
                Draft thread
              </p>
              <p
                class="mt-2 text-sm text-muted-foreground"
              >
                No recents yet
              </p>
            </div>
            <div
              class="workspace-surface workspace-surface-muted rounded-2xl px-4 py-4 shadow-none"
            >
              <p
                class="workspace-stat-label"
              >
                Active Agent
              </p>
              <p
                class="mt-2 text-lg font-semibold tracking-tight text-foreground"
              >
                Coordinator
              </p>
              <p
                class="mt-2 text-sm text-muted-foreground"
              >
                Coordinator or current specialist.
              </p>
            </div>
            <div
              class="workspace-surface workspace-surface-muted rounded-2xl px-4 py-4 shadow-none"
            >
              <p
                class="workspace-stat-label"
              >
                Saved Runs
              </p>
              <p
                class="mt-2 text-lg font-semibold tracking-tight text-foreground"
              >
                0
              </p>
              <p
                class="mt-2 text-sm text-muted-foreground"
              >
                Reopen prior threads without losing context.
              </p>
            </div>
          </div>
        </div>
      </section>
      <div
        class="min-h-0 flex-1 overflow-hidden"
      >
        <div
          data-conversation-id=""
          data-testid="message-list"
        />
      </div>
      <div
        data-testid="chat-input"
      />
    </div>
    <aside
      class="hidden w-[22rem] border-l border-border/60 bg-background/72 backdrop-blur-xl lg:flex lg:flex-col"
    >
      <div
        class="border-b border-border/60 px-5 py-4"
      >
        <p
          class="workspace-eyebrow text-[10px]"
        >
          Live Execution
        </p>
        <h3
          class="mt-1 text-sm font-semibold tracking-tight text-foreground"
        >
          Verification and specialist coverage
        </h3>
        <p
          class="mt-2 text-xs leading-5 text-muted-foreground"
        >
          Keep the thread central and pull detail from this lane when the run needs a check.
        </p>
      </div>
      <div
        class="min-h-0 flex-1 overflow-y-auto px-5 py-5"
      >
        <div
          class="space-y-5"
        >
          <div
            class="grid grid-cols-2 gap-3 text-[11px]"
          >
            <div>
              <p
                class="workspace-stat-label"
              >
                Thread
              </p>
              <p
                class="mt-1 text-sm font-medium text-foreground"
              >
                Draft until first response
              </p>
            </div>
            <div>
              <p
                class="workspace-stat-label"
              >
                Agent
              </p>
              <p
                class="mt-1 text-sm font-medium text-foreground"
              >
                Coordinator
              </p>
            </div>
            <div>
              <p
                class="workspace-stat-label"
              >
                Attachments
              </p>
              <p
                class="mt-1 text-sm font-medium text-foreground"
              >
                Select deal
              </p>
            </div>
            <div>
              <p
                class="workspace-stat-label"
              >
                History
              </p>
              <p
                class="mt-1 text-sm font-medium text-foreground"
              >
                No recents yet
              </p>
            </div>
          </div>
          <div
            class="space-y-4"
            data-orientation="horizontal"
            dir="ltr"
          >
            <div
              aria-orientation="horizontal"
              class="inline-flex min-h-11 items-center gap-1 rounded-2xl border border-border/70 bg-background/78 p-1.5 text-muted-foreground shadow-sm backdrop-blur-sm w-full justify-start"
              data-orientation="horizontal"
              role="tablist"
              style="outline-color: none; outline-style: none; outline-width: initial;"
              tabindex="0"
            >
              <button
                aria-controls="radix-_r_0_-content-guide"
                aria-selected="true"
                class="inline-flex min-h-8 items-center justify-center whitespace-nowrap rounded-xl border border-transparent px-3 py-1.5 text-sm font-medium transition-all focus-visible:outline-none focus-visible:ring-2 focus-visible:ring-ring focus-visible:ring-offset-2 disabled:pointer-events-none disabled:opacity-50 data-[state=active]:border-border/70 data-[state=active]:bg-background data-[state=active]:text-foreground data-[state=active]:shadow-sm"
                data-orientation="horizontal"
                data-radix-collection-item=""
                data-state="active"
                id="radix-_r_0_-trigger-guide"
                role="tab"
                tabindex="-1"
                type="button"
              >
                Guide
              </button>
              <button
                aria-controls="radix-_r_0_-content-verification"
                aria-selected="false"
                class="inline-flex min-h-8 items-center justify-center whitespace-nowrap rounded-xl border border-transparent px-3 py-1.5 text-sm font-medium transition-all focus-visible:outline-none focus-visible:ring-2 focus-visible:ring-ring focus-visible:ring-offset-2 disabled:pointer-events-none disabled:opacity-50 data-[state=active]:border-border/70 data-[state=active]:bg-background data-[state=active]:text-foreground data-[state=active]:shadow-sm"
                data-orientation="horizontal"
                data-radix-collection-item=""
                data-state="inactive"
                id="radix-_r_0_-trigger-verification"
                role="tab"
                tabindex="-1"
                type="button"
              >
                Verification
              </button>
              <button
                aria-controls="radix-_r_0_-content-coverage"
                aria-selected="false"
                class="inline-flex min-h-8 items-center justify-center whitespace-nowrap rounded-xl border border-transparent px-3 py-1.5 text-sm font-medium transition-all focus-visible:outline-none focus-visible:ring-2 focus-visible:ring-ring focus-visible:ring-offset-2 disabled:pointer-events-none disabled:opacity-50 data-[state=active]:border-border/70 data-[state=active]:bg-background data-[state=active]:text-foreground data-[state=active]:shadow-sm"
                data-orientation="horizontal"
                data-radix-collection-item=""
                data-state="inactive"
                id="radix-_r_0_-trigger-coverage"
                role="tab"
                tabindex="-1"
                type="button"
              >
                Coverage
              </button>
            </div>
            <div
              aria-labelledby="radix-_r_0_-trigger-guide"
              class="focus-visible:outline-none focus-visible:ring-2 focus-visible:ring-ring focus-visible:ring-offset-2 mt-0 space-y-4"
              data-orientation="horizontal"
              data-state="active"
              id="radix-_r_0_-content-guide"
              role="tabpanel"
              tabindex="0"
            >
              <section
                class="space-y-3 rounded-2xl border border-border/60 bg-background/72 px-4 py-4"
              >
                <div
                  class="flex items-center justify-between gap-3"
                >
                  <div>
                    <p
                      class="workspace-eyebrow text-[10px]"
                    >
                      Run Brief
                    </p>
                    <h4
                      class="mt-1 text-sm font-semibold tracking-tight text-foreground"
                    >
                      What this desk expects
                    </h4>
                  </div>
                  <div
                    class="inline-flex items-center rounded-full border px-2.5 py-1 text-[11px] font-medium tracking-[0.01em] transition-colors focus:outline-none focus:ring-2 focus:ring-ring focus:ring-offset-2 bg-background/76 text-foreground"
                  >
                    0
                     saved
                  </div>
                </div>
                <div
                  class="space-y-3 text-sm leading-6"
                >
                  <div
                    class="flex items-start gap-3"
                  >
                    <span
                      class="mt-0.5 inline-flex h-5 w-5 shrink-0 items-center justify-center rounded-full border border-border/70 text-[10px] font-semibold text-foreground"
                    >
                      1
                    </span>
                    <div>
                      <p
                        class="font-medium text-foreground"
                      >
                        Set the scope
                      </p>
                      <p
                        class="text-muted-foreground"
                      >
                        Lead with a parcel, address, deal, market, or uploaded file so the agent can anchor the run.
                      </p>
                    </div>
                  </div>
                  <div
                    class="flex items-start gap-3"
                  >
                    <span
                      class="mt-0.5 inline-flex h-5 w-5 shrink-0 items-center justify-center rounded-full border border-border/70 text-[10px] font-semibold text-foreground"
                    >
                      2
                    </span>
                    <div>
                      <p
                        class="font-medium text-foreground"
                      >
                        Ask for the deliverable
                      </p>
                      <p
                        class="text-muted-foreground"
                      >
                        Request a screen, memo, checklist, comparison, or action plan instead of a vague answer.
                      </p>
                    </div>
                  </div>
                  <div
                    class="flex items-start gap-3"
                  >
                    <span
                      class="mt-0.5 inline-flex h-5 w-5 shrink-0 items-center justify-center rounded-full border border-border/70 text-[10px] font-semibold text-foreground"
                    >
                      3
                    </span>
                    <div>
                      <p
                        class="font-medium text-foreground"
                      >
                        Verify before acting
                      </p>
                      <p
                        class="text-muted-foreground"
                      >
                        Inspect tool activity, handoffs, evidence gaps, and cited sources before making a decision.
                      </p>
                    </div>
                  </div>
                </div>
              </section>
              <section
                class="space-y-3 rounded-2xl border border-border/60 bg-background/72 px-4 py-4"
              >
                <div>
                  <p
                    class="workspace-eyebrow text-[10px]"
                  >
                    Desk Contract
                  </p>
                  <h4
                    class="mt-1 text-sm font-semibold tracking-tight text-foreground"
                  >
                    Current operating behavior
                  </h4>
                </div>
                <div
                  class="space-y-3 text-sm leading-6"
                >
                  <div>
                    <p
                      class="font-medium text-foreground"
                    >
                      Stateful thread
                    </p>
                    <p
                      class="text-muted-foreground"
                    >
                      Saved runs reopen from the left rail so the operating context stays intact across turns.
                    </p>
                  </div>
                  <div>
                    <p
                      class="font-medium text-foreground"
                    >
                      Specialist handoffs
                    </p>
                    <p
                      class="text-muted-foreground"
                    >
                      The coordinator can delegate work to research, finance, risk, entitlements, diligence, and other specialists.
                    </p>
                  </div>
                  <div>
                    <p
                      class="font-medium text-foreground"
                    >
                      Tool-backed execution
                    </p>
                    <p
                      class="text-muted-foreground"
                    >
                      Live tool calls, approvals, artifacts, and map references surface in the thread while the run is active.
                    </p>
                  </div>
                </div>
              </section>
            </div>
            <div
              aria-labelledby="radix-_r_0_-trigger-verification"
              class="focus-visible:outline-none focus-visible:ring-2 focus-visible:ring-ring focus-visible:ring-offset-2 mt-0"
              data-orientation="horizontal"
              data-state="inactive"
              hidden=""
              id="radix-_r_0_-content-verification"
              role="tabpanel"
              tabindex="0"
            />
            <div
              aria-labelledby="radix-_r_0_-trigger-coverage"
              class="focus-visible:outline-none focus-visible:ring-2 focus-visible:ring-ring focus-visible:ring-offset-2 mt-0 space-y-4"
              data-orientation="horizontal"
              data-state="inactive"
              hidden=""
              id="radix-_r_0_-content-coverage"
              role="tabpanel"
              tabindex="0"
            />
          </div>
        </div>
      </div>
    </aside>
  </div>
</div>
`;
