// Vitest Snapshot v1, https://vitest.dev/guide/snapshot.html

exports[`ChatContainer > does not fetch a nonexistent conversation for a fresh chat session 1`] = `
<div
  class="relative flex h-[calc(100svh-var(--app-header-height))] min-h-[calc(100svh-var(--app-header-height))] overflow-hidden bg-[linear-gradient(180deg,#fcfbf8_0%,#f6f4ef_100%)]"
>
  <div
    data-active-conversation-id=""
    data-mobile="false"
    data-open="true"
    data-testid="conversation-sidebar"
  />
  <div
    class="min-h-0 min-w-0 flex-1 overflow-hidden"
  >
    <div
      class="grid h-full min-h-0 min-w-0 gap-4 px-3 py-3 md:px-4 md:py-4 lg:grid-cols-[minmax(0,1fr)_23.5rem] lg:gap-5 lg:px-5"
    >
      <section
        class="min-h-0 min-w-0 overflow-hidden rounded-[36px] border border-[#e7e1d7] bg-background/88 shadow-[0_36px_100px_-56px_rgba(15,23,42,0.38)] backdrop-blur-xl"
      >
        <div
          class="flex h-full min-h-0 min-w-0 flex-col"
        >
          <div
            class="min-h-0 flex-1 overflow-y-auto"
          >
            <div
              class="shrink-0 px-4 py-4 sm:px-5"
            >
              <div
                class="flex flex-col gap-4"
              >
                <div
                  class="flex flex-wrap items-center justify-between gap-2 text-[11px] text-muted-foreground"
                >
                  <div
                    class="flex flex-wrap items-center gap-2"
                  >
                    <span
                      class="inline-flex items-center gap-2 rounded-full border border-border/60 bg-background/80 px-3 py-1.5 text-[11px] font-medium text-foreground/88"
                    >
                      <svg
                        aria-hidden="true"
                        class="lucide lucide-bot h-3.5 w-3.5 text-muted-foreground"
                        fill="none"
                        height="24"
                        stroke="currentColor"
                        stroke-linecap="round"
                        stroke-linejoin="round"
                        stroke-width="2"
                        viewBox="0 0 24 24"
                        width="24"
                        xmlns="http://www.w3.org/2000/svg"
                      >
                        <path
                          d="M12 8V4H8"
                        />
                        <rect
                          height="12"
                          rx="2"
                          width="16"
                          x="4"
                          y="8"
                        />
                        <path
                          d="M2 14h2"
                        />
                        <path
                          d="M20 14h2"
                        />
                        <path
                          d="M15 13v2"
                        />
                        <path
                          d="M9 13v2"
                        />
                      </svg>
                      <span>
                        Agent · Coordinator
                      </span>
                    </span>
                    <span
                      class="inline-flex items-center gap-2 rounded-full border border-border/60 bg-background/80 px-3 py-1.5 text-[11px] font-medium text-foreground/88"
                    >
                      <svg
                        aria-hidden="true"
                        class="lucide lucide-bot h-3.5 w-3.5 text-muted-foreground"
                        fill="none"
                        height="24"
                        stroke="currentColor"
                        stroke-linecap="round"
                        stroke-linejoin="round"
                        stroke-width="2"
                        viewBox="0 0 24 24"
                        width="24"
                        xmlns="http://www.w3.org/2000/svg"
                      >
                        <path
                          d="M12 8V4H8"
                        />
                        <rect
                          height="12"
                          rx="2"
                          width="16"
                          x="4"
                          y="8"
                        />
                        <path
                          d="M2 14h2"
                        />
                        <path
                          d="M20 14h2"
                        />
                        <path
                          d="M15 13v2"
                        />
                        <path
                          d="M9 13v2"
                        />
                      </svg>
                      <span>
                        Scope · No deal scope
                      </span>
                    </span>
                    <span
                      class="inline-flex items-center gap-2 rounded-full border border-border/60 bg-background/80 px-3 py-1.5 text-[11px] font-medium text-foreground/88"
                    >
                      <svg
                        aria-hidden="true"
                        class="lucide lucide-bot h-3.5 w-3.5 text-muted-foreground"
                        fill="none"
                        height="24"
                        stroke="currentColor"
                        stroke-linecap="round"
                        stroke-linejoin="round"
                        stroke-width="2"
                        viewBox="0 0 24 24"
                        width="24"
                        xmlns="http://www.w3.org/2000/svg"
                      >
                        <path
                          d="M12 8V4H8"
                        />
                        <rect
                          height="12"
                          rx="2"
                          width="16"
                          x="4"
                          y="8"
                        />
                        <path
                          d="M2 14h2"
                        />
                        <path
                          d="M20 14h2"
                        />
                        <path
                          d="M15 13v2"
                        />
                        <path
                          d="M9 13v2"
                        />
                      </svg>
                      <span>
                        Transport · HTTP stream
                      </span>
                    </span>
                  </div>
                  <div
                    class="hidden items-center gap-2 md:flex"
                  >
                    <button
                      class="inline-flex items-center justify-center whitespace-nowrap border font-medium tracking-[-0.01em] transition-[background-color,border-color,color,transform] duration-200 focus-visible:outline-none focus-visible:ring-2 focus-visible:ring-ring focus-visible:ring-offset-2 disabled:pointer-events-none disabled:opacity-50 [&_svg]:pointer-events-none [&_svg]:shrink-0 border-transparent bg-transparent hover:bg-accent/60 hover:text-accent-foreground h-8 rounded-full px-3 text-[11px] text-muted-foreground"
                    >
                      <svg
                        aria-hidden="true"
                        class="lucide lucide-panel-left-open mr-1.5 h-3.5 w-3.5"
                        fill="none"
                        height="24"
                        stroke="currentColor"
                        stroke-linecap="round"
                        stroke-linejoin="round"
                        stroke-width="2"
                        viewBox="0 0 24 24"
                        width="24"
                        xmlns="http://www.w3.org/2000/svg"
                      >
                        <rect
                          height="18"
                          rx="2"
                          width="18"
                          x="3"
                          y="3"
                        />
                        <path
                          d="M9 3v18"
                        />
                        <path
                          d="m14 9 3 3-3 3"
                        />
                      </svg>
                      Open history
                    </button>
                    <button
                      class="inline-flex items-center justify-center whitespace-nowrap border font-medium tracking-[-0.01em] transition-[background-color,border-color,color,transform] duration-200 focus-visible:outline-none focus-visible:ring-2 focus-visible:ring-ring focus-visible:ring-offset-2 disabled:pointer-events-none disabled:opacity-50 [&_svg]:pointer-events-none [&_svg]:shrink-0 border-transparent bg-transparent hover:bg-accent/60 hover:text-accent-foreground h-8 rounded-full px-3 text-[11px] text-muted-foreground lg:hidden"
                    >
                      <svg
                        aria-hidden="true"
                        class="lucide lucide-panel-right-open mr-1.5 h-3.5 w-3.5"
                        fill="none"
                        height="24"
                        stroke="currentColor"
                        stroke-linecap="round"
                        stroke-linejoin="round"
                        stroke-width="2"
                        viewBox="0 0 24 24"
                        width="24"
                        xmlns="http://www.w3.org/2000/svg"
                      >
                        <rect
                          height="18"
                          rx="2"
                          width="18"
                          x="3"
                          y="3"
                        />
                        <path
                          d="M15 3v18"
                        />
                        <path
                          d="m10 15-3-3 3-3"
                        />
                      </svg>
                      Verification
                    </button>
                  </div>
                </div>
                <div
                  class="flex flex-col items-center gap-6 px-1 pb-2 pt-6 sm:px-4 sm:pt-10"
                >
                  <div
                    class="flex flex-wrap items-center justify-center gap-3"
                  >
                    <button
                      class="inline-flex items-center justify-center whitespace-nowrap border tracking-[-0.01em] transition-[background-color,border-color,color,transform] duration-200 focus-visible:outline-none focus-visible:ring-2 focus-visible:ring-ring focus-visible:ring-offset-2 disabled:pointer-events-none disabled:opacity-50 [&_svg]:pointer-events-none [&_svg]:shrink-0 hover:bg-accent/40 hover:text-accent-foreground py-2 h-11 rounded-2xl border-border/70 bg-background px-5 text-sm font-medium text-foreground shadow-[0_12px_24px_-18px_rgba(15,23,42,0.28)]"
                      type="button"
                    >
                      <svg
                        aria-hidden="true"
                        class="lucide lucide-file-text mr-2 h-4 w-4 text-muted-foreground"
                        fill="none"
                        height="24"
                        stroke="currentColor"
                        stroke-linecap="round"
                        stroke-linejoin="round"
                        stroke-width="2"
                        viewBox="0 0 24 24"
                        width="24"
                        xmlns="http://www.w3.org/2000/svg"
                      >
                        <path
                          d="M6 22a2 2 0 0 1-2-2V4a2 2 0 0 1 2-2h8a2.4 2.4 0 0 1 1.704.706l3.588 3.588A2.4 2.4 0 0 1 20 8v12a2 2 0 0 1-2 2z"
                        />
                        <path
                          d="M14 2v5a1 1 0 0 0 1 1h5"
                        />
                        <path
                          d="M10 9H8"
                        />
                        <path
                          d="M16 13H8"
                        />
                        <path
                          d="M16 17H8"
                        />
                      </svg>
                      Draft memo
                    </button>
                    <button
                      class="inline-flex items-center justify-center whitespace-nowrap border tracking-[-0.01em] transition-[background-color,border-color,color,transform] duration-200 focus-visible:outline-none focus-visible:ring-2 focus-visible:ring-ring focus-visible:ring-offset-2 disabled:pointer-events-none disabled:opacity-50 [&_svg]:pointer-events-none [&_svg]:shrink-0 hover:bg-accent/40 hover:text-accent-foreground py-2 h-11 rounded-2xl border-border/70 bg-background px-5 text-sm font-medium text-foreground shadow-[0_12px_24px_-18px_rgba(15,23,42,0.28)]"
                      type="button"
                    >
                      <svg
                        aria-hidden="true"
                        class="lucide lucide-table2 lucide-table-2 mr-2 h-4 w-4 text-muted-foreground"
                        fill="none"
                        height="24"
                        stroke="currentColor"
                        stroke-linecap="round"
                        stroke-linejoin="round"
                        stroke-width="2"
                        viewBox="0 0 24 24"
                        width="24"
                        xmlns="http://www.w3.org/2000/svg"
                      >
                        <path
                          d="M9 3H5a2 2 0 0 0-2 2v4m6-6h10a2 2 0 0 1 2 2v4M9 3v18m0 0h10a2 2 0 0 0 2-2V9M9 21H5a2 2 0 0 1-2-2V9m0 0h18"
                        />
                      </svg>
                      Review table
                    </button>
                  </div>
                  <div
                    class="w-full max-w-4xl rounded-[32px] border border-border/70 bg-background/95 p-3 shadow-[0_28px_80px_-48px_rgba(15,23,42,0.38)]"
                  >
                    <div
                      class="flex items-center justify-between gap-3 px-2 py-1 text-sm text-muted-foreground"
                    >
                      <div
                        class="flex min-w-0 items-center gap-2"
                      >
                        <span
                          class="font-medium text-foreground/80"
                        >
                          Client matter
                        </span>
                        <svg
                          aria-hidden="true"
                          class="lucide lucide-chevron-down h-4 w-4 shrink-0"
                          fill="none"
                          height="24"
                          stroke="currentColor"
                          stroke-linecap="round"
                          stroke-linejoin="round"
                          stroke-width="2"
                          viewBox="0 0 24 24"
                          width="24"
                          xmlns="http://www.w3.org/2000/svg"
                        >
                          <path
                            d="m6 9 6 6 6-6"
                          />
                        </svg>
                        <div
                          class="min-w-0 flex-1"
                        >
                          <div
                            data-testid="deal-selector"
                          />
                        </div>
                      </div>
                      <button
                        class="inline-flex items-center gap-1.5 rounded-full px-2 py-1 text-sm text-muted-foreground transition hover:bg-muted/60 hover:text-foreground"
                        type="button"
                      >
                        Prompts
                        <svg
                          aria-hidden="true"
                          class="lucide lucide-chevron-down h-4 w-4"
                          fill="none"
                          height="24"
                          stroke="currentColor"
                          stroke-linecap="round"
                          stroke-linejoin="round"
                          stroke-width="2"
                          viewBox="0 0 24 24"
                          width="24"
                          xmlns="http://www.w3.org/2000/svg"
                        >
                          <path
                            d="m6 9 6 6 6-6"
                          />
                        </svg>
                      </button>
                    </div>
                    <div
                      class="mt-2 rounded-[26px] border border-border/70 bg-[linear-gradient(180deg,rgba(255,255,255,0.92),rgba(249,249,248,0.78))] px-6 py-7"
                    >
                      <div
                        class="space-y-3"
                      >
                        <div
                          class="text-[31px] font-semibold tracking-[-0.03em] text-foreground"
                        >
                          Ask Harvey anything.
                        </div>
                        <p
                          class="max-w-2xl text-base leading-7 text-muted-foreground"
                        >
                          Lead with the matter, outcome, or document you need. Type 
                          <span
                            class="font-medium text-foreground"
                          >
                            @
                          </span>
                           to add sources and keep verification attached to the run.
                        </p>
                      </div>
                      <div
                        class="mt-10 flex flex-wrap items-center justify-between gap-4 text-sm text-muted-foreground"
                      >
                        <div
                          class="flex flex-wrap items-center gap-5"
                        >
                          <button
                            class="inline-flex items-center gap-2 font-medium transition hover:text-foreground"
                            type="button"
                          >
                            <svg
                              aria-hidden="true"
                              class="lucide lucide-folder-open h-4 w-4"
                              fill="none"
                              height="24"
                              stroke="currentColor"
                              stroke-linecap="round"
                              stroke-linejoin="round"
                              stroke-width="2"
                              viewBox="0 0 24 24"
                              width="24"
                              xmlns="http://www.w3.org/2000/svg"
                            >
                              <path
                                d="m6 14 1.5-2.9A2 2 0 0 1 9.24 10H20a2 2 0 0 1 1.94 2.5l-1.54 6a2 2 0 0 1-1.95 1.5H4a2 2 0 0 1-2-2V5a2 2 0 0 1 2-2h3.9a2 2 0 0 1 1.69.9l.81 1.2a2 2 0 0 0 1.67.9H18a2 2 0 0 1 2 2v2"
                              />
                            </svg>
                            Files
                          </button>
                          <button
                            class="inline-flex items-center gap-2 font-medium transition hover:text-foreground"
                            type="button"
                          >
                            <svg
                              aria-hidden="true"
                              class="lucide lucide-shield-check h-4 w-4"
                              fill="none"
                              height="24"
                              stroke="currentColor"
                              stroke-linecap="round"
                              stroke-linejoin="round"
                              stroke-width="2"
                              viewBox="0 0 24 24"
                              width="24"
                              xmlns="http://www.w3.org/2000/svg"
                            >
                              <path
                                d="M20 13c0 5-3.5 7.5-7.66 8.95a1 1 0 0 1-.67-.01C7.5 20.5 4 18 4 13V6a1 1 0 0 1 1-1c2 0 4.5-1.2 6.24-2.72a1.17 1.17 0 0 1 1.52 0C14.51 3.81 17 5 19 5a1 1 0 0 1 1 1z"
                              />
                              <path
                                d="m9 12 2 2 4-4"
                              />
                            </svg>
                            Sources
                          </button>
                        </div>
                        <div
                          class="flex items-center gap-3"
                        >
                          <button
                            aria-label="Prompt library"
                            class="rounded-full p-2 transition hover:bg-muted/60 hover:text-foreground"
                            type="button"
                          >
                            <svg
                              aria-hidden="true"
                              class="lucide lucide-sparkles h-4 w-4"
                              fill="none"
                              height="24"
                              stroke="currentColor"
                              stroke-linecap="round"
                              stroke-linejoin="round"
                              stroke-width="2"
                              viewBox="0 0 24 24"
                              width="24"
                              xmlns="http://www.w3.org/2000/svg"
                            >
                              <path
                                d="M11.017 2.814a1 1 0 0 1 1.966 0l1.051 5.558a2 2 0 0 0 1.594 1.594l5.558 1.051a1 1 0 0 1 0 1.966l-5.558 1.051a2 2 0 0 0-1.594 1.594l-1.051 5.558a1 1 0 0 1-1.966 0l-1.051-5.558a2 2 0 0 0-1.594-1.594l-5.558-1.051a1 1 0 0 1 0-1.966l5.558-1.051a2 2 0 0 0 1.594-1.594z"
                              />
                              <path
                                d="M20 2v4"
                              />
                              <path
                                d="M22 4h-4"
                              />
                              <circle
                                cx="4"
                                cy="20"
                                r="2"
                              />
                            </svg>
                          </button>
                          <button
                            aria-label="Composer settings"
                            class="rounded-full p-2 transition hover:bg-muted/60 hover:text-foreground"
                            type="button"
                          >
                            <svg
                              aria-hidden="true"
                              class="lucide lucide-sliders-horizontal h-4 w-4"
                              fill="none"
                              height="24"
                              stroke="currentColor"
                              stroke-linecap="round"
                              stroke-linejoin="round"
                              stroke-width="2"
                              viewBox="0 0 24 24"
                              width="24"
                              xmlns="http://www.w3.org/2000/svg"
                            >
                              <path
                                d="M10 5H3"
                              />
                              <path
                                d="M12 19H3"
                              />
                              <path
                                d="M14 3v4"
                              />
                              <path
                                d="M16 17v4"
                              />
                              <path
                                d="M21 12h-9"
                              />
                              <path
                                d="M21 19h-5"
                              />
                              <path
                                d="M21 5h-7"
                              />
                              <path
                                d="M8 10v4"
                              />
                              <path
                                d="M8 12H3"
                              />
                            </svg>
                          </button>
                          <div
                            class="h-4 w-px bg-border/80"
                          />
                          <button
                            aria-label="Voice input"
                            class="rounded-full p-2 transition hover:bg-muted/60 hover:text-foreground"
                            type="button"
                          >
                            <svg
                              aria-hidden="true"
                              class="lucide lucide-mic h-4 w-4"
                              fill="none"
                              height="24"
                              stroke="currentColor"
                              stroke-linecap="round"
                              stroke-linejoin="round"
                              stroke-width="2"
                              viewBox="0 0 24 24"
                              width="24"
                              xmlns="http://www.w3.org/2000/svg"
                            >
                              <path
                                d="M12 19v3"
                              />
                              <path
                                d="M19 10v2a7 7 0 0 1-14 0v-2"
                              />
                              <rect
                                height="13"
                                rx="3"
                                width="6"
                                x="9"
                                y="2"
                              />
                            </svg>
                          </button>
                        </div>
                      </div>
                    </div>
                  </div>
                  <div
                    class="flex w-full max-w-4xl flex-wrap items-center justify-center gap-3"
                  >
                    <button
                      class="inline-flex items-center justify-center whitespace-nowrap border tracking-[-0.01em] transition-[background-color,border-color,color,transform] duration-200 focus-visible:outline-none focus-visible:ring-2 focus-visible:ring-ring focus-visible:ring-offset-2 disabled:pointer-events-none disabled:opacity-50 [&_svg]:pointer-events-none [&_svg]:shrink-0 hover:bg-accent/40 hover:text-accent-foreground py-2 h-11 rounded-2xl border-border/70 bg-background px-4 text-sm font-medium text-foreground shadow-[0_10px_22px_-20px_rgba(15,23,42,0.35)]"
                      type="button"
                    >
                      <svg
                        aria-hidden="true"
                        class="lucide lucide-folder-open mr-2 h-4 w-4 text-muted-foreground"
                        fill="none"
                        height="24"
                        stroke="currentColor"
                        stroke-linecap="round"
                        stroke-linejoin="round"
                        stroke-width="2"
                        viewBox="0 0 24 24"
                        width="24"
                        xmlns="http://www.w3.org/2000/svg"
                      >
                        <path
                          d="m6 14 1.5-2.9A2 2 0 0 1 9.24 10H20a2 2 0 0 1 1.94 2.5l-1.54 6a2 2 0 0 1-1.95 1.5H4a2 2 0 0 1-2-2V5a2 2 0 0 1 2-2h3.9a2 2 0 0 1 1.69.9l.81 1.2a2 2 0 0 0 1.67.9H18a2 2 0 0 1 2 2v2"
                        />
                      </svg>
                      Vault
                      <svg
                        aria-hidden="true"
                        class="lucide lucide-plus ml-2 h-3.5 w-3.5 text-muted-foreground"
                        fill="none"
                        height="24"
                        stroke="currentColor"
                        stroke-linecap="round"
                        stroke-linejoin="round"
                        stroke-width="2"
                        viewBox="0 0 24 24"
                        width="24"
                        xmlns="http://www.w3.org/2000/svg"
                      >
                        <path
                          d="M5 12h14"
                        />
                        <path
                          d="M12 5v14"
                        />
                      </svg>
                    </button>
                    <button
                      class="inline-flex items-center justify-center whitespace-nowrap border tracking-[-0.01em] transition-[background-color,border-color,color,transform] duration-200 focus-visible:outline-none focus-visible:ring-2 focus-visible:ring-ring focus-visible:ring-offset-2 disabled:pointer-events-none disabled:opacity-50 [&_svg]:pointer-events-none [&_svg]:shrink-0 hover:bg-accent/40 hover:text-accent-foreground py-2 h-11 rounded-2xl border-border/70 bg-background px-4 text-sm font-medium text-foreground shadow-[0_10px_22px_-20px_rgba(15,23,42,0.35)]"
                      type="button"
                    >
                      <svg
                        aria-hidden="true"
                        class="lucide lucide-globe mr-2 h-4 w-4 text-muted-foreground"
                        fill="none"
                        height="24"
                        stroke="currentColor"
                        stroke-linecap="round"
                        stroke-linejoin="round"
                        stroke-width="2"
                        viewBox="0 0 24 24"
                        width="24"
                        xmlns="http://www.w3.org/2000/svg"
                      >
                        <circle
                          cx="12"
                          cy="12"
                          r="10"
                        />
                        <path
                          d="M12 2a14.5 14.5 0 0 0 0 20 14.5 14.5 0 0 0 0-20"
                        />
                        <path
                          d="M2 12h20"
                        />
                      </svg>
                      Web research
                      <svg
                        aria-hidden="true"
                        class="lucide lucide-plus ml-2 h-3.5 w-3.5 text-muted-foreground"
                        fill="none"
                        height="24"
                        stroke="currentColor"
                        stroke-linecap="round"
                        stroke-linejoin="round"
                        stroke-width="2"
                        viewBox="0 0 24 24"
                        width="24"
                        xmlns="http://www.w3.org/2000/svg"
                      >
                        <path
                          d="M5 12h14"
                        />
                        <path
                          d="M12 5v14"
                        />
                      </svg>
                    </button>
                    <button
                      class="inline-flex items-center justify-center whitespace-nowrap border tracking-[-0.01em] transition-[background-color,border-color,color,transform] duration-200 focus-visible:outline-none focus-visible:ring-2 focus-visible:ring-ring focus-visible:ring-offset-2 disabled:pointer-events-none disabled:opacity-50 [&_svg]:pointer-events-none [&_svg]:shrink-0 hover:bg-accent/40 hover:text-accent-foreground py-2 h-11 rounded-2xl border-border/70 bg-background px-4 text-sm font-medium text-foreground shadow-[0_10px_22px_-20px_rgba(15,23,42,0.35)]"
                      type="button"
                    >
                      <svg
                        aria-hidden="true"
                        class="lucide lucide-shield-check mr-2 h-4 w-4 text-muted-foreground"
                        fill="none"
                        height="24"
                        stroke="currentColor"
                        stroke-linecap="round"
                        stroke-linejoin="round"
                        stroke-width="2"
                        viewBox="0 0 24 24"
                        width="24"
                        xmlns="http://www.w3.org/2000/svg"
                      >
                        <path
                          d="M20 13c0 5-3.5 7.5-7.66 8.95a1 1 0 0 1-.67-.01C7.5 20.5 4 18 4 13V6a1 1 0 0 1 1-1c2 0 4.5-1.2 6.24-2.72a1.17 1.17 0 0 1 1.52 0C14.51 3.81 17 5 19 5a1 1 0 0 1 1 1z"
                        />
                        <path
                          d="m9 12 2 2 4-4"
                        />
                      </svg>
                      Evidence pack
                      <svg
                        aria-hidden="true"
                        class="lucide lucide-plus ml-2 h-3.5 w-3.5 text-muted-foreground"
                        fill="none"
                        height="24"
                        stroke="currentColor"
                        stroke-linecap="round"
                        stroke-linejoin="round"
                        stroke-width="2"
                        viewBox="0 0 24 24"
                        width="24"
                        xmlns="http://www.w3.org/2000/svg"
                      >
                        <path
                          d="M5 12h14"
                        />
                        <path
                          d="M12 5v14"
                        />
                      </svg>
                    </button>
                    <button
                      class="inline-flex items-center justify-center whitespace-nowrap border tracking-[-0.01em] transition-[background-color,border-color,color,transform] duration-200 focus-visible:outline-none focus-visible:ring-2 focus-visible:ring-ring focus-visible:ring-offset-2 disabled:pointer-events-none disabled:opacity-50 [&_svg]:pointer-events-none [&_svg]:shrink-0 hover:bg-accent/40 hover:text-accent-foreground py-2 h-11 rounded-2xl border-border/70 bg-background px-4 text-sm font-medium text-foreground shadow-[0_10px_22px_-20px_rgba(15,23,42,0.35)]"
                      type="button"
                    >
                      <svg
                        aria-hidden="true"
                        class="lucide lucide-sparkles mr-2 h-4 w-4 text-muted-foreground"
                        fill="none"
                        height="24"
                        stroke="currentColor"
                        stroke-linecap="round"
                        stroke-linejoin="round"
                        stroke-width="2"
                        viewBox="0 0 24 24"
                        width="24"
                        xmlns="http://www.w3.org/2000/svg"
                      >
                        <path
                          d="M11.017 2.814a1 1 0 0 1 1.966 0l1.051 5.558a2 2 0 0 0 1.594 1.594l5.558 1.051a1 1 0 0 1 0 1.966l-5.558 1.051a2 2 0 0 0-1.594 1.594l-1.051 5.558a1 1 0 0 1-1.966 0l-1.051-5.558a2 2 0 0 0-1.594-1.594l-5.558-1.051a1 1 0 0 1 0-1.966l5.558-1.051a2 2 0 0 0 1.594-1.594z"
                        />
                        <path
                          d="M20 2v4"
                        />
                        <path
                          d="M22 4h-4"
                        />
                        <circle
                          cx="4"
                          cy="20"
                          r="2"
                        />
                      </svg>
                      Prompt library
                      <svg
                        aria-hidden="true"
                        class="lucide lucide-plus ml-2 h-3.5 w-3.5 text-muted-foreground"
                        fill="none"
                        height="24"
                        stroke="currentColor"
                        stroke-linecap="round"
                        stroke-linejoin="round"
                        stroke-width="2"
                        viewBox="0 0 24 24"
                        width="24"
                        xmlns="http://www.w3.org/2000/svg"
                      >
                        <path
                          d="M5 12h14"
                        />
                        <path
                          d="M12 5v14"
                        />
                      </svg>
                    </button>
                  </div>
                  <div
                    class="grid w-full max-w-3xl gap-3 text-sm sm:grid-cols-[1fr_auto]"
                  >
                    <div>
                      <p
                        class="font-medium text-foreground"
                      >
                        Recent
                      </p>
                      <p
                        class="mt-2 text-muted-foreground"
                      >
                        No saved threads yet. The first response creates a recoverable run with proof attached.
                      </p>
                    </div>
                    <div
                      class="flex items-start justify-start gap-2 sm:justify-end"
                    >
                      <span
                        class="inline-flex items-center gap-2 rounded-full border border-border/60 bg-background/80 px-3 py-1.5 text-[11px] font-medium text-foreground/88"
                      >
                        <svg
                          aria-hidden="true"
                          class="lucide lucide-bot h-3.5 w-3.5 text-muted-foreground"
                          fill="none"
                          height="24"
                          stroke="currentColor"
                          stroke-linecap="round"
                          stroke-linejoin="round"
                          stroke-width="2"
                          viewBox="0 0 24 24"
                          width="24"
                          xmlns="http://www.w3.org/2000/svg"
                        >
                          <path
                            d="M12 8V4H8"
                          />
                          <rect
                            height="12"
                            rx="2"
                            width="16"
                            x="4"
                            y="8"
                          />
                          <path
                            d="M2 14h2"
                          />
                          <path
                            d="M20 14h2"
                          />
                          <path
                            d="M15 13v2"
                          />
                          <path
                            d="M9 13v2"
                          />
                        </svg>
                        <span>
                          Draft thread
                        </span>
                      </span>
                      <span
                        class="inline-flex items-center gap-2 rounded-full border border-border/60 bg-background/80 px-3 py-1.5 text-[11px] font-medium text-foreground/88"
                      >
                        <svg
                          aria-hidden="true"
                          class="lucide lucide-shield-check h-3.5 w-3.5 text-muted-foreground"
                          fill="none"
                          height="24"
                          stroke="currentColor"
                          stroke-linecap="round"
                          stroke-linejoin="round"
                          stroke-width="2"
                          viewBox="0 0 24 24"
                          width="24"
                          xmlns="http://www.w3.org/2000/svg"
                        >
                          <path
                            d="M20 13c0 5-3.5 7.5-7.66 8.95a1 1 0 0 1-.67-.01C7.5 20.5 4 18 4 13V6a1 1 0 0 1 1-1c2 0 4.5-1.2 6.24-2.72a1.17 1.17 0 0 1 1.52 0C14.51 3.81 17 5 19 5a1 1 0 0 1 1 1z"
                          />
                          <path
                            d="m9 12 2 2 4-4"
                          />
                        </svg>
                        <span>
                          Verification attached
                        </span>
                      </span>
                    </div>
                  </div>
                </div>
                <div
                  class="flex flex-wrap items-center gap-2 md:hidden"
                >
                  <button
                    class="inline-flex items-center justify-center whitespace-nowrap border font-medium tracking-[-0.01em] transition-[background-color,border-color,color,transform] duration-200 focus-visible:outline-none focus-visible:ring-2 focus-visible:ring-ring focus-visible:ring-offset-2 disabled:pointer-events-none disabled:opacity-50 [&_svg]:pointer-events-none [&_svg]:shrink-0 border-transparent bg-transparent hover:bg-accent/60 hover:text-accent-foreground rounded-lg h-7 px-2 text-xs text-muted-foreground"
                  >
                    <svg
                      aria-hidden="true"
                      class="lucide lucide-panel-left-open mr-1.5 h-3.5 w-3.5"
                      fill="none"
                      height="24"
                      stroke="currentColor"
                      stroke-linecap="round"
                      stroke-linejoin="round"
                      stroke-width="2"
                      viewBox="0 0 24 24"
                      width="24"
                      xmlns="http://www.w3.org/2000/svg"
                    >
                      <rect
                        height="18"
                        rx="2"
                        width="18"
                        x="3"
                        y="3"
                      />
                      <path
                        d="M9 3v18"
                      />
                      <path
                        d="m14 9 3 3-3 3"
                      />
                    </svg>
                    History
                  </button>
                  <button
                    class="inline-flex items-center justify-center whitespace-nowrap border font-medium tracking-[-0.01em] transition-[background-color,border-color,color,transform] duration-200 focus-visible:outline-none focus-visible:ring-2 focus-visible:ring-ring focus-visible:ring-offset-2 disabled:pointer-events-none disabled:opacity-50 [&_svg]:pointer-events-none [&_svg]:shrink-0 border-transparent bg-transparent hover:bg-accent/60 hover:text-accent-foreground rounded-lg h-7 px-2 text-xs text-muted-foreground"
                  >
                    <svg
                      aria-hidden="true"
                      class="lucide lucide-panel-right-open mr-1.5 h-3.5 w-3.5"
                      fill="none"
                      height="24"
                      stroke="currentColor"
                      stroke-linecap="round"
                      stroke-linejoin="round"
                      stroke-width="2"
                      viewBox="0 0 24 24"
                      width="24"
                      xmlns="http://www.w3.org/2000/svg"
                    >
                      <rect
                        height="18"
                        rx="2"
                        width="18"
                        x="3"
                        y="3"
                      />
                      <path
                        d="M15 3v18"
                      />
                      <path
                        d="m10 15-3-3 3-3"
                      />
                    </svg>
                    Verification
                  </button>
                </div>
                <div
                  class="hidden"
                >
                  <section
                    class="rounded-[26px] border border-border/60 bg-background/95 p-5 shadow-[0_16px_50px_-38px_rgba(15,23,42,0.48)] backdrop-blur-xl sm:p-6"
                  >
                    <div
                      class="space-y-4"
                    >
                      <div
                        class="space-y-2"
                      >
                        <h2
                          class="text-base font-semibold tracking-[-0.03em] text-foreground"
                        >
                          Quick starts
                        </h2>
                        <p
                          class="text-sm leading-6 text-muted-foreground"
                        >
                          Launch one of the common run patterns without drafting the prompt from scratch.
                        </p>
                      </div>
                      <div
                        class="grid gap-3 sm:grid-cols-2"
                      >
                        <button
                          class="inline-flex items-center whitespace-nowrap text-sm font-medium tracking-[-0.01em] focus-visible:outline-none focus-visible:ring-2 focus-visible:ring-ring focus-visible:ring-offset-2 disabled:pointer-events-none disabled:opacity-50 [&_svg]:pointer-events-none [&_svg]:shrink-0 hover:text-accent-foreground group h-auto justify-start rounded-2xl border px-4 py-4 text-left transition-all duration-200 border-primary/30 bg-primary/[0.08] hover:border-primary/45 hover:bg-primary/[0.12]"
                          type="button"
                        >
                          <div
                            class="flex w-full items-start gap-3"
                          >
                            <span
                              class="mt-0.5 flex h-10 w-10 shrink-0 items-center justify-center rounded-2xl border transition-colors border-primary/30 bg-background/90 text-primary"
                            >
                              <svg
                                aria-hidden="true"
                                class="lucide lucide-shield-check h-4.5 w-4.5"
                                fill="none"
                                height="24"
                                stroke="currentColor"
                                stroke-linecap="round"
                                stroke-linejoin="round"
                                stroke-width="2"
                                viewBox="0 0 24 24"
                                width="24"
                                xmlns="http://www.w3.org/2000/svg"
                              >
                                <path
                                  d="M20 13c0 5-3.5 7.5-7.66 8.95a1 1 0 0 1-.67-.01C7.5 20.5 4 18 4 13V6a1 1 0 0 1 1-1c2 0 4.5-1.2 6.24-2.72a1.17 1.17 0 0 1 1.52 0C14.51 3.81 17 5 19 5a1 1 0 0 1 1 1z"
                                />
                                <path
                                  d="m9 12 2 2 4-4"
                                />
                              </svg>
                            </span>
                            <span
                              class="min-w-0 flex-1"
                            >
                              <span
                                class="flex items-center justify-between gap-3"
                              >
                                <span
                                  class="text-sm font-medium text-foreground"
                                >
                                  Run entitlement screen
                                </span>
                                <svg
                                  aria-hidden="true"
                                  class="lucide lucide-arrow-right h-4 w-4 shrink-0 text-muted-foreground transition-transform duration-200 group-hover:translate-x-0.5 group-hover:text-foreground"
                                  fill="none"
                                  height="24"
                                  stroke="currentColor"
                                  stroke-linecap="round"
                                  stroke-linejoin="round"
                                  stroke-width="2"
                                  viewBox="0 0 24 24"
                                  width="24"
                                  xmlns="http://www.w3.org/2000/svg"
                                >
                                  <path
                                    d="M5 12h14"
                                  />
                                  <path
                                    d="m12 5 7 7-7 7"
                                  />
                                </svg>
                              </span>
                              <span
                                class="mt-1 block text-xs leading-5 text-muted-foreground"
                              >
                                Pull the first-pass risk picture, gating issues, and a recommended workplan.
                              </span>
                            </span>
                          </div>
                        </button>
                        <button
                          class="inline-flex items-center whitespace-nowrap text-sm font-medium tracking-[-0.01em] focus-visible:outline-none focus-visible:ring-2 focus-visible:ring-ring focus-visible:ring-offset-2 disabled:pointer-events-none disabled:opacity-50 [&_svg]:pointer-events-none [&_svg]:shrink-0 hover:text-accent-foreground group h-auto justify-start rounded-2xl border px-4 py-4 text-left transition-all duration-200 border-border/60 bg-muted/[0.38] hover:border-border hover:bg-muted/[0.6]"
                          type="button"
                        >
                          <div
                            class="flex w-full items-start gap-3"
                          >
                            <span
                              class="mt-0.5 flex h-10 w-10 shrink-0 items-center justify-center rounded-2xl border text-muted-foreground transition-colors border-border/70 bg-background/75 group-hover:text-foreground"
                            >
                              <svg
                                aria-hidden="true"
                                class="lucide lucide-route h-4.5 w-4.5"
                                fill="none"
                                height="24"
                                stroke="currentColor"
                                stroke-linecap="round"
                                stroke-linejoin="round"
                                stroke-width="2"
                                viewBox="0 0 24 24"
                                width="24"
                                xmlns="http://www.w3.org/2000/svg"
                              >
                                <circle
                                  cx="6"
                                  cy="19"
                                  r="3"
                                />
                                <path
                                  d="M9 19h8.5a3.5 3.5 0 0 0 0-7h-11a3.5 3.5 0 0 1 0-7H15"
                                />
                                <circle
                                  cx="18"
                                  cy="5"
                                  r="3"
                                />
                              </svg>
                            </span>
                            <span
                              class="min-w-0 flex-1"
                            >
                              <span
                                class="flex items-center justify-between gap-3"
                              >
                                <span
                                  class="text-sm font-medium text-foreground"
                                >
                                  Summarize zoning + setbacks
                                </span>
                                <svg
                                  aria-hidden="true"
                                  class="lucide lucide-arrow-right h-4 w-4 shrink-0 text-muted-foreground transition-transform duration-200 group-hover:translate-x-0.5 group-hover:text-foreground"
                                  fill="none"
                                  height="24"
                                  stroke="currentColor"
                                  stroke-linecap="round"
                                  stroke-linejoin="round"
                                  stroke-width="2"
                                  viewBox="0 0 24 24"
                                  width="24"
                                  xmlns="http://www.w3.org/2000/svg"
                                >
                                  <path
                                    d="M5 12h14"
                                  />
                                  <path
                                    d="m12 5 7 7-7 7"
                                  />
                                </svg>
                              </span>
                              <span
                                class="mt-1 block text-xs leading-5 text-muted-foreground"
                              >
                                Turn the parcel facts into a concise operator brief with missing evidence called out.
                              </span>
                            </span>
                          </div>
                        </button>
                        <button
                          class="inline-flex items-center whitespace-nowrap text-sm font-medium tracking-[-0.01em] focus-visible:outline-none focus-visible:ring-2 focus-visible:ring-ring focus-visible:ring-offset-2 disabled:pointer-events-none disabled:opacity-50 [&_svg]:pointer-events-none [&_svg]:shrink-0 hover:text-accent-foreground group h-auto justify-start rounded-2xl border px-4 py-4 text-left transition-all duration-200 border-border/60 bg-muted/[0.38] hover:border-border hover:bg-muted/[0.6]"
                          type="button"
                        >
                          <div
                            class="flex w-full items-start gap-3"
                          >
                            <span
                              class="mt-0.5 flex h-10 w-10 shrink-0 items-center justify-center rounded-2xl border text-muted-foreground transition-colors border-border/70 bg-background/75 group-hover:text-foreground"
                            >
                              <svg
                                aria-hidden="true"
                                class="lucide lucide-paperclip h-4.5 w-4.5"
                                fill="none"
                                height="24"
                                stroke="currentColor"
                                stroke-linecap="round"
                                stroke-linejoin="round"
                                stroke-width="2"
                                viewBox="0 0 24 24"
                                width="24"
                                xmlns="http://www.w3.org/2000/svg"
                              >
                                <path
                                  d="m16 6-8.414 8.586a2 2 0 0 0 2.829 2.829l8.414-8.586a4 4 0 1 0-5.657-5.657l-8.379 8.551a6 6 0 1 0 8.485 8.485l8.379-8.551"
                                />
                              </svg>
                            </span>
                            <span
                              class="min-w-0 flex-1"
                            >
                              <span
                                class="flex items-center justify-between gap-3"
                              >
                                <span
                                  class="text-sm font-medium text-foreground"
                                >
                                  Build diligence checklist
                                </span>
                                <svg
                                  aria-hidden="true"
                                  class="lucide lucide-arrow-right h-4 w-4 shrink-0 text-muted-foreground transition-transform duration-200 group-hover:translate-x-0.5 group-hover:text-foreground"
                                  fill="none"
                                  height="24"
                                  stroke="currentColor"
                                  stroke-linecap="round"
                                  stroke-linejoin="round"
                                  stroke-width="2"
                                  viewBox="0 0 24 24"
                                  width="24"
                                  xmlns="http://www.w3.org/2000/svg"
                                >
                                  <path
                                    d="M5 12h14"
                                  />
                                  <path
                                    d="m12 5 7 7-7 7"
                                  />
                                </svg>
                              </span>
                              <span
                                class="mt-1 block text-xs leading-5 text-muted-foreground"
                              >
                                Generate the next-step checklist, owners, and proof gaps for the team to execute.
                              </span>
                            </span>
                          </div>
                        </button>
                        <button
                          class="inline-flex items-center whitespace-nowrap text-sm font-medium tracking-[-0.01em] focus-visible:outline-none focus-visible:ring-2 focus-visible:ring-ring focus-visible:ring-offset-2 disabled:pointer-events-none disabled:opacity-50 [&_svg]:pointer-events-none [&_svg]:shrink-0 hover:text-accent-foreground group h-auto justify-start rounded-2xl border px-4 py-4 text-left transition-all duration-200 border-border/60 bg-muted/[0.38] hover:border-border hover:bg-muted/[0.6]"
                          type="button"
                        >
                          <div
                            class="flex w-full items-start gap-3"
                          >
                            <span
                              class="mt-0.5 flex h-10 w-10 shrink-0 items-center justify-center rounded-2xl border text-muted-foreground transition-colors border-border/70 bg-background/75 group-hover:text-foreground"
                            >
                              <svg
                                aria-hidden="true"
                                class="lucide lucide-layers h-4.5 w-4.5"
                                fill="none"
                                height="24"
                                stroke="currentColor"
                                stroke-linecap="round"
                                stroke-linejoin="round"
                                stroke-width="2"
                                viewBox="0 0 24 24"
                                width="24"
                                xmlns="http://www.w3.org/2000/svg"
                              >
                                <path
                                  d="M12.83 2.18a2 2 0 0 0-1.66 0L2.6 6.08a1 1 0 0 0 0 1.83l8.58 3.91a2 2 0 0 0 1.66 0l8.58-3.9a1 1 0 0 0 0-1.83z"
                                />
                                <path
                                  d="M2 12a1 1 0 0 0 .58.91l8.6 3.91a2 2 0 0 0 1.65 0l8.58-3.9A1 1 0 0 0 22 12"
                                />
                                <path
                                  d="M2 17a1 1 0 0 0 .58.91l8.6 3.91a2 2 0 0 0 1.65 0l8.58-3.9A1 1 0 0 0 22 17"
                                />
                              </svg>
                            </span>
                            <span
                              class="min-w-0 flex-1"
                            >
                              <span
                                class="flex items-center justify-between gap-3"
                              >
                                <span
                                  class="text-sm font-medium text-foreground"
                                >
                                  Compare capital paths
                                </span>
                                <svg
                                  aria-hidden="true"
                                  class="lucide lucide-arrow-right h-4 w-4 shrink-0 text-muted-foreground transition-transform duration-200 group-hover:translate-x-0.5 group-hover:text-foreground"
                                  fill="none"
                                  height="24"
                                  stroke="currentColor"
                                  stroke-linecap="round"
                                  stroke-linejoin="round"
                                  stroke-width="2"
                                  viewBox="0 0 24 24"
                                  width="24"
                                  xmlns="http://www.w3.org/2000/svg"
                                >
                                  <path
                                    d="M5 12h14"
                                  />
                                  <path
                                    d="m12 5 7 7-7 7"
                                  />
                                </svg>
                              </span>
                              <span
                                class="mt-1 block text-xs leading-5 text-muted-foreground"
                              >
                                Frame debt, equity, and timing tradeoffs before the run turns into an investment memo.
                              </span>
                            </span>
                          </div>
                        </button>
                      </div>
                    </div>
                  </section>
                </div>
              </div>
            </div>
          </div>
          <div
            data-testid="chat-input"
          />
        </div>
      </section>
      <div
        class="min-h-0"
      >
        <aside
          class="hidden w-[23.5rem] border-l border-border/40 bg-muted/[0.18] px-4 py-4 lg:flex lg:flex-col"
        >
          <div
            class="min-h-0 flex-1 overflow-y-auto"
          >
            <div
              class="space-y-5"
            >
              <div
                class="rounded-[24px] border border-border/60 bg-background/90 p-4 shadow-[0_18px_45px_-36px_rgba(15,23,42,0.45)]"
              >
                <div
                  class="flex flex-col gap-3 sm:flex-row sm:items-end sm:justify-between"
                >
                  <div
                    class="space-y-1"
                  >
                    <h2
                      class="text-lg font-semibold tracking-[-0.035em] text-foreground"
                    >
                      Execution inspector
                    </h2>
                    <p
                      class="text-sm leading-6 text-muted-foreground"
                    >
                      Verification, proof status, and specialist coverage stay attached to the run.
                    </p>
                  </div>
                  <div
                    class="flex shrink-0 items-center gap-2"
                  >
                    <span
                      class="inline-flex items-center gap-2 rounded-full border border-border/60 bg-background/80 px-3 py-1.5 text-[11px] font-medium text-foreground/88"
                    >
                      <svg
                        aria-hidden="true"
                        class="lucide lucide-bot h-3.5 w-3.5 text-muted-foreground"
                        fill="none"
                        height="24"
                        stroke="currentColor"
                        stroke-linecap="round"
                        stroke-linejoin="round"
                        stroke-width="2"
                        viewBox="0 0 24 24"
                        width="24"
                        xmlns="http://www.w3.org/2000/svg"
                      >
                        <path
                          d="M12 8V4H8"
                        />
                        <rect
                          height="12"
                          rx="2"
                          width="16"
                          x="4"
                          y="8"
                        />
                        <path
                          d="M2 14h2"
                        />
                        <path
                          d="M20 14h2"
                        />
                        <path
                          d="M15 13v2"
                        />
                        <path
                          d="M9 13v2"
                        />
                      </svg>
                      <span>
                        0 saved runs
                      </span>
                    </span>
                  </div>
                </div>
              </div>
              <div
                class="grid grid-cols-2 gap-3 text-[11px]"
              >
                <div
                  class="flex items-baseline justify-between"
                >
                  <span
                    class="workspace-stat-label"
                  >
                    Thread
                  </span>
                  <span
                    class="text-xs font-medium text-foreground"
                  >
                    Draft until first response
                  </span>
                </div>
                <div
                  class="flex items-baseline justify-between"
                >
                  <span
                    class="workspace-stat-label"
                  >
                    Agent
                  </span>
                  <span
                    class="text-xs font-medium text-foreground"
                  >
                    Coordinator
                  </span>
                </div>
                <div
                  class="flex items-baseline justify-between"
                >
                  <span
                    class="workspace-stat-label"
                  >
                    Attach
                  </span>
                  <span
                    class="text-xs font-medium text-foreground"
                  >
                    General scope
                  </span>
                </div>
                <div
                  class="flex items-baseline justify-between"
                >
                  <span
                    class="workspace-stat-label"
                  >
                    History
                  </span>
                  <span
                    class="text-xs font-medium text-foreground"
                  >
                    No saved runs yet
                  </span>
                </div>
              </div>
              <div
                class="space-y-3"
                data-orientation="horizontal"
                dir="ltr"
              >
                <div
                  data-orientation="horizontal"
                  dir="ltr"
                >
                  <div
                    aria-orientation="horizontal"
                    class="min-h-10 items-center justify-center gap-1 text-muted-foreground grid h-auto w-full grid-cols-3 rounded-2xl border border-border/60 bg-muted/[0.5] p-1"
                    data-orientation="horizontal"
                    role="tablist"
                    style="outline-color: none; outline-style: none; outline-width: initial;"
                    tabindex="0"
                  >
                    <button
                      aria-controls="radix-_r_1_-content-guide"
                      aria-selected="true"
                      class="inline-flex min-h-9 items-center justify-center whitespace-nowrap border-b-2 border-transparent transition-all focus-visible:outline-none focus-visible:ring-2 focus-visible:ring-ring focus-visible:ring-offset-2 disabled:pointer-events-none disabled:opacity-50 data-[state=active]:border-foreground/80 rounded-xl px-3 py-2.5 text-xs font-medium text-muted-foreground data-[state=active]:bg-background data-[state=active]:text-foreground data-[state=active]:shadow-sm"
                      data-orientation="horizontal"
                      data-radix-collection-item=""
                      data-state="active"
                      id="radix-_r_1_-trigger-guide"
                      role="tab"
                      tabindex="-1"
                      type="button"
                    >
                      Guide
                    </button>
                    <button
                      aria-controls="radix-_r_1_-content-verification"
                      aria-selected="false"
                      class="inline-flex min-h-9 items-center justify-center whitespace-nowrap border-b-2 border-transparent transition-all focus-visible:outline-none focus-visible:ring-2 focus-visible:ring-ring focus-visible:ring-offset-2 disabled:pointer-events-none disabled:opacity-50 data-[state=active]:border-foreground/80 rounded-xl px-3 py-2.5 text-xs font-medium text-muted-foreground data-[state=active]:bg-background data-[state=active]:text-foreground data-[state=active]:shadow-sm"
                      data-orientation="horizontal"
                      data-radix-collection-item=""
                      data-state="inactive"
                      id="radix-_r_1_-trigger-verification"
                      role="tab"
                      tabindex="-1"
                      type="button"
                    >
                      Verification
                    </button>
                    <button
                      aria-controls="radix-_r_1_-content-coverage"
                      aria-selected="false"
                      class="inline-flex min-h-9 items-center justify-center whitespace-nowrap border-b-2 border-transparent transition-all focus-visible:outline-none focus-visible:ring-2 focus-visible:ring-ring focus-visible:ring-offset-2 disabled:pointer-events-none disabled:opacity-50 data-[state=active]:border-foreground/80 rounded-xl px-3 py-2.5 text-xs font-medium text-muted-foreground data-[state=active]:bg-background data-[state=active]:text-foreground data-[state=active]:shadow-sm"
                      data-orientation="horizontal"
                      data-radix-collection-item=""
                      data-state="inactive"
                      id="radix-_r_1_-trigger-coverage"
                      role="tab"
                      tabindex="-1"
                      type="button"
                    >
                      Coverage
                    </button>
                  </div>
                </div>
                <div
                  aria-labelledby="radix-_r_0_-trigger-guide"
                  class="focus-visible:outline-none focus-visible:ring-2 focus-visible:ring-ring focus-visible:ring-offset-2 mt-0 rounded-[24px] border border-border/60 bg-background/90 p-4 shadow-[0_18px_45px_-36px_rgba(15,23,42,0.45)]"
                  data-orientation="horizontal"
                  data-state="active"
                  id="radix-_r_0_-content-guide"
                  role="tabpanel"
                  tabindex="0"
                >
                  <div
                    class="space-y-2.5 text-sm leading-6"
                  >
                    <div
                      class="flex items-start gap-2.5"
                    >
                      <span
                        class="mt-0.5 flex h-5 w-5 shrink-0 items-center justify-center rounded-full border border-border/60 bg-muted/[0.45] text-[9px] font-semibold text-muted-foreground"
                      >
                        1
                      </span>
                      <div>
                        <p
                          class="text-xs font-medium text-foreground"
                        >
                          Set the scope
                        </p>
                        <p
                          class="text-xs leading-5 text-muted-foreground"
                        >
                          Lead with the parcel, deal, market, or file so the run starts from a real operating context.
                        </p>
                      </div>
                    </div>
                    <div
                      class="flex items-start gap-2.5"
                    >
                      <span
                        class="mt-0.5 flex h-5 w-5 shrink-0 items-center justify-center rounded-full border border-border/60 bg-muted/[0.45] text-[9px] font-semibold text-muted-foreground"
                      >
                        2
                      </span>
                      <div>
                        <p
                          class="text-xs font-medium text-foreground"
                        >
                          Ask for the deliverable
                        </p>
                        <p
                          class="text-xs leading-5 text-muted-foreground"
                        >
                          Name the output you need: screen, memo, checklist, comparison, or next-step plan.
                        </p>
                      </div>
                    </div>
                    <div
                      class="flex items-start gap-2.5"
                    >
                      <span
                        class="mt-0.5 flex h-5 w-5 shrink-0 items-center justify-center rounded-full border border-border/60 bg-muted/[0.45] text-[9px] font-semibold text-muted-foreground"
                      >
                        3
                      </span>
                      <div>
                        <p
                          class="text-xs font-medium text-foreground"
                        >
                          Verify before acting
                        </p>
                        <p
                          class="text-xs leading-5 text-muted-foreground"
                        >
                          Use the verification rail to inspect tool activity, handoffs, and evidence gaps before acting.
                        </p>
                      </div>
                    </div>
                  </div>
                  <div
                    class="mt-4 space-y-1 border-t border-border/50 pt-4 text-[11px] leading-5 text-muted-foreground"
                  >
                    <p>
                      <span
                        class="text-foreground/80"
                      >
                        Stateful thread
                      </span>
                       
                      Saved runs reopen from the left rail so the prompt, proof, and follow-up path stay intact across turns.
                    </p>
                    <p>
                      <span
                        class="text-foreground/80"
                      >
                        Specialist handoffs
                      </span>
                       
                      The coordinator can hand work across research, finance, risk, entitlement, diligence, and other specialists.
                    </p>
                    <p>
                      <span
                        class="text-foreground/80"
                      >
                        Tool-backed execution
                      </span>
                       
                      Live tool calls, approvals, artifacts, and map references stay visible inside the thread while the run is active.
                    </p>
                  </div>
                </div>
                <div
                  aria-labelledby="radix-_r_0_-trigger-verification"
                  class="focus-visible:outline-none focus-visible:ring-2 focus-visible:ring-ring focus-visible:ring-offset-2 mt-0 rounded-[24px] border border-border/60 bg-background/90 p-4 shadow-[0_18px_45px_-36px_rgba(15,23,42,0.45)]"
                  data-orientation="horizontal"
                  data-state="inactive"
                  hidden=""
                  id="radix-_r_0_-content-verification"
                  role="tabpanel"
                  tabindex="0"
                />
                <div
                  aria-labelledby="radix-_r_0_-trigger-coverage"
                  class="focus-visible:outline-none focus-visible:ring-2 focus-visible:ring-ring focus-visible:ring-offset-2 mt-0 space-y-4 rounded-[24px] border border-border/60 bg-background/90 p-4 shadow-[0_18px_45px_-36px_rgba(15,23,42,0.45)]"
                  data-orientation="horizontal"
                  data-state="inactive"
                  hidden=""
                  id="radix-_r_0_-content-coverage"
                  role="tabpanel"
                  tabindex="0"
                />
              </div>
            </div>
          </div>
        </aside>
      </div>
    </div>
  </div>
</div>
`;
